Component: ARM Compiler 5.06 update 4 (build 422) Tool: armlink [4d35d2]

==============================================================================

Section Cross References

    instance.o(.text) refers to deca_device.o(.text) for dwt_writetxfctrl
    instance.o(.text) refers to port.o(.text) for portGetTickCnt
    instance.o(.text) refers to instance_common.o(.text) for reportTOF
    instance.o(.text) refers to delay.o(.text) for Sleep
    instance.o(.text) refers to dfltll_clz.o(x$fpl$dfltll) for __aeabi_l2d
    instance.o(.text) refers to dmul.o(x$fpl$dmul) for __aeabi_dmul
    instance.o(.text) refers to daddsub_clz.o(x$fpl$dsub) for __aeabi_dsub
    instance.o(.text) refers to daddsub_clz.o(x$fpl$dadd) for __aeabi_dadd
    instance.o(.text) refers to ddiv.o(x$fpl$ddiv) for __aeabi_ddiv
    instance.o(.text) refers to dfix.o(x$fpl$dfix) for __aeabi_d2iz
    instance.o(.text) refers to fmul.o(x$fpl$fmul) for __aeabi_fmul
    instance.o(.text) refers to fdiv.o(x$fpl$fdiv) for __aeabi_fdiv
    instance.o(.text) refers to f2d.o(x$fpl$f2d) for __aeabi_f2d
    instance.o(.text) refers to ceil.o(i.ceil) for ceil
    instance.o(.text) refers to fflt_clz.o(x$fpl$fflt) for __aeabi_i2f
    instance.o(.text) refers to faddsub_clz.o(x$fpl$fadd) for __aeabi_fadd
    instance.o(.text) refers to instance_common.o(.bss) for instance_data
    instance.o(.text) refers to ffix.o(x$fpl$ffix) for __aeabi_f2iz
    instance.o(.text) refers to dflt_clz.o(x$fpl$dflt) for __aeabi_i2d
    instance.o(.text) refers to deca_params_init.o(.constdata) for dwnsSFDlen
    instance_calib.o(.text) refers to rt_memcpy_w.o(.text) for __aeabi_memcpy4
    instance_calib.o(.text) refers to port.o(.text) for SPI_ConfigFastRate
    instance_calib.o(.text) refers to deca_device.o(.text) for dwt_configcontinuousframemode
    instance_calib.o(.text) refers to instance_calib.o(.conststring) for .conststring
    instance_common.o(.text) refers to _printf_percent.o(.ARM.Collect$$_printf_percent$$00000000) for _printf_percent
    instance_common.o(.text) refers to _printf_d.o(.ARM.Collect$$_printf_percent$$00000009) for _printf_d
    instance_common.o(.text) refers to _printf_dec.o(.text) for _printf_int_dec
    instance_common.o(.text) refers to ddiv.o(x$fpl$ddiv) for __aeabi_ddiv
    instance_common.o(.text) refers to dfixull.o(x$fpl$llufromd) for __aeabi_d2ulz
    instance_common.o(.text) refers to dflt_clz.o(x$fpl$dflt) for __aeabi_i2d
    instance_common.o(.text) refers to dmul.o(x$fpl$dmul) for __aeabi_dmul
    instance_common.o(.text) refers to d2f.o(x$fpl$d2f) for __aeabi_d2f
    instance_common.o(.text) refers to deca_range_tables.o(.text) for dwt_getrangebias
    instance_common.o(.text) refers to daddsub_clz.o(x$fpl$drsb) for __aeabi_drsub
    instance_common.o(.text) refers to dleqf.o(x$fpl$dleqf) for __aeabi_cdcmple
    instance_common.o(.text) refers to drleqf.o(x$fpl$drleqf) for __aeabi_cdrcmple
    instance_common.o(.text) refers to deca_device.o(.text) for dwt_configeventcounters
    instance_common.o(.text) refers to rt_memcpy_w.o(.text) for __aeabi_memcpy4
    instance_common.o(.text) refers to instance_common.o(.bss) for inst_idistraw
    instance_common.o(.text) refers to port.o(.text) for portGetTickCnt
    instance_common.o(.text) refers to led.o(.text) for led_on
    instance_common.o(.text) refers to __2sprintf.o(.text) for __2sprintf
    instance_common.o(.text) refers to hw_config.o(.text) for USB_TxWrite
    instance_common.o(.text) refers to rt_memclr_w.o(.text) for __aeabi_memclr4
    instance_common.o(.text) refers to instance_calib.o(.constdata) for txSpectrumConfig
    instance_common.o(.text) refers to instance.o(.text) for instancesetreplydelay
    instance_common.o(.text) refers to dfix.o(x$fpl$dfix) for __aeabi_d2iz
    instance_common.o(.text) refers to stm32f10x_gpio.o(.text) for GPIO_ResetBits
    instance_common.o(.text) refers to delay.o(.text) for Sleep
    deca_device.o(.text) refers to deca_spi.o(.text) for writetospi_serial
    deca_device.o(.text) refers to delay.o(.text) for Sleep
    deca_device.o(.text) refers to deca_device.o(.bss) for dw1000local
    deca_device.o(.text) refers to deca_params_init.o(.constdata) for pll2calcfg
    deca_device.o(.text) refers to dflt_clz.o(x$fpl$dfltu) for __aeabi_ui2d
    deca_device.o(.text) refers to dmul.o(x$fpl$dmul) for __aeabi_dmul
    deca_device.o(.text) refers to deca_mutex.o(.text) for decamutexon
    deca_device.o(.text) refers to deca_device.o(.data) for status_idx
    deca_range_tables.o(.text) refers to f2d.o(x$fpl$f2d) for __aeabi_f2d
    deca_range_tables.o(.text) refers to dmul.o(x$fpl$dmul) for __aeabi_dmul
    deca_range_tables.o(.text) refers to dfix.o(x$fpl$dfix) for __aeabi_d2iz
    deca_range_tables.o(.text) refers to fflt_clz.o(x$fpl$fflt) for __aeabi_i2f
    deca_range_tables.o(.text) refers to deca_range_tables.o(.constdata) for chan_idxwb
    deca_mutex.o(.text) refers to port.o(.text) for EXTI_GetITEnStatus
[...]
    instancetxantdly                         0x080033bd   Thumb Code     6  instance_common.o(.text)
    instancerxantdly                         0x080033c3   Thumb Code     6  instance_common.o(.text)
    instancevalidranges                      0x080033c9   Thumb Code    16  instance_common.o(.text)
    dwt_writetodevice                        0x0800340d   Thumb Code   104  deca_device.o(.text)
    dwt_write16bitoffsetreg                  0x08003475   Thumb Code    38  deca_device.o(.text)
    dwt_write32bitoffsetreg                  0x0800349b   Thumb Code    48  deca_device.o(.text)
    dwt_readfromdevice                       0x080034cb   Thumb Code   100  deca_device.o(.text)
    dwt_read32bitoffsetreg                   0x0800352f   Thumb Code    56  deca_device.o(.text)
    _dwt_enableclocks                        0x08003567   Thumb Code   228  deca_device.o(.text)
    dwt_read16bitoffsetreg                   0x0800364b   Thumb Code    44  deca_device.o(.text)
    _dwt_loaducodefromrom                    0x08003677   Thumb Code    54  deca_device.o(.text)
    _dwt_otpread                             0x080036ad   Thumb Code    78  deca_device.o(.text)
    dwt_readdevid                            0x080036fb   Thumb Code    12  deca_device.o(.text)
    dwt_initialise                           0x08003707   Thumb Code   492  deca_device.o(.text)
    dwt_getTREKOTPantennadelay               0x080038f3   Thumb Code    70  deca_device.o(.text)
    dwt_otprevision                          0x08003939   Thumb Code     6  deca_device.o(.text)
    dwt_setGPIOforEXTTRX                     0x0800393f   Thumb Code    40  deca_device.o(.text)
    dwt_setGPIOdirection                     0x08003967   Thumb Code    42  deca_device.o(.text)
    dwt_setGPIOvalue                         0x08003991   Thumb Code    42  deca_device.o(.text)
    dwt_getldotune                           0x080039bb   Thumb Code     8  deca_device.o(.text)
    dwt_getpartid                            0x080039c3   Thumb Code     6  deca_device.o(.text)
    dwt_getlotid                             0x080039c9   Thumb Code     6  deca_device.o(.text)
    dwt_configuretxrf                        0x080039cf   Thumb Code    28  deca_device.o(.text)
    dwt_getotptxpower                        0x080039eb   Thumb Code    22  deca_device.o(.text)
    dwt_settxantennadelay                    0x08003a01   Thumb Code    20  deca_device.o(.text)
    dwt_setrxantennadelay                    0x08003a15   Thumb Code    22  deca_device.o(.text)
    dwt_xtaltrim                             0x08003a2b   Thumb Code    52  deca_device.o(.text)
    _dwt_configlde                           0x08003a5f   Thumb Code    56  deca_device.o(.text)
    dwt_configure                            0x08003a97   Thumb Code   638  deca_device.o(.text)
    dwt_readantennadelay                     0x08003d15   Thumb Code    16  deca_device.o(.text)
    dwt_writetxdata                          0x08003d25   Thumb Code    38  deca_device.o(.text)
    dwt_writetxfctrl                         0x08003d4b   Thumb Code    30  deca_device.o(.text)
    dwt_readrxdata                           0x08003d69   Thumb Code    22  deca_device.o(.text)
    dwt_readaccdata                          0x08003d7f   Thumb Code    34  deca_device.o(.text)
    dwt_readdignostics                       0x08003da1   Thumb Code    96  deca_device.o(.text)
    dwt_readtxtimestamp                      0x08003e01   Thumb Code    18  deca_device.o(.text)
    dwt_readtxtimestamphi32                  0x08003e13   Thumb Code    12  deca_device.o(.text)
    dwt_readtxtimestamplo32                  0x08003e1f   Thumb Code    12  deca_device.o(.text)
    dwt_readrxtimestamp                      0x08003e2b   Thumb Code    18  deca_device.o(.text)
    dwt_readrxtimestamphi32                  0x08003e3d   Thumb Code    12  deca_device.o(.text)
    dwt_readrxtimestamplo32                  0x08003e49   Thumb Code    12  deca_device.o(.text)
    dwt_readsystimestamphi32                 0x08003e55   Thumb Code    12  deca_device.o(.text)
    dwt_readsystime                          0x08003e61   Thumb Code    18  deca_device.o(.text)
    dwt_enableframefilter                    0x08003e73   Thumb Code    54  deca_device.o(.text)
    dwt_setpanid                             0x08003ea9   Thumb Code    16  deca_device.o(.text)
    dwt_setaddress16                         0x08003eb9   Thumb Code    16  deca_device.o(.text)
    dwt_seteui                               0x08003ec9   Thumb Code    18  deca_device.o(.text)
    dwt_geteui                               0x08003edb   Thumb Code    18  deca_device.o(.text)
    _dwt_otpsetmrregs                        0x08003eed   Thumb Code   630  deca_device.o(.text)
    _dwt_otpprogword32                       0x08004163   Thumb Code   176  deca_device.o(.text)
    dwt_otpwriteandverify                    0x08004213   Thumb Code    94  deca_device.o(.text)
    _dwt_aonconfigupload                     0x08004271   Thumb Code    36  deca_device.o(.text)
    _dwt_aonarrayupload                      0x08004295   Thumb Code    36  deca_device.o(.text)
    dwt_entersleep                           0x080042b9   Thumb Code     8  deca_device.o(.text)
    dwt_configuresleepcnt                    0x080042c1   Thumb Code   132  deca_device.o(.text)
    dwt_calibratesleepcnt                    0x08004345   Thumb Code   260  deca_device.o(.text)
    dwt_configuresleep                       0x08004449   Thumb Code    32  deca_device.o(.text)
    dwt_entersleepaftertx                    0x08004469   Thumb Code    38  deca_device.o(.text)
    dwt_spicswakeup                          0x0800448f   Thumb Code    58  deca_device.o(.text)
    dwt_loadopsettabfromotp                  0x080044c9   Thumb Code    56  deca_device.o(.text)
    dwt_setsmarttxpower                      0x08004501   Thumb Code    56  deca_device.o(.text)
    dwt_enableautoack                        0x08004539   Thumb Code    40  deca_device.o(.text)
    dwt_setdblrxbuffmode                     0x08004561   Thumb Code    58  deca_device.o(.text)
    dwt_setautorxreenable                    0x0800459b   Thumb Code    58  deca_device.o(.text)
    dwt_setrxaftertxdelay                    0x080045d5   Thumb Code    36  deca_device.o(.text)
    dwt_setcallbacks                         0x080045f9   Thumb Code    12  deca_device.o(.text)
    dwt_checkIRQ                             0x08004605   Thumb Code    24  deca_device.o(.text)
    dwt_rxreset                              0x0800461d   Thumb Code    36  deca_device.o(.text)
    dwt_syncrxbufptrs                        0x08004641   Thumb Code    56  deca_device.o(.text)
    dwt_forcetrxoff                          0x08004679   Thumb Code    84  deca_device.o(.text)
    dwt_checkoverrun                         0x080046cd   Thumb Code    16  deca_device.o(.text)
    dwt_isr                                  0x080046dd   Thumb Code   936  deca_device.o(.text)
    dwt_setleds                              0x08004a85   Thumb Code   210  deca_device.o(.text)
    _dwt_disablesequencing                   0x08004b57   Thumb Code    20  deca_device.o(.text)
    dwt_setdelayedtrxtime                    0x08004b6b   Thumb Code    16  deca_device.o(.text)
    dwt_starttx                              0x08004b7b   Thumb Code   150  deca_device.o(.text)
    dwt_setrxmode                            0x08004c11   Thumb Code    54  deca_device.o(.text)
    dwt_rxenable                             0x08004c47   Thumb Code    98  deca_device.o(.text)
    dwt_setrxtimeout                         0x08004ca9   Thumb Code   102  deca_device.o(.text)
    dwt_setpreambledetecttimeout             0x08004d0f   Thumb Code    16  deca_device.o(.text)
    dwt_setinterrupt                         0x08004d1f   Thumb Code    52  deca_device.o(.text)
    dwt_configeventcounters                  0x08004d53   Thumb Code    44  deca_device.o(.text)
    dwt_readeventcounters                    0x08004d7f   Thumb Code   138  deca_device.o(.text)
    dwt_softreset                            0x08004e09   Thumb Code   108  deca_device.o(.text)
    dwt_configcwmode                         0x08004e75   Thumb Code   144  deca_device.o(.text)
    dwt_configcontinuousframemode            0x08004f05   Thumb Code    78  deca_device.o(.text)
    dwt_readtempvbat                         0x08004f53   Thumb Code   174  deca_device.o(.text)
    dwt_readwakeuptemp                       0x08005001   Thumb Code    20  deca_device.o(.text)
    dwt_readwakeupvbat                       0x08005015   Thumb Code    20  deca_device.o(.text)
    dwt_getrangebias                         0x08005041   Thumb Code   254  deca_range_tables.o(.text)
    decamutexon                              0x08005165   Thumb Code    34  deca_mutex.o(.text)
    decamutexoff                             0x08005187   Thumb Code    28  deca_mutex.o(.text)
    openspi                                  0x080051a9   Thumb Code     4  deca_spi.o(.text)
    closespi                                 0x080051ad   Thumb Code    28  deca_spi.o(.text)
    writetospi_serial                        0x080051c9   Thumb Code   116  deca_spi.o(.text)
    readfromspi_serial                       0x0800523d   Thumb Code   118  deca_spi.o(.text)
    Check_cmd                                0x080052bd   Thumb Code    54  device_info.o(.text)
    Get_UniqueID                             0x080052f3   Thumb Code    46  device_info.o(.text)
    Flash_Configuration                      0x08005321   Thumb Code   206  device_info.o(.text)
    RouterInfo_Write_to_Flash                0x080053ef   Thumb Code     6  device_info.o(.text)
    My_STMFLASH_Write                        0x080053f5   Thumb Code    14  device_info.o(.text)
    addressconfigure                         0x08005439   Thumb Code    76  main.o(.text)
    decarangingmode                          0x08005485   Thumb Code    22  main.o(.text)
    inittestapplication                      0x0800549b   Thumb Code   356  main.o(.text)
    process_dwRSTn_irq                       0x080055ff   Thumb Code    10  main.o(.text)
    process_deca_irq                         0x08005609   Thumb Code    22  main.o(.text)
    configure_continuous_txspectrum_mode     0x0800561f   Thumb Code    18  main.o(.text)
    Transfer_Byte                            0x08005631   Thumb Code    40  main.o(.text)
    Check_Switch_Status                      0x08005659   Thumb Code    22  main.o(.text)
    Display_SwitchInfo                       0x0800566f   Thumb Code   130  main.o(.text)
    main                                     0x080056f1   Thumb Code  1362  main.o(.text)
    NMI_Handler                              0x08005d3d   Thumb Code     2  stm32f10x_it.o(.text)
    HardFault_Handler                        0x08005d3f   Thumb Code     4  stm32f10x_it.o(.text)
    MemManage_Handler                        0x08005d43   Thumb Code     4  stm32f10x_it.o(.text)
    BusFault_Handler                         0x08005d47   Thumb Code     4  stm32f10x_it.o(.text)
    UsageFault_Handler                       0x08005d4b   Thumb Code     4  stm32f10x_it.o(.text)
    SVC_Handler                              0x08005d4f   Thumb Code     2  stm32f10x_it.o(.text)
    DebugMon_Handler                         0x08005d51   Thumb Code     2  stm32f10x_it.o(.text)
    PendSV_Handler                           0x08005d53   Thumb Code     2  stm32f10x_it.o(.text)
    SysTick_Handler                          0x08005d55   Thumb Code    12  stm32f10x_it.o(.text)
    EXTI15_10_IRQHandler                     0x08005d61   Thumb Code    16  stm32f10x_it.o(.text)
    EXTI0_IRQHandler                         0x08005d71   Thumb Code    14  stm32f10x_it.o(.text)
    EXTI3_IRQHandler                         0x08005d7f   Thumb Code    14  stm32f10x_it.o(.text)
    EXTI9_5_IRQHandler                       0x08005d8d   Thumb Code    14  stm32f10x_it.o(.text)
    GPIO_Configuration                       0x08005da1   Thumb Code   102  led.o(.text)
    led_off                                  0x08005e07   Thumb Code    80  led.o(.text)
    led_on                                   0x08005e57   Thumb Code    80  led.o(.text)
    CPU_TS_TmrInit                           0x08005ed5   Thumb Code    34  port.o(.text)
    OS_TS_GET                                0x08005ef7   Thumb Code     6  port.o(.text)
    CPU_Init                                 0x08005efd   Thumb Code     8  port.o(.text)
    No_Configuration                         0x08005f05   Thumb Code     6  port.o(.text)
    portGetTickCnt                           0x08005f0b   Thumb Code     6  port.o(.text)
    SysTick_Configuration                    0x08005f11   Thumb Code    78  port.o(.text)
    NVIC_DisableDECAIRQ                      0x08005f5f   Thumb Code    34  port.o(.text)
    NVIC_Configuration                       0x08005f81   Thumb Code   102  port.o(.text)
    EXTI_GetITEnStatus                       0x08005fe7   Thumb Code    24  port.o(.text)
    RCC_Configuration                        0x08005fff   Thumb Code   154  port.o(.text)
    SPI_ChangeRate                           0x08006099   Thumb Code    22  port.o(.text)
    SPI_ConfigFastRate                       0x080060af   Thumb Code    84  port.o(.text)
    SPI_Configuration                        0x08006103   Thumb Code   172  port.o(.text)
    reset_DW1000                             0x080061af   Thumb Code    70  port.o(.text)
    setup_DW1000RSTnIRQ                      0x080061f5   Thumb Code   160  port.o(.text)
    is_IRQ_enabled                           0x08006295   Thumb Code    52  port.o(.text)
    peripherals_init                         0x080062c9   Thumb Code    22  port.o(.text)
    STMFLASH_ReadHalfWord                    0x080062e1   Thumb Code     6  stmflash.o(.text)
    STMFLASH_Write_NoCheck                   0x080062e7   Thumb Code    38  stmflash.o(.text)
    STMFLASH_Read                            0x0800630d   Thumb Code    34  stmflash.o(.text)
    STMFLASH_Write                           0x0800632f   Thumb Code   222  stmflash.o(.text)
    Test_Write                               0x0800640d   Thumb Code    16  stmflash.o(.text)
    Set_System                               0x08006425   Thumb Code    92  hw_config.o(.text)
    Set_USBClock                             0x08006481   Thumb Code    18  hw_config.o(.text)
    Enter_LowPowerMode                       0x08006493   Thumb Code     8  hw_config.o(.text)
    Leave_LowPowerMode                       0x0800649b   Thumb Code    22  hw_config.o(.text)
    USB_Interrupts_Config                    0x080064b1   Thumb Code    52  hw_config.o(.text)
    USB_Cable_Config                         0x080064e5   Thumb Code    26  hw_config.o(.text)
    USB_Config                               0x080064ff   Thumb Code    20  hw_config.o(.text)
    USB_RxRead                               0x08006513   Thumb Code    18  hw_config.o(.text)
    USB_RxWrite                              0x08006525   Thumb Code    18  hw_config.o(.text)
    USB_TxRead                               0x08006537   Thumb Code    18  hw_config.o(.text)
    USB_TxWrite                              0x08006549   Thumb Code    18  hw_config.o(.text)
    Get_SerialNum                            0x08006599   Thumb Code    42  hw_config.o(.text)
    EP1_IN_Callback                          0x080065ed   Thumb Code    66  usb_endp.o(.text)
    EP3_OUT_Callback                         0x0800662f   Thumb Code    28  usb_endp.o(.text)
    SOF_Callback                             0x0800664b   Thumb Code    84  usb_endp.o(.text)
    USB_Istr                                 0x080066b5   Thumb Code   426  usb_istr.o(.text)
    USB_LP_CAN1_RX0_IRQHandler               0x08006885   Thumb Code     8  usb_it.o(.text)
    USBWakeUp_IRQHandler                     0x0800688d   Thumb Code    12  usb_it.o(.text)
    Virtual_Com_Port_init                    0x08006899   Thumb Code    30  usb_prop.o(.text)
    Virtual_Com_Port_Reset                   0x080068b7   Thumb Code   216  usb_prop.o(.text)
    Virtual_Com_Port_SetConfiguration        0x0800698f   Thumb Code    14  usb_prop.o(.text)
    Virtual_Com_Port_SetDeviceAddress        0x0800699d   Thumb Code     8  usb_prop.o(.text)
    Virtual_Com_Port_Status_In               0x080069a5   Thumb Code    16  usb_prop.o(.text)
    Virtual_Com_Port_Status_Out              0x080069b5   Thumb Code     2  usb_prop.o(.text)
    Virtual_Com_Port_SetLineCoding           0x080069b7   Thumb Code    20  usb_prop.o(.text)
    Virtual_Com_Port_GetLineCoding           0x080069cb   Thumb Code    20  usb_prop.o(.text)
    Virtual_Com_Port_Data_Setup              0x080069df   Thumb Code    86  usb_prop.o(.text)
    Virtual_Com_Port_NoData_Setup            0x08006a35   Thumb Code    36  usb_prop.o(.text)
    Virtual_Com_Port_GetDeviceDescriptor     0x08006a59   Thumb Code    14  usb_prop.o(.text)
    Virtual_Com_Port_GetConfigDescriptor     0x08006a67   Thumb Code    14  usb_prop.o(.text)
    Virtual_Com_Port_GetStringDescriptor     0x08006a75   Thumb Code    32  usb_prop.o(.text)
    Virtual_Com_Port_Get_Interface_Setting   0x08006a95   Thumb Code    22  usb_prop.o(.text)
    PowerOn                                  0x08006ad5   Thumb Code    54  usb_pwr.o(.text)
    PowerOff                                 0x08006b0b   Thumb Code    28  usb_pwr.o(.text)
    Suspend                                  0x08006b27   Thumb Code   238  usb_pwr.o(.text)
    Resume_Init                              0x08006c15   Thumb Code    30  usb_pwr.o(.text)
    Resume                                   0x08006c33   Thumb Code   194  usb_pwr.o(.text)
    Standard_GetConfiguration                0x08006d15   Thumb Code    34  usb_core.o(.text)
    Standard_SetConfiguration                0x08006d37   Thumb Code    60  usb_core.o(.text)
    Standard_GetInterface                    0x08006d73   Thumb Code    34  usb_core.o(.text)
    Standard_SetInterface                    0x08006d95   Thumb Code    96  usb_core.o(.text)
    Standard_GetStatus                       0x08006df5   Thumb Code   238  usb_core.o(.text)
    Standard_ClearFeature                    0x08006ee3   Thumb Code   342  usb_core.o(.text)
    Standard_SetEndPointFeature              0x08007039   Thumb Code   220  usb_core.o(.text)
    Standard_SetDeviceFeature                0x08007115   Thumb Code    30  usb_core.o(.text)
    Standard_GetDescriptorData               0x08007133   Thumb Code    32  usb_core.o(.text)
    Post0_Process                            0x08007667   Thumb Code    54  usb_core.o(.text)
    Setup0_Process                           0x0800769d   Thumb Code   170  usb_core.o(.text)
    SetDeviceAddress                         0x08007747   Thumb Code    70  usb_core.o(.text)
    In0_Process                              0x0800778d   Thumb Code    98  usb_core.o(.text)
    Out0_Process                             0x080077ef   Thumb Code    70  usb_core.o(.text)
    NOP_Process                              0x08007835   Thumb Code     2  usb_core.o(.text)
    USB_Init                                 0x08007865   Thumb Code    36  usb_init.o(.text)
    CTR_LP                                   0x080078a1   Thumb Code   616  usb_int.o(.text)
    CTR_HP                                   0x08007b09   Thumb Code   178  usb_int.o(.text)
    UserToPMABufferCopy                      0x08007bdd   Thumb Code    52  usb_mem.o(.text)
    PMAToUserBufferCopy                      0x08007c11   Thumb Code    34  usb_mem.o(.text)
    SetCNTR                                  0x08007c39   Thumb Code     6  usb_regs.o(.text)
    GetCNTR                                  0x08007c3f   Thumb Code     8  usb_regs.o(.text)
    SetISTR                                  0x08007c47   Thumb Code     8  usb_regs.o(.text)
    GetISTR                                  0x08007c4f   Thumb Code    10  usb_regs.o(.text)
    GetFNR                                   0x08007c59   Thumb Code    10  usb_regs.o(.text)
    SetDADDR                                 0x08007c63   Thumb Code     8  usb_regs.o(.text)
    GetDADDR                                 0x08007c6b   Thumb Code    10  usb_regs.o(.text)
    SetBTABLE                                0x08007c75   Thumb Code    14  usb_regs.o(.text)
    GetBTABLE                                0x08007c83   Thumb Code    10  usb_regs.o(.text)
    SetENDPOINT                              0x08007c8d   Thumb Code    12  usb_regs.o(.text)
    GetENDPOINT                              0x08007c99   Thumb Code    16  usb_regs.o(.text)
    SetEPType                                0x08007ca9   Thumb Code    32  usb_regs.o(.text)
    GetEPType                                0x08007cc9   Thumb Code    18  usb_regs.o(.text)
    SetEPTxStatus                            0x08007cdb   Thumb Code    60  usb_regs.o(.text)
    SetEPRxStatus                            0x08007d17   Thumb Code    60  usb_regs.o(.text)
    SetDouBleBuffEPStall                     0x08007d53   Thumb Code    54  usb_regs.o(.text)
    GetEPTxStatus                            0x08007d89   Thumb Code    18  usb_regs.o(.text)
    GetEPRxStatus                            0x08007d9b   Thumb Code    18  usb_regs.o(.text)
    SetEPTxValid                             0x08007dad   Thumb Code    48  usb_regs.o(.text)
    SetEPRxValid                             0x08007ddd   Thumb Code    48  usb_regs.o(.text)
    SetEP_KIND                               0x08007e0d   Thumb Code    38  usb_regs.o(.text)
    ClearEP_KIND                             0x08007e33   Thumb Code    34  usb_regs.o(.text)
    Clear_Status_Out                         0x08007e55   Thumb Code    34  usb_regs.o(.text)
    Set_Status_Out                           0x08007e77   Thumb Code    38  usb_regs.o(.text)
    SetEPDoubleBuff                          0x08007e9d   Thumb Code    38  usb_regs.o(.text)
    ClearEPDoubleBuff                        0x08007ec3   Thumb Code    34  usb_regs.o(.text)
    GetTxStallStatus                         0x08007ee5   Thumb Code    28  usb_regs.o(.text)
    GetRxStallStatus                         0x08007f01   Thumb Code    30  usb_regs.o(.text)
    ClearEP_CTR_RX                           0x08007f1f   Thumb Code    32  usb_regs.o(.text)
    ClearEP_CTR_TX                           0x08007f3f   Thumb Code    28  usb_regs.o(.text)
    ToggleDTOG_RX                            0x08007f5b   Thumb Code    34  usb_regs.o(.text)
    ToggleDTOG_TX                            0x08007f7d   Thumb Code    34  usb_regs.o(.text)
    ClearDTOG_RX                             0x08007f9f   Thumb Code    48  usb_regs.o(.text)
    ClearDTOG_TX                             0x08007fcf   Thumb Code    48  usb_regs.o(.text)
    SetEPAddress                             0x08007fff   Thumb Code    46  usb_regs.o(.text)
    GetEPAddress                             0x0800802d   Thumb Code    18  usb_regs.o(.text)
    SetEPTxAddr                              0x0800803f   Thumb Code    24  usb_regs.o(.text)
    SetEPRxAddr                              0x08008057   Thumb Code    26  usb_regs.o(.text)
    GetEPTxAddr                              0x08008071   Thumb Code    22  usb_regs.o(.text)
    GetEPRxAddr                              0x08008087   Thumb Code    24  usb_regs.o(.text)
    SetEPTxCount                             0x0800809f   Thumb Code    20  usb_regs.o(.text)
    SetEPCountRxReg                          0x080080b3   Thumb Code    48  usb_regs.o(.text)
    SetEPRxCount                             0x080080e3   Thumb Code    68  usb_regs.o(.text)
    GetEPTxCount                             0x08008127   Thumb Code    26  usb_regs.o(.text)
    GetEPRxCount                             0x08008141   Thumb Code    26  usb_regs.o(.text)
    SetEPDblBuffAddr                         0x0800815b   Thumb Code    44  usb_regs.o(.text)
    SetEPDblBuf0Addr                         0x08008187   Thumb Code    24  usb_regs.o(.text)
    SetEPDblBuf1Addr                         0x0800819f   Thumb Code    26  usb_regs.o(.text)
    GetEPDblBuf0Addr                         0x080081b9   Thumb Code    22  usb_regs.o(.text)
    GetEPDblBuf1Addr                         0x080081cf   Thumb Code    24  usb_regs.o(.text)
    SetEPDblBuffCount                        0x080081e7   Thumb Code   186  usb_regs.o(.text)
    SetEPDblBuf0Count                        0x080082a1   Thumb Code    96  usb_regs.o(.text)
    SetEPDblBuf1Count                        0x08008301   Thumb Code    96  usb_regs.o(.text)
    GetEPDblBuf0Count                        0x08008361   Thumb Code    26  usb_regs.o(.text)
    GetEPDblBuf1Count                        0x0800837b   Thumb Code    26  usb_regs.o(.text)
    GetEPDblBufDir                           0x08008395   Thumb Code    62  usb_regs.o(.text)
    FreeUserBuffer                           0x080083d3   Thumb Code    90  usb_regs.o(.text)
    ToWord                                   0x0800842d   Thumb Code     8  usb_regs.o(.text)
    ByteSwap                                 0x08008435   Thumb Code    12  usb_regs.o(.text)
    USB_SIL_Init                             0x08008441   Thumb Code    28  usb_sil.o(.text)
    USB_SIL_Write                            0x0800845d   Thumb Code    46  usb_sil.o(.text)
    USB_SIL_Read                             0x0800848b   Thumb Code    46  usb_sil.o(.text)
    delay_init                               0x080084c1   Thumb Code    50  delay.o(.text)
    delay_us                                 0x080084f3   Thumb Code    72  delay.o(.text)
    delay_ms                                 0x0800853b   Thumb Code    72  delay.o(.text)
    Sleep                                    0x08008583   Thumb Code    24  delay.o(.text)
    _sys_exit                                0x080085ad   Thumb Code     6  usart.o(.text)
    fputc                                    0x080085b3   Thumb Code    24  usart.o(.text)
    uart_init                                0x080085cb   Thumb Code   158  usart.o(.text)
    USART1_Send_Hex                          0x08008669   Thumb Code    28  usart.o(.text)
    USART1_Send_PartialCommand               0x08008685   Thumb Code    22  usart.o(.text)
    GetRecSwtich                             0x0800869b   Thumb Code    86  usart.o(.text)
    USART1_IRQHandler                        0x080086f1   Thumb Code   206  usart.o(.text)
    MYDMA_Config                             0x080087e1   Thumb Code    82  dma.o(.text)
    MYDMA_Enable                             0x08008833   Thumb Code    32  dma.o(.text)
    QUEUE_PacketCreate                       0x08008861   Thumb Code    14  queue.o(.text)
    QUEUE_PacketIn                           0x0800886f   Thumb Code    60  queue.o(.text)
    QUEUE_PacketOut                          0x080088ab   Thumb Code    58  queue.o(.text)
    QUEUE_PacketLengthGet                    0x080088e5   Thumb Code    44  queue.o(.text)
    QUEUE_PacketStartEndDifferentCharSplit   0x08008911   Thumb Code   246  queue.o(.text)
    QUEUE_PacketStartEndCharSplit            0x08008a07   Thumb Code   270  queue.o(.text)
    QUEUE_PacketCharSplit                    0x08008b15   Thumb Code   164  queue.o(.text)
    QUEUE_PacketDoubleEndCharSplit           0x08008bb9   Thumb Code   180  queue.o(.text)
    QUEUE_StructCreate                       0x08008c6d   Thumb Code    22  queue.o(.text)
    QUEUE_StructIn                           0x08008c83   Thumb Code    80  queue.o(.text)
    QUEUE_StructOut                          0x08008cd3   Thumb Code    80  queue.o(.text)
    QUEUE_StructCountGet                     0x08008d23   Thumb Code    40  queue.o(.text)
    NVIC_PriorityGroupConfig                 0x08008d4d   Thumb Code    10  misc.o(.text)
    NVIC_Init                                0x08008d57   Thumb Code   100  misc.o(.text)
    NVIC_SetVectorTable                      0x08008dbb   Thumb Code    14  misc.o(.text)
    NVIC_SystemLPConfig                      0x08008dc9   Thumb Code    34  misc.o(.text)
    SysTick_CLKSourceConfig                  0x08008deb   Thumb Code    40  misc.o(.text)
    DMA_DeInit                               0x08008e29   Thumb Code   324  stm32f10x_dma.o(.text)
    DMA_Init                                 0x08008f6d   Thumb Code    60  stm32f10x_dma.o(.text)
    DMA_StructInit                           0x08008fa9   Thumb Code    26  stm32f10x_dma.o(.text)
    DMA_Cmd                                  0x08008fc3   Thumb Code    24  stm32f10x_dma.o(.text)
    DMA_ITConfig                             0x08008fdb   Thumb Code    18  stm32f10x_dma.o(.text)
    DMA_SetCurrDataCounter                   0x08008fed   Thumb Code     4  stm32f10x_dma.o(.text)
    DMA_GetCurrDataCounter                   0x08008ff1   Thumb Code     8  stm32f10x_dma.o(.text)
    DMA_GetFlagStatus                        0x08008ff9   Thumb Code    40  stm32f10x_dma.o(.text)
    DMA_ClearFlag                            0x08009021   Thumb Code    22  stm32f10x_dma.o(.text)
    DMA_GetITStatus                          0x08009037   Thumb Code    40  stm32f10x_dma.o(.text)
    DMA_ClearITPendingBit                    0x0800905f   Thumb Code    22  stm32f10x_dma.o(.text)
    EXTI_DeInit                              0x0800907d   Thumb Code    28  stm32f10x_exti.o(.text)
    EXTI_Init                                0x08009099   Thumb Code   142  stm32f10x_exti.o(.text)
    EXTI_StructInit                          0x08009127   Thumb Code    16  stm32f10x_exti.o(.text)
    EXTI_GenerateSWInterrupt                 0x08009137   Thumb Code    16  stm32f10x_exti.o(.text)
    EXTI_GetFlagStatus                       0x08009147   Thumb Code    22  stm32f10x_exti.o(.text)
    EXTI_ClearFlag                           0x0800915d   Thumb Code     8  stm32f10x_exti.o(.text)
    EXTI_GetITStatus                         0x08009165   Thumb Code    34  stm32f10x_exti.o(.text)
    EXTI_ClearITPendingBit                   0x08009187   Thumb Code     8  stm32f10x_exti.o(.text)
    FLASH_SetLatency                         0x08009199   Thumb Code    18  stm32f10x_flash.o(.text)
    FLASH_HalfCycleAccessCmd                 0x080091ab   Thumb Code    22  stm32f10x_flash.o(.text)
    FLASH_PrefetchBufferCmd                  0x080091c1   Thumb Code    22  stm32f10x_flash.o(.text)
    FLASH_Unlock                             0x080091d7   Thumb Code    12  stm32f10x_flash.o(.text)
    FLASH_UnlockBank1                        0x080091e3   Thumb Code    12  stm32f10x_flash.o(.text)
    FLASH_Lock                               0x080091ef   Thumb Code    14  stm32f10x_flash.o(.text)
    FLASH_LockBank1                          0x080091fd   Thumb Code    14  stm32f10x_flash.o(.text)
    FLASH_GetBank1Status                     0x0800920b   Thumb Code    48  stm32f10x_flash.o(.text)
    FLASH_WaitForLastOperation               0x0800923b   Thumb Code    38  stm32f10x_flash.o(.text)
    FLASH_ErasePage                          0x08009261   Thumb Code    72  stm32f10x_flash.o(.text)
    FLASH_EraseAllPages                      0x080092a9   Thumb Code    68  stm32f10x_flash.o(.text)
    FLASH_WaitForLastBank1Operation          0x080092ed   Thumb Code    38  stm32f10x_flash.o(.text)
    FLASH_EraseAllBank1Pages                 0x08009313   Thumb Code    68  stm32f10x_flash.o(.text)
    FLASH_GetReadOutProtectionStatus         0x08009357   Thumb Code    20  stm32f10x_flash.o(.text)
    FLASH_EraseOptionBytes                   0x0800936b   Thumb Code   150  stm32f10x_flash.o(.text)
    FLASH_ProgramWord                        0x08009401   Thumb Code   102  stm32f10x_flash.o(.text)
    FLASH_ProgramHalfWord                    0x08009467   Thumb Code    60  stm32f10x_flash.o(.text)
    FLASH_ProgramOptionByteData              0x080094a3   Thumb Code    72  stm32f10x_flash.o(.text)
    FLASH_EnableWriteProtection              0x080094eb   Thumb Code   200  stm32f10x_flash.o(.text)
    FLASH_ReadOutProtection                  0x080095b3   Thumb Code   156  stm32f10x_flash.o(.text)
    FLASH_UserOptionByteConfig               0x0800964f   Thumb Code    88  stm32f10x_flash.o(.text)
    FLASH_GetUserOptionByte                  0x080096a7   Thumb Code     8  stm32f10x_flash.o(.text)
    FLASH_GetWriteProtectionOptionByte       0x080096af   Thumb Code     6  stm32f10x_flash.o(.text)
    FLASH_GetPrefetchBufferStatus            0x080096b5   Thumb Code    20  stm32f10x_flash.o(.text)
    FLASH_ITConfig                           0x080096c9   Thumb Code    26  stm32f10x_flash.o(.text)
    FLASH_GetFlagStatus                      0x080096e3   Thumb Code    42  stm32f10x_flash.o(.text)
    FLASH_ClearFlag                          0x0800970d   Thumb Code     6  stm32f10x_flash.o(.text)
    FLASH_GetStatus                          0x08009713   Thumb Code    48  stm32f10x_flash.o(.text)
    GPIO_DeInit                              0x08009755   Thumb Code   172  stm32f10x_gpio.o(.text)
    GPIO_AFIODeInit                          0x08009801   Thumb Code    20  stm32f10x_gpio.o(.text)
    GPIO_Init                                0x08009815   Thumb Code   278  stm32f10x_gpio.o(.text)
    GPIO_StructInit                          0x0800992b   Thumb Code    16  stm32f10x_gpio.o(.text)
    GPIO_ReadInputDataBit                    0x0800993b   Thumb Code    18  stm32f10x_gpio.o(.text)
    GPIO_ReadInputData                       0x0800994d   Thumb Code     8  stm32f10x_gpio.o(.text)
    GPIO_ReadOutputDataBit                   0x08009955   Thumb Code    18  stm32f10x_gpio.o(.text)
    GPIO_ReadOutputData                      0x08009967   Thumb Code     8  stm32f10x_gpio.o(.text)
    GPIO_SetBits                             0x0800996f   Thumb Code     4  stm32f10x_gpio.o(.text)
    GPIO_ResetBits                           0x08009973   Thumb Code     4  stm32f10x_gpio.o(.text)
    GPIO_WriteBit                            0x08009977   Thumb Code    10  stm32f10x_gpio.o(.text)
    GPIO_Write                               0x08009981   Thumb Code     4  stm32f10x_gpio.o(.text)
    GPIO_PinLockConfig                       0x08009985   Thumb Code    18  stm32f10x_gpio.o(.text)
    GPIO_EventOutputConfig                   0x08009997   Thumb Code    26  stm32f10x_gpio.o(.text)
    GPIO_EventOutputCmd                      0x080099b1   Thumb Code     6  stm32f10x_gpio.o(.text)
    GPIO_PinRemapConfig                      0x080099b7   Thumb Code   138  stm32f10x_gpio.o(.text)
    GPIO_EXTILineConfig                      0x08009a41   Thumb Code    66  stm32f10x_gpio.o(.text)
    GPIO_ETH_MediaInterfaceConfig            0x08009a83   Thumb Code     8  stm32f10x_gpio.o(.text)
    RCC_DeInit                               0x08009ab1   Thumb Code    64  stm32f10x_rcc.o(.text)
    RCC_HSEConfig                            0x08009af1   Thumb Code    70  stm32f10x_rcc.o(.text)
    RCC_GetFlagStatus                        0x08009b37   Thumb Code    56  stm32f10x_rcc.o(.text)
    RCC_WaitForHSEStartUp                    0x08009b6f   Thumb Code    56  stm32f10x_rcc.o(.text)
    RCC_AdjustHSICalibrationValue            0x08009ba7   Thumb Code    20  stm32f10x_rcc.o(.text)
    RCC_HSICmd                               0x08009bbb   Thumb Code     6  stm32f10x_rcc.o(.text)
    RCC_PLLConfig                            0x08009bc1   Thumb Code    24  stm32f10x_rcc.o(.text)
    RCC_PLLCmd                               0x08009bd9   Thumb Code     6  stm32f10x_rcc.o(.text)
    RCC_SYSCLKConfig                         0x08009bdf   Thumb Code    18  stm32f10x_rcc.o(.text)
    RCC_GetSYSCLKSource                      0x08009bf1   Thumb Code    10  stm32f10x_rcc.o(.text)
    RCC_HCLKConfig                           0x08009bfb   Thumb Code    18  stm32f10x_rcc.o(.text)
    RCC_PCLK1Config                          0x08009c0d   Thumb Code    18  stm32f10x_rcc.o(.text)
    RCC_PCLK2Config                          0x08009c1f   Thumb Code    20  stm32f10x_rcc.o(.text)
    RCC_ITConfig                             0x08009c33   Thumb Code    26  stm32f10x_rcc.o(.text)
    RCC_USBCLKConfig                         0x08009c4d   Thumb Code     8  stm32f10x_rcc.o(.text)
    RCC_ADCCLKConfig                         0x08009c55   Thumb Code    18  stm32f10x_rcc.o(.text)
    RCC_LSEConfig                            0x08009c67   Thumb Code    50  stm32f10x_rcc.o(.text)
    RCC_LSICmd                               0x08009c99   Thumb Code     6  stm32f10x_rcc.o(.text)
    RCC_RTCCLKConfig                         0x08009c9f   Thumb Code    12  stm32f10x_rcc.o(.text)
    RCC_RTCCLKCmd                            0x08009cab   Thumb Code     8  stm32f10x_rcc.o(.text)
    RCC_GetClocksFreq                        0x08009cb3   Thumb Code   192  stm32f10x_rcc.o(.text)
    RCC_AHBPeriphClockCmd                    0x08009d73   Thumb Code    26  stm32f10x_rcc.o(.text)
    RCC_APB2PeriphClockCmd                   0x08009d8d   Thumb Code    26  stm32f10x_rcc.o(.text)
    RCC_APB1PeriphClockCmd                   0x08009da7   Thumb Code    26  stm32f10x_rcc.o(.text)
    RCC_APB2PeriphResetCmd                   0x08009dc1   Thumb Code    26  stm32f10x_rcc.o(.text)
    RCC_APB1PeriphResetCmd                   0x08009ddb   Thumb Code    26  stm32f10x_rcc.o(.text)
    RCC_BackupResetCmd                       0x08009df5   Thumb Code     8  stm32f10x_rcc.o(.text)
    RCC_ClockSecuritySystemCmd               0x08009dfd   Thumb Code     6  stm32f10x_rcc.o(.text)
    RCC_MCOConfig                            0x08009e03   Thumb Code     6  stm32f10x_rcc.o(.text)
    RCC_ClearFlag                            0x08009e09   Thumb Code    14  stm32f10x_rcc.o(.text)
    RCC_GetITStatus                          0x08009e17   Thumb Code    20  stm32f10x_rcc.o(.text)
    RCC_ClearITPendingBit                    0x08009e2b   Thumb Code     6  stm32f10x_rcc.o(.text)
    SPI_I2S_DeInit                           0x08009e55   Thumb Code    76  stm32f10x_spi.o(.text)
    SPI_Init                                 0x08009ea1   Thumb Code    60  stm32f10x_spi.o(.text)
    I2S_Init                                 0x08009edd   Thumb Code   226  stm32f10x_spi.o(.text)
    SPI_StructInit                           0x08009fbf   Thumb Code    24  stm32f10x_spi.o(.text)
    I2S_StructInit                           0x08009fd7   Thumb Code    20  stm32f10x_spi.o(.text)
    SPI_Cmd                                  0x08009feb   Thumb Code    24  stm32f10x_spi.o(.text)
    I2S_Cmd                                  0x0800a003   Thumb Code    24  stm32f10x_spi.o(.text)
    SPI_I2S_ITConfig                         0x0800a01b   Thumb Code    32  stm32f10x_spi.o(.text)
    SPI_I2S_DMACmd                           0x0800a03b   Thumb Code    18  stm32f10x_spi.o(.text)
    SPI_I2S_SendData                         0x0800a04d   Thumb Code     4  stm32f10x_spi.o(.text)
    SPI_I2S_ReceiveData                      0x0800a051   Thumb Code     6  stm32f10x_spi.o(.text)
    SPI_NSSInternalSoftwareConfig            0x0800a057   Thumb Code    30  stm32f10x_spi.o(.text)
    SPI_SSOutputCmd                          0x0800a075   Thumb Code    24  stm32f10x_spi.o(.text)
    SPI_DataSizeConfig                       0x0800a08d   Thumb Code    18  stm32f10x_spi.o(.text)
    SPI_TransmitCRC                          0x0800a09f   Thumb Code    10  stm32f10x_spi.o(.text)
    SPI_CalculateCRC                         0x0800a0a9   Thumb Code    24  stm32f10x_spi.o(.text)
    SPI_GetCRC                               0x0800a0c1   Thumb Code    16  stm32f10x_spi.o(.text)
    SPI_GetCRCPolynomial                     0x0800a0d1   Thumb Code     6  stm32f10x_spi.o(.text)
    SPI_BiDirectionalLineConfig              0x0800a0d7   Thumb Code    28  stm32f10x_spi.o(.text)
    SPI_I2S_GetFlagStatus                    0x0800a0f3   Thumb Code    18  stm32f10x_spi.o(.text)
    SPI_I2S_ClearFlag                        0x0800a105   Thumb Code     6  stm32f10x_spi.o(.text)
    SPI_I2S_GetITStatus                      0x0800a10b   Thumb Code    52  stm32f10x_spi.o(.text)
    SPI_I2S_ClearITPendingBit                0x0800a13f   Thumb Code    20  stm32f10x_spi.o(.text)
    USART_DeInit                             0x0800a161   Thumb Code   134  stm32f10x_usart.o(.text)
    USART_Init                               0x0800a1e7   Thumb Code   210  stm32f10x_usart.o(.text)
    USART_StructInit                         0x0800a2b9   Thumb Code    24  stm32f10x_usart.o(.text)
    USART_ClockInit                          0x0800a2d1   Thumb Code    34  stm32f10x_usart.o(.text)
    USART_ClockStructInit                    0x0800a2f3   Thumb Code    12  stm32f10x_usart.o(.text)
    USART_Cmd                                0x0800a2ff   Thumb Code    24  stm32f10x_usart.o(.text)
    USART_ITConfig                           0x0800a317   Thumb Code    74  stm32f10x_usart.o(.text)
    USART_DMACmd                             0x0800a361   Thumb Code    18  stm32f10x_usart.o(.text)
    USART_SetAddress                         0x0800a373   Thumb Code    18  stm32f10x_usart.o(.text)
    USART_WakeUpConfig                       0x0800a385   Thumb Code    18  stm32f10x_usart.o(.text)
    USART_ReceiverWakeUpCmd                  0x0800a397   Thumb Code    24  stm32f10x_usart.o(.text)
    USART_LINBreakDetectLengthConfig         0x0800a3af   Thumb Code    18  stm32f10x_usart.o(.text)
    USART_LINCmd                             0x0800a3c1   Thumb Code    24  stm32f10x_usart.o(.text)
    USART_SendData                           0x0800a3d9   Thumb Code     8  stm32f10x_usart.o(.text)
    USART_ReceiveData                        0x0800a3e1   Thumb Code    10  stm32f10x_usart.o(.text)
    USART_SendBreak                          0x0800a3eb   Thumb Code    10  stm32f10x_usart.o(.text)
    USART_SetGuardTime                       0x0800a3f5   Thumb Code    16  stm32f10x_usart.o(.text)
    USART_SetPrescaler                       0x0800a405   Thumb Code    16  stm32f10x_usart.o(.text)
    USART_SmartCardCmd                       0x0800a415   Thumb Code    24  stm32f10x_usart.o(.text)
    USART_SmartCardNACKCmd                   0x0800a42d   Thumb Code    24  stm32f10x_usart.o(.text)
    USART_HalfDuplexCmd                      0x0800a445   Thumb Code    24  stm32f10x_usart.o(.text)
    USART_OverSampling8Cmd                   0x0800a45d   Thumb Code    22  stm32f10x_usart.o(.text)
    USART_OneBitMethodCmd                    0x0800a473   Thumb Code    24  stm32f10x_usart.o(.text)
    USART_IrDAConfig                         0x0800a48b   Thumb Code    18  stm32f10x_usart.o(.text)
    USART_IrDACmd                            0x0800a49d   Thumb Code    24  stm32f10x_usart.o(.text)
    USART_GetFlagStatus                      0x0800a4b5   Thumb Code    26  stm32f10x_usart.o(.text)
    USART_ClearFlag                          0x0800a4cf   Thumb Code    18  stm32f10x_usart.o(.text)
    USART_GetITStatus                        0x0800a4e1   Thumb Code    84  stm32f10x_usart.o(.text)
    USART_ClearITPendingBit                  0x0800a535   Thumb Code    52  stm32f10x_usart.o(.text)
    Reset_Handler                            0x0800a569   Thumb Code     8  startup_stm32f10x_md.o(.text)
    ADC1_2_IRQHandler                        0x0800a583   Thumb Code     0  startup_stm32f10x_md.o(.text)
    CAN1_RX1_IRQHandler                      0x0800a583   Thumb Code     0  startup_stm32f10x_md.o(.text)
    CAN1_SCE_IRQHandler                      0x0800a583   Thumb Code     0  startup_stm32f10x_md.o(.text)
    DMA1_Channel1_IRQHandler                 0x0800a583   Thumb Code     0  startup_stm32f10x_md.o(.text)
    DMA1_Channel2_IRQHandler                 0x0800a583   Thumb Code     0  startup_stm32f10x_md.o(.text)
    DMA1_Channel3_IRQHandler                 0x0800a583   Thumb Code     0  startup_stm32f10x_md.o(.text)
    DMA1_Channel4_IRQHandler                 0x0800a583   Thumb Code     0  startup_stm32f10x_md.o(.text)
    DMA1_Channel5_IRQHandler                 0x0800a583   Thumb Code     0  startup_stm32f10x_md.o(.text)
    DMA1_Channel6_IRQHandler                 0x0800a583   Thumb Code     0  startup_stm32f10x_md.o(.text)
    DMA1_Channel7_IRQHandler                 0x0800a583   Thumb Code     0  startup_stm32f10x_md.o(.text)
    EXTI1_IRQHandler                         0x0800a583   Thumb Code     0  startup_stm32f10x_md.o(.text)
    EXTI2_IRQHandler                         0x0800a583   Thumb Code     0  startup_stm32f10x_md.o(.text)
    EXTI4_IRQHandler                         0x0800a583   Thumb Code     0  startup_stm32f10x_md.o(.text)
    FLASH_IRQHandler                         0x0800a583   Thumb Code     0  startup_stm32f10x_md.o(.text)
    I2C1_ER_IRQHandler                       0x0800a583   Thumb Code     0  startup_stm32f10x_md.o(.text)
    I2C1_EV_IRQHandler                       0x0800a583   Thumb Code     0  startup_stm32f10x_md.o(.text)
    I2C2_ER_IRQHandler                       0x0800a583   Thumb Code     0  startup_stm32f10x_md.o(.text)
    I2C2_EV_IRQHandler                       0x0800a583   Thumb Code     0  startup_stm32f10x_md.o(.text)
    PVD_IRQHandler                           0x0800a583   Thumb Code     0  startup_stm32f10x_md.o(.text)
    RCC_IRQHandler                           0x0800a583   Thumb Code     0  startup_stm32f10x_md.o(.text)
    RTCAlarm_IRQHandler                      0x0800a583   Thumb Code     0  startup_stm32f10x_md.o(.text)
    RTC_IRQHandler                           0x0800a583   Thumb Code     0  startup_stm32f10x_md.o(.text)
    SPI1_IRQHandler                          0x0800a583   Thumb Code     0  startup_stm32f10x_md.o(.text)
    SPI2_IRQHandler                          0x0800a583   Thumb Code     0  startup_stm32f10x_md.o(.text)
    TAMPER_IRQHandler                        0x0800a583   Thumb Code     0  startup_stm32f10x_md.o(.text)
    TIM1_BRK_IRQHandler                      0x0800a583   Thumb Code     0  startup_stm32f10x_md.o(.text)
    TIM1_CC_IRQHandler                       0x0800a583   Thumb Code     0  startup_stm32f10x_md.o(.text)
    TIM1_TRG_COM_IRQHandler                  0x0800a583   Thumb Code     0  startup_stm32f10x_md.o(.text)
    TIM1_UP_IRQHandler                       0x0800a583   Thumb Code     0  startup_stm32f10x_md.o(.text)
    TIM2_IRQHandler                          0x0800a583   Thumb Code     0  startup_stm32f10x_md.o(.text)
    TIM3_IRQHandler                          0x0800a583   Thumb Code     0  startup_stm32f10x_md.o(.text)
    TIM4_IRQHandler                          0x0800a583   Thumb Code     0  startup_stm32f10x_md.o(.text)
    USART2_IRQHandler                        0x0800a583   Thumb Code     0  startup_stm32f10x_md.o(.text)
    USART3_IRQHandler                        0x0800a583   Thumb Code     0  startup_stm32f10x_md.o(.text)
    USB_HP_CAN1_TX_IRQHandler                0x0800a583   Thumb Code     0  startup_stm32f10x_md.o(.text)
    WWDG_IRQHandler                          0x0800a583   Thumb Code     0  startup_stm32f10x_md.o(.text)
    __user_initial_stackheap                 0x0800a585   Thumb Code     0  startup_stm32f10x_md.o(.text)
    SystemInit                               0x0800a687   Thumb Code    78  system_stm32f10x.o(.text)
    SystemCoreClockUpdate                    0x0800a6d5   Thumb Code   142  system_stm32f10x.o(.text)
    __use_no_semihosting                     0x0800a789   Thumb Code     2  use_no_semi_2.o(.text)
    __2sprintf                               0x0800a78d   Thumb Code    38  __2sprintf.o(.text)
    _printf_pre_padding                      0x0800a7b9   Thumb Code    44  _printf_pad.o(.text)
    _printf_post_padding                     0x0800a7e5   Thumb Code    34  _printf_pad.o(.text)
    _printf_str                              0x0800a807   Thumb Code    82  _printf_str.o(.text)
    _printf_int_dec                          0x0800a859   Thumb Code   104  _printf_dec.o(.text)
    _printf_int_hex                          0x0800a8d1   Thumb Code    84  _printf_hex_int.o(.text)
    _printf_longlong_hex                     0x0800a8d1   Thumb Code     0  _printf_hex_int.o(.text)
    __printf                                 0x0800a929   Thumb Code   308  __printf_flags_wp.o(.text)
    __aeabi_memcpy                           0x0800aa61   Thumb Code     0  rt_memcpy_v6.o(.text)
    __rt_memcpy                              0x0800aa61   Thumb Code   138  rt_memcpy_v6.o(.text)
    _memcpy_lastbytes                        0x0800aac7   Thumb Code     0  rt_memcpy_v6.o(.text)
    __aeabi_memcpy4                          0x0800aaeb   Thumb Code     0  rt_memcpy_w.o(.text)
    __aeabi_memcpy8                          0x0800aaeb   Thumb Code     0  rt_memcpy_w.o(.text)
    __rt_memcpy_w                            0x0800aaeb   Thumb Code   100  rt_memcpy_w.o(.text)
    _memcpy_lastbytes_aligned                0x0800ab33   Thumb Code     0  rt_memcpy_w.o(.text)
    __aeabi_memclr                           0x0800ab4f   Thumb Code     0  rt_memclr.o(.text)
    __rt_memclr                              0x0800ab4f   Thumb Code    68  rt_memclr.o(.text)
    _memset                                  0x0800ab53   Thumb Code     0  rt_memclr.o(.text)
    __aeabi_memclr4                          0x0800ab93   Thumb Code     0  rt_memclr_w.o(.text)
    __aeabi_memclr8                          0x0800ab93   Thumb Code     0  rt_memclr_w.o(.text)
    __rt_memclr_w                            0x0800ab93   Thumb Code    78  rt_memclr_w.o(.text)
    _memset_w                                0x0800ab97   Thumb Code     0  rt_memclr_w.o(.text)
    __use_two_region_memory                  0x0800abe1   Thumb Code     2  heapauxi.o(.text)
    __rt_heap_escrow$2region                 0x0800abe3   Thumb Code     2  heapauxi.o(.text)
    __rt_heap_expand$2region                 0x0800abe5   Thumb Code     2  heapauxi.o(.text)
    __I$use$semihosting                      0x0800abe7   Thumb Code     0  use_no_semi.o(.text)
    __use_no_semihosting_swi                 0x0800abe7   Thumb Code     2  use_no_semi.o(.text)
    _printf_int_common                       0x0800abe9   Thumb Code   178  _printf_intcommon.o(.text)
    _printf_char_common                      0x0800aca7   Thumb Code    32  _printf_char_common.o(.text)
    _sputc                                   0x0800accd   Thumb Code    10  _sputc.o(.text)
    _printf_cs_common                        0x0800acd7   Thumb Code    20  _printf_char.o(.text)
    _printf_char                             0x0800aceb   Thumb Code    16  _printf_char.o(.text)
    _printf_string                           0x0800acfb   Thumb Code     8  _printf_char.o(.text)
    __user_setup_stackheap                   0x0800ad03   Thumb Code    74  sys_stackheap_outer.o(.text)
    exit                                     0x0800ad4d   Thumb Code    18  exit.o(.text)
    __user_libspace                          0x0800ad61   Thumb Code     8  libspace.o(.text)
    __user_perproc_libspace                  0x0800ad61   Thumb Code     0  libspace.o(.text)
    __user_perthread_libspace                0x0800ad61   Thumb Code     0  libspace.o(.text)
    _is_digit                                0x0800ad69   Thumb Code    14  __printf_wp.o(i._is_digit)
    ceil                                     0x0800ad79   Thumb Code   204  ceil.o(i.ceil)
    __aeabi_d2f                              0x0800ae55   Thumb Code     0  d2f.o(x$fpl$d2f)
    _d2f                                     0x0800ae55   Thumb Code    98  d2f.o(x$fpl$d2f)
    __aeabi_dadd                             0x0800aeb9   Thumb Code     0  daddsub_clz.o(x$fpl$dadd)
    _dadd                                    0x0800aeb9   Thumb Code   332  daddsub_clz.o(x$fpl$dadd)
    __fpl_dcmp_Inf                           0x0800b009   Thumb Code    24  dcmpi.o(x$fpl$dcmpinf)
    __aeabi_ddiv                             0x0800b021   Thumb Code     0  ddiv.o(x$fpl$ddiv)
    _ddiv                                    0x0800b021   Thumb Code   552  ddiv.o(x$fpl$ddiv)
    __aeabi_d2iz                             0x0800b2d1   Thumb Code     0  dfix.o(x$fpl$dfix)
    _dfix                                    0x0800b2d1   Thumb Code    94  dfix.o(x$fpl$dfix)
    __aeabi_i2d                              0x0800b32f   Thumb Code     0  dflt_clz.o(x$fpl$dflt)
    _dflt                                    0x0800b32f   Thumb Code    46  dflt_clz.o(x$fpl$dflt)
    __aeabi_l2d                              0x0800b35d   Thumb Code     0  dfltll_clz.o(x$fpl$dfltll)
    _ll_sto_d                                0x0800b35d   Thumb Code   162  dfltll_clz.o(x$fpl$dfltll)
    __aeabi_ui2d                             0x0800b3ff   Thumb Code     0  dflt_clz.o(x$fpl$dfltu)
    _dfltu                                   0x0800b3ff   Thumb Code    38  dflt_clz.o(x$fpl$dfltu)
    __aeabi_cdcmple                          0x0800b425   Thumb Code     0  dleqf.o(x$fpl$dleqf)
    _dcmple                                  0x0800b425   Thumb Code   120  dleqf.o(x$fpl$dleqf)
    __fpl_dcmple_InfNaN                      0x0800b487   Thumb Code     0  dleqf.o(x$fpl$dleqf)
    __aeabi_dmul                             0x0800b49d   Thumb Code     0  dmul.o(x$fpl$dmul)
    _dmul                                    0x0800b49d   Thumb Code   332  dmul.o(x$fpl$dmul)
    __fpl_dnaninf                            0x0800b5f1   Thumb Code   156  dnaninf.o(x$fpl$dnaninf)
    __fpl_dretinf                            0x0800b68d   Thumb Code    12  dretinf.o(x$fpl$dretinf)
    __aeabi_cdrcmple                         0x0800b699   Thumb Code     0  drleqf.o(x$fpl$drleqf)
    _drcmple                                 0x0800b699   Thumb Code   108  drleqf.o(x$fpl$drleqf)
    __aeabi_drsub                            0x0800b705   Thumb Code     0  daddsub_clz.o(x$fpl$drsb)
    _drsb                                    0x0800b705   Thumb Code    22  daddsub_clz.o(x$fpl$drsb)
    __aeabi_dsub                             0x0800b71d   Thumb Code     0  daddsub_clz.o(x$fpl$dsub)
    _dsub                                    0x0800b71d   Thumb Code   464  daddsub_clz.o(x$fpl$dsub)
    __aeabi_f2d                              0x0800b8f1   Thumb Code     0  f2d.o(x$fpl$f2d)
    _f2d                                     0x0800b8f1   Thumb Code    86  f2d.o(x$fpl$f2d)
    __aeabi_fadd                             0x0800b949   Thumb Code     0  faddsub_clz.o(x$fpl$fadd)
    _fadd                                    0x0800b949   Thumb Code   196  faddsub_clz.o(x$fpl$fadd)
    __aeabi_fdiv                             0x0800ba0d   Thumb Code     0  fdiv.o(x$fpl$fdiv)
    _fdiv                                    0x0800ba0d   Thumb Code   384  fdiv.o(x$fpl$fdiv)
    __aeabi_f2iz                             0x0800bb91   Thumb Code     0  ffix.o(x$fpl$ffix)
    _ffix                                    0x0800bb91   Thumb Code    54  ffix.o(x$fpl$ffix)
    __aeabi_i2f                              0x0800bbc9   Thumb Code     0  fflt_clz.o(x$fpl$fflt)
    _fflt                                    0x0800bbc9   Thumb Code    48  fflt_clz.o(x$fpl$fflt)
    __aeabi_fmul                             0x0800bbf9   Thumb Code     0  fmul.o(x$fpl$fmul)
    _fmul                                    0x0800bbf9   Thumb Code   258  fmul.o(x$fpl$fmul)
    __fpl_fnaninf                            0x0800bcfb   Thumb Code   140  fnaninf.o(x$fpl$fnaninf)
    __fpl_fretinf                            0x0800bd87   Thumb Code    10  fretinf.o(x$fpl$fretinf)
    __aeabi_fsub                             0x0800bd91   Thumb Code     0  faddsub_clz.o(x$fpl$fsub)
    _fsub                                    0x0800bd91   Thumb Code   234  faddsub_clz.o(x$fpl$fsub)
    __aeabi_d2ulz                            0x0800be7d   Thumb Code     0  dfixull.o(x$fpl$llufromd)
    _ll_ufrom_d                              0x0800be7d   Thumb Code   120  dfixull.o(x$fpl$llufromd)
    __I$use$fp                               0x0800bef4   Number         0  usenofp.o(x$fpl$usenofp)
    txSpectrumConfig                         0x0800bef4   Data          96  instance_calib.o(.constdata)
    rfDelays                                 0x0800bf54   Data           4  instance_calib.o(.constdata)
    rfDelaysTREK                             0x0800bf58   Data           4  instance_calib.o(.constdata)
    chan_idx                                 0x0800bf5c   Data           8  deca_params_init.o(.constdata)
    tx_config                                0x0800bf64   Data          24  deca_params_init.o(.constdata)
    pll2_config                              0x0800bf7c   Data          30  deca_params_init.o(.constdata)
    pll2calcfg                               0x0800bf9a   Data           1  deca_params_init.o(.constdata)
    rx_config                                0x0800bf9b   Data           2  deca_params_init.o(.constdata)
    agc_config                               0x0800bfa0   Data           8  deca_params_init.o(.constdata)
    dwnsSFDlen                               0x0800bfa8   Data           3  deca_params_init.o(.constdata)
    sftsh                                    0x0800bfac   Data          12  deca_params_init.o(.constdata)
    dtune1                                   0x0800bfb8   Data           4  deca_params_init.o(.constdata)
    digital_bb_config                        0x0800bfbc   Data          32  deca_params_init.o(.constdata)
    lde_replicaCoeff                         0x0800bfdc   Data          50  deca_params_init.o(.constdata)
    chan_idxnb                               0x0800c00e   Data           8  deca_range_tables.o(.constdata)
    chan_idxwb                               0x0800c016   Data           8  deca_range_tables.o(.constdata)
    range25cm16PRFnb                         0x0800c01e   Data         148  deca_range_tables.o(.constdata)
    range25cm16PRFwb                         0x0800c0b2   Data         136  deca_range_tables.o(.constdata)
    range25cm64PRFnb                         0x0800c13a   Data         104  deca_range_tables.o(.constdata)
    range25cm64PRFwb                         0x0800c1a2   Data         118  deca_range_tables.o(.constdata)
    Virtual_Com_Port_DeviceDescriptor        0x0800c218   Data          18  usb_desc.o(.constdata)
    Virtual_Com_Port_ConfigDescriptor        0x0800c22a   Data          67  usb_desc.o(.constdata)
    Virtual_Com_Port_StringLangID            0x0800c26d   Data           4  usb_desc.o(.constdata)
    Virtual_Com_Port_StringVendor            0x0800c271   Data          24  usb_desc.o(.constdata)
    Virtual_Com_Port_StringProduct           0x0800c289   Data          38  usb_desc.o(.constdata)
    Region$$Table$$Base                      0x0800c488   Number         0  anon$$obj.o(Region$$Table)
    Region$$Table$$Limit                     0x0800c4a8   Number         0  anon$$obj.o(Region$$Table)
    status_idx                               0x20000000   Data           4  deca_device.o(.data)
    buff_version                             0x20000004   Data          19  device_info.o(.data)
    buff_wifipassword                        0x20000017   Data          10  device_info.o(.data)
    s1switch                                 0x20000024   Data           1  main.o(.data)
    instance_anchaddr                        0x20000028   Data           4  main.o(.data)
    dr_mode                                  0x2000002c   Data           4  main.o(.data)
    chan                                     0x20000030   Data           4  main.o(.data)
    tagaddr                                  0x20000034   Data           4  main.o(.data)
    ancaddr                                  0x20000038   Data           4  main.o(.data)
    instance_mode                            0x2000003c   Data           4  main.o(.data)
    pauseTWRReports                          0x20000040   Data           4  main.o(.data)
    sendTWRRawReports                        0x20000044   Data           1  main.o(.data)
    chConfig                                 0x20000046   Data          40  main.o(.data)
    sfConfig                                 0x2000006e   Data          40  main.o(.data)
    time32_incr                              0x20000098   Data           4  stm32f10x_it.o(.data)
    HSEStartUpStatus                         0x2000009c   Data           1  hw_config.o(.data)
    EXTI_InitStructure                       0x200000a0   Data           8  hw_config.o(.data)
    Virtual_Com_Port_StringSerial            0x200000a8   Data          38  usb_desc.o(.data)
    wIstr                                    0x200000d8   Data           2  usb_istr.o(.data)
    bIntPackSOF                              0x200000da   Data           1  usb_istr.o(.data)
    esof_counter                             0x200000dc   Data           4  usb_istr.o(.data)
    wCNTR                                    0x200000e0   Data           4  usb_istr.o(.data)
    pEpInt_IN                                0x200000e4   Data          28  usb_istr.o(.data)
    pEpInt_OUT                               0x20000100   Data          28  usb_istr.o(.data)
    Request                                  0x2000011c   Data           1  usb_prop.o(.data)
    linecoding                               0x20000120   Data           8  usb_prop.o(.data)
    Device_Table                             0x20000128   Data           2  usb_prop.o(.data)
    Device_Property                          0x2000012c   Data          48  usb_prop.o(.data)
    User_Standard_Requests                   0x2000015c   Data          36  usb_prop.o(.data)
    Device_Descriptor                        0x20000180   Data           8  usb_prop.o(.data)
    Config_Descriptor                        0x20000188   Data           8  usb_prop.o(.data)
    String_Descriptor                        0x20000190   Data          32  usb_prop.o(.data)
    bDeviceState                             0x200001b0   Data           4  usb_pwr.o(.data)
    fSuspendEnabled                          0x200001b4   Data           1  usb_pwr.o(.data)
    ResumeS                                  0x200001b5   Data           2  usb_pwr.o(.data)
    remotewakeupon                           0x200001b8   Data           4  usb_pwr.o(.data)
    StatusInfo                               0x200001bc   Data           2  usb_core.o(.data)
    Data_Mul_MaxPacketSize                   0x200001be   Data           1  usb_core.o(.data)
    EPindex                                  0x200001c0   Data           1  usb_init.o(.data)
    pInformation                             0x200001c4   Data           4  usb_init.o(.data)
    pProperty                                0x200001c8   Data           4  usb_init.o(.data)
    SaveState                                0x200001cc   Data           2  usb_init.o(.data)
    wInterrupt_Mask                          0x200001ce   Data           2  usb_init.o(.data)
    pUser_Standard_Requests                  0x200001d0   Data           4  usb_init.o(.data)
    SaveRState                               0x200001d4   Data           2  usb_int.o(.data)
    SaveTState                               0x200001d6   Data           2  usb_int.o(.data)
    __stdout                                 0x200001dc   Data           4  usart.o(.data)
    USART_RX_STA                             0x200001e0   Data           2  usart.o(.data)
    len                                      0x200001e2   Data           1  usart.o(.data)
    DMA1_MEM_LEN                             0x200001e4   Data           2  dma.o(.data)
    SystemCoreClock                          0x200001fc   Data           4  system_stm32f10x.o(.data)
    AHBPrescTable                            0x20000200   Data          16  system_stm32f10x.o(.data)
    inst_tdist                               0x20000210   Data          64  instance_common.o(.bss)
    inst_idist                               0x20000250   Data          32  instance_common.o(.bss)
    inst_idistraw                            0x20000270   Data          32  instance_common.o(.bss)
    instance_data                            0x20000290   Data        1792  instance_common.o(.bss)
    dw_event_g                               0x20000990   Data         160  instance_common.o(.bss)
    last_status                              0x20000ac0   Data          40  deca_device.o(.bss)
    buff_sn                                  0x20000ae8   Data          41  device_info.o(.bss)
    sys_para                                 0x20000b12   Data          22  device_info.o(.bss)
    FLAH_BUFF0                               0x20000b28   Data          32  device_info.o(.bss)
    SendBuff                                 0x20000b48   Data         130  main.o(.bss)
    DMA_USART_Buff                           0x20000bca   Data         130  main.o(.bss)
    USB_RxBuff                               0x20000c4c   Data          30  main.o(.bss)
    usbVCOMout                               0x20000c6a   Data         140  main.o(.bss)
    STMFLASH_BUF                             0x20000cf6   Data        1024  stmflash.o(.bss)
    USART_InitStructure                      0x200010f8   Data          16  hw_config.o(.bss)
    EP                                       0x20001ba8   Data          32  usb_pwr.o(.bss)
    Device_Info                              0x20001bc8   Data          28  usb_init.o(.bss)
    USART_RX_BUF                             0x20001be4   Data         200  usart.o(.bss)
    USART_TX_BUF                             0x20001cac   Data         200  usart.o(.bss)
    DMA_InitStructure                        0x20001d74   Data          44  dma.o(.bss)
    __libspace_start                         0x20001da0   Data          96  libspace.o(.bss)
    __temporary_stack_top$libspace           0x20001e00   Data           0  libspace.o(.bss)



==============================================================================

Memory Map of the image

  Image Entry point : 0x080000ed

  Load Region LR_IROM1 (Base: 0x08000000, Size: 0x0000c6b8, Max: 0x00010000, ABSOLUTE, COMPRESSED[0x0000c5a8])

    Execution Region ER_IROM1 (Base: 0x08000000, Size: 0x0000c4a8, Max: 0x00010000, ABSOLUTE)

    Base Addr    Size         Type   Attr      Idx    E Section Name        Object

    0x08000000   0x000000ec   Data   RO          905    RESET               startup_stm32f10x_md.o
    0x080000ec   0x00000008   Code   RO          999  * !!!main             c_w.l(__main.o)
    0x080000f4   0x00000034   Code   RO         1242    !!!scatter          c_w.l(__scatter.o)
    0x08000128   0x0000005a   Code   RO         1240    !!dczerorl2         c_w.l(__dczerorl2.o)
    0x08000182   0x00000002   PAD
    0x08000184   0x0000001c   Code   RO         1244    !!handler_zi        c_w.l(__scatter_zi.o)
    0x080001a0   0x00000000   Code   RO          988    .ARM.Collect$$_printf_percent$$00000000  c_w.l(_printf_percent.o)
    0x080001a0   0x00000006   Code   RO          987    .ARM.Collect$$_printf_percent$$00000009  c_w.l(_printf_d.o)
    0x080001a6   0x00000006   Code   RO          986    .ARM.Collect$$_printf_percent$$0000000C  c_w.l(_printf_x.o)
    0x080001ac   0x00000006   Code   RO          985    .ARM.Collect$$_printf_percent$$00000013  c_w.l(_printf_c.o)
    0x080001b2   0x00000004   Code   RO         1076    .ARM.Collect$$_printf_percent$$00000017  c_w.l(_printf_percent_end.o)
    0x080001b6   0x00000002   Code   RO         1114    .ARM.Collect$$libinit$$00000000  c_w.l(libinit.o)
    0x080001b8   0x00000000   Code   RO         1121    .ARM.Collect$$libinit$$00000002  c_w.l(libinit2.o)
    0x080001b8   0x00000000   Code   RO         1123    .ARM.Collect$$libinit$$00000004  c_w.l(libinit2.o)
    0x080001b8   0x00000000   Code   RO         1126    .ARM.Collect$$libinit$$0000000A  c_w.l(libinit2.o)
    0x080001b8   0x00000000   Code   RO         1128    .ARM.Collect$$libinit$$0000000C  c_w.l(libinit2.o)
    0x080001b8   0x00000000   Code   RO         1130    .ARM.Collect$$libinit$$0000000E  c_w.l(libinit2.o)
    0x080001b8   0x00000000   Code   RO         1133    .ARM.Collect$$libinit$$00000011  c_w.l(libinit2.o)
    0x080001b8   0x00000000   Code   RO         1135    .ARM.Collect$$libinit$$00000013  c_w.l(libinit2.o)
    0x080001b8   0x00000000   Code   RO         1137    .ARM.Collect$$libinit$$00000015  c_w.l(libinit2.o)
    0x080001b8   0x00000000   Code   RO         1139    .ARM.Collect$$libinit$$00000017  c_w.l(libinit2.o)
    0x080001b8   0x00000000   Code   RO         1141    .ARM.Collect$$libinit$$00000019  c_w.l(libinit2.o)
    0x080001b8   0x00000000   Code   RO         1143    .ARM.Collect$$libinit$$0000001B  c_w.l(libinit2.o)
    0x080001b8   0x00000000   Code   RO         1145    .ARM.Collect$$libinit$$0000001D  c_w.l(libinit2.o)
    0x080001b8   0x00000000   Code   RO         1147    .ARM.Collect$$libinit$$0000001F  c_w.l(libinit2.o)
    0x080001b8   0x00000000   Code   RO         1149    .ARM.Collect$$libinit$$00000021  c_w.l(libinit2.o)
    0x080001b8   0x00000000   Code   RO         1151    .ARM.Collect$$libinit$$00000023  c_w.l(libinit2.o)
    0x080001b8   0x00000000   Code   RO         1153    .ARM.Collect$$libinit$$00000025  c_w.l(libinit2.o)
    0x080001b8   0x00000000   Code   RO         1157    .ARM.Collect$$libinit$$0000002C  c_w.l(libinit2.o)
    0x080001b8   0x00000000   Code   RO         1159    .ARM.Collect$$libinit$$0000002E  c_w.l(libinit2.o)
    0x080001b8   0x00000000   Code   RO         1161    .ARM.Collect$$libinit$$00000030  c_w.l(libinit2.o)
    0x080001b8   0x00000000   Code   RO         1163    .ARM.Collect$$libinit$$00000032  c_w.l(libinit2.o)
    0x080001b8   0x00000002   Code   RO         1164    .ARM.Collect$$libinit$$00000033  c_w.l(libinit2.o)
    0x080001ba   0x00000002   Code   RO         1182    .ARM.Collect$$libshutdown$$00000000  c_w.l(libshutdown.o)
    0x080001bc   0x00000000   Code   RO         1192    .ARM.Collect$$libshutdown$$00000002  c_w.l(libshutdown2.o)
    0x080001bc   0x00000000   Code   RO         1194    .ARM.Collect$$libshutdown$$00000004  c_w.l(libshutdown2.o)
    0x080001bc   0x00000000   Code   RO         1197    .ARM.Collect$$libshutdown$$00000007  c_w.l(libshutdown2.o)
    0x080001bc   0x00000000   Code   RO         1200    .ARM.Collect$$libshutdown$$0000000A  c_w.l(libshutdown2.o)
    0x080001bc   0x00000000   Code   RO         1202    .ARM.Collect$$libshutdown$$0000000C  c_w.l(libshutdown2.o)
    0x080001bc   0x00000000   Code   RO         1205    .ARM.Collect$$libshutdown$$0000000F  c_w.l(libshutdown2.o)
    0x080001bc   0x00000002   Code   RO         1206    .ARM.Collect$$libshutdown$$00000010  c_w.l(libshutdown2.o)
    0x080001be   0x00000000   Code   RO         1067    .ARM.Collect$$rtentry$$00000000  c_w.l(__rtentry.o)
    0x080001be   0x00000000   Code   RO         1089    .ARM.Collect$$rtentry$$00000002  c_w.l(__rtentry2.o)
    0x080001be   0x00000006   Code   RO         1101    .ARM.Collect$$rtentry$$00000004  c_w.l(__rtentry4.o)
    0x080001c4   0x00000000   Code   RO         1091    .ARM.Collect$$rtentry$$00000009  c_w.l(__rtentry2.o)
    0x080001c4   0x00000004   Code   RO         1092    .ARM.Collect$$rtentry$$0000000A  c_w.l(__rtentry2.o)
    0x080001c8   0x00000000   Code   RO         1094    .ARM.Collect$$rtentry$$0000000C  c_w.l(__rtentry2.o)
    0x080001c8   0x00000008   Code   RO         1095    .ARM.Collect$$rtentry$$0000000D  c_w.l(__rtentry2.o)
    0x080001d0   0x00000002   Code   RO         1118    .ARM.Collect$$rtexit$$00000000  c_w.l(rtexit.o)
    0x080001d2   0x00000000   Code   RO         1166    .ARM.Collect$$rtexit$$00000002  c_w.l(rtexit2.o)
    0x080001d2   0x00000004   Code   RO         1167    .ARM.Collect$$rtexit$$00000003  c_w.l(rtexit2.o)
    0x080001d6   0x00000006   Code   RO         1168    .ARM.Collect$$rtexit$$00000004  c_w.l(rtexit2.o)
    0x080001dc   0x00000fd8   Code   RO            1    .text               instance.o
    0x080011b4   0x00000040   Code   RO          171    .text               instance_calib.o
    0x080011f4   0x00002218   Code   RO          191    .text               instance_common.o
    0x0800340c   0x00001c34   Code   RO          214    .text               deca_device.o
    0x08005040   0x00000124   Code   RO          258    .text               deca_range_tables.o
    0x08005164   0x00000044   Code   RO          277    .text               deca_mutex.o
    0x080051a8   0x00000114   Code   RO          289    .text               deca_spi.o
    0x080052bc   0x0000017c   Code   RO          301    .text               device_info.o
    0x08005438   0x00000904   Code   RO          323    .text               main.o
    0x08005d3c   0x00000064   Code   RO          363    .text               stm32f10x_it.o
    0x08005da0   0x00000114   Code   RO          407    .text               led.o
    0x08005eb4   0x0000042a   Code   RO          419    .text               port.o
    0x080062de   0x00000002   PAD
    0x080062e0   0x00000144   Code   RO          436    .text               stmflash.o
    0x08006424   0x000001c8   Code   RO          451    .text               hw_config.o
    0x080065ec   0x000000c8   Code   RO          525    .text               usb_endp.o
    0x080066b4   0x000001d0   Code   RO          543    .text               usb_istr.o
    0x08006884   0x00000014   Code   RO          561    .text               usb_it.o
    0x08006898   0x0000023c   Code   RO          573    .text               usb_prop.o
    0x08006ad4   0x00000240   Code   RO          596    .text               usb_pwr.o
    0x08006d14   0x00000b50   Code   RO          615    .text               usb_core.o
    0x08007864   0x0000003c   Code   RO          630    .text               usb_init.o
    0x080078a0   0x0000033c   Code   RO          653    .text               usb_int.o
    0x08007bdc   0x0000005c   Code   RO          677    .text               usb_mem.o
    0x08007c38   0x00000808   Code   RO          689    .text               usb_regs.o
    0x08008440   0x00000080   Code   RO          701    .text               usb_sil.o
    0x080084c0   0x000000ec   Code   RO          713    .text               delay.o
    0x080085ac   0x00000234   Code   RO          744    .text               usart.o
    0x080087e0   0x00000080   Code   RO          771    .text               dma.o
    0x08008860   0x000004ea   Code   RO          787    .text               queue.o
    0x08008d4a   0x00000002   PAD
    0x08008d4c   0x000000dc   Code   RO          805    .text               misc.o
    0x08008e28   0x00000254   Code   RO          817    .text               stm32f10x_dma.o
    0x0800907c   0x0000011c   Code   RO          829    .text               stm32f10x_exti.o
    0x08009198   0x000005bc   Code   RO          841    .text               stm32f10x_flash.o
    0x08009754   0x0000035c   Code   RO          853    .text               stm32f10x_gpio.o
    0x08009ab0   0x000003a4   Code   RO          865    .text               stm32f10x_rcc.o
    0x08009e54   0x0000030c   Code   RO          879    .text               stm32f10x_spi.o
    0x0800a160   0x00000408   Code   RO          891    .text               stm32f10x_usart.o
    0x0800a568   0x00000040   Code   RO          906    .text               startup_stm32f10x_md.o
    0x0800a5a8   0x000001e0   Code   RO          910    .text               system_stm32f10x.o
    0x0800a788   0x00000002   Code   RO          930    .text               c_w.l(use_no_semi_2.o)
    0x0800a78a   0x00000002   PAD
    0x0800a78c   0x0000002c   Code   RO          932    .text               c_w.l(__2sprintf.o)
    0x0800a7b8   0x0000004e   Code   RO          938    .text               c_w.l(_printf_pad.o)
    0x0800a806   0x00000052   Code   RO          940    .text               c_w.l(_printf_str.o)
    0x0800a858   0x00000078   Code   RO          942    .text               c_w.l(_printf_dec.o)
    0x0800a8d0   0x00000058   Code   RO          947    .text               c_w.l(_printf_hex_int.o)
    0x0800a928   0x00000138   Code   RO          977    .text               c_w.l(__printf_flags_wp.o)
    0x0800aa60   0x0000008a   Code   RO          989    .text               c_w.l(rt_memcpy_v6.o)
    0x0800aaea   0x00000064   Code   RO          991    .text               c_w.l(rt_memcpy_w.o)
    0x0800ab4e   0x00000044   Code   RO          993    .text               c_w.l(rt_memclr.o)
    0x0800ab92   0x0000004e   Code   RO          995    .text               c_w.l(rt_memclr_w.o)
    0x0800abe0   0x00000006   Code   RO          997    .text               c_w.l(heapauxi.o)
    0x0800abe6   0x00000002   Code   RO         1065    .text               c_w.l(use_no_semi.o)
    0x0800abe8   0x000000b2   Code   RO         1068    .text               c_w.l(_printf_intcommon.o)
    0x0800ac9a   0x00000002   PAD
    0x0800ac9c   0x00000030   Code   RO         1070    .text               c_w.l(_printf_char_common.o)
    0x0800accc   0x0000000a   Code   RO         1072    .text               c_w.l(_sputc.o)
    0x0800acd6   0x0000002c   Code   RO         1074    .text               c_w.l(_printf_char.o)
    0x0800ad02   0x0000004a   Code   RO         1105    .text               c_w.l(sys_stackheap_outer.o)
    0x0800ad4c   0x00000012   Code   RO         1107    .text               c_w.l(exit.o)
    0x0800ad5e   0x00000002   PAD
    0x0800ad60   0x00000008   Code   RO         1115    .text               c_w.l(libspace.o)
    0x0800ad68   0x0000000e   Code   RO          975    i._is_digit         c_w.l(__printf_wp.o)
    0x0800ad76   0x00000002   PAD
    0x0800ad78   0x000000dc   Code   RO         1062    i.ceil              m_ws.l(ceil.o)
    0x0800ae54   0x00000062   Code   RO         1001    x$fpl$d2f           fz_ws.l(d2f.o)
    0x0800aeb6   0x00000002   PAD
    0x0800aeb8   0x00000150   Code   RO         1003    x$fpl$dadd          fz_ws.l(daddsub_clz.o)
    0x0800b008   0x00000018   Code   RO         1077    x$fpl$dcmpinf       fz_ws.l(dcmpi.o)
    0x0800b020   0x000002b0   Code   RO         1010    x$fpl$ddiv          fz_ws.l(ddiv.o)
    0x0800b2d0   0x0000005e   Code   RO         1013    x$fpl$dfix          fz_ws.l(dfix.o)
    0x0800b32e   0x0000002e   Code   RO         1022    x$fpl$dflt          fz_ws.l(dflt_clz.o)
    0x0800b35c   0x000000a2   Code   RO         1027    x$fpl$dfltll        fz_ws.l(dfltll_clz.o)
    0x0800b3fe   0x00000026   Code   RO         1021    x$fpl$dfltu         fz_ws.l(dflt_clz.o)
    0x0800b424   0x00000078   Code   RO         1031    x$fpl$dleqf         fz_ws.l(dleqf.o)
    0x0800b49c   0x00000154   Code   RO         1033    x$fpl$dmul          fz_ws.l(dmul.o)
    0x0800b5f0   0x0000009c   Code   RO         1079    x$fpl$dnaninf       fz_ws.l(dnaninf.o)
    0x0800b68c   0x0000000c   Code   RO         1081    x$fpl$dretinf       fz_ws.l(dretinf.o)
    0x0800b698   0x0000006c   Code   RO         1035    x$fpl$drleqf        fz_ws.l(drleqf.o)
    0x0800b704   0x00000016   Code   RO         1004    x$fpl$drsb          fz_ws.l(daddsub_clz.o)
    0x0800b71a   0x00000002   PAD
    0x0800b71c   0x000001d4   Code   RO         1005    x$fpl$dsub          fz_ws.l(daddsub_clz.o)
    0x0800b8f0   0x00000056   Code   RO         1037    x$fpl$f2d           fz_ws.l(f2d.o)
    0x0800b946   0x00000002   PAD
    0x0800b948   0x000000c4   Code   RO         1039    x$fpl$fadd          fz_ws.l(faddsub_clz.o)
    0x0800ba0c   0x00000184   Code   RO         1046    x$fpl$fdiv          fz_ws.l(fdiv.o)
    0x0800bb90   0x00000036   Code   RO         1049    x$fpl$ffix          fz_ws.l(ffix.o)
    0x0800bbc6   0x00000002   PAD
    0x0800bbc8   0x00000030   Code   RO         1054    x$fpl$fflt          fz_ws.l(fflt_clz.o)
    0x0800bbf8   0x00000102   Code   RO         1059    x$fpl$fmul          fz_ws.l(fmul.o)
    0x0800bcfa   0x0000008c   Code   RO         1083    x$fpl$fnaninf       fz_ws.l(fnaninf.o)
    0x0800bd86   0x0000000a   Code   RO         1085    x$fpl$fretinf       fz_ws.l(fretinf.o)
    0x0800bd90   0x000000ea   Code   RO         1041    x$fpl$fsub          fz_ws.l(faddsub_clz.o)
    0x0800be7a   0x00000002   PAD
    0x0800be7c   0x00000078   Code   RO         1017    x$fpl$llufromd      fz_ws.l(dfixull.o)
    0x0800bef4   0x00000000   Code   RO         1087    x$fpl$usenofp       fz_ws.l(usenofp.o)
    0x0800bef4   0x00000068   Data   RO          172    .constdata          instance_calib.o
    0x0800bf5c   0x000000b2   Data   RO          240    .constdata          deca_params_init.o
    0x0800c00e   0x0000020a   Data   RO          259    .constdata          deca_range_tables.o
    0x0800c218   0x00000097   Data   RO          512    .constdata          usb_desc.o
    0x0800c2af   0x00000028   Data   RO          948    .constdata          c_w.l(_printf_hex_int.o)
    0x0800c2d7   0x00000011   Data   RO          978    .constdata          c_w.l(__printf_flags_wp.o)
    0x0800c2e8   0x0000007f   Data   RO          173    .conststring        instance_calib.o
    0x0800c367   0x00000001   PAD
    0x0800c368   0x0000011d   Data   RO          325    .conststring        main.o
    0x0800c485   0x00000003   PAD
    0x0800c488   0x00000020   Data   RO         1238    Region$$Table       anon$$obj.o


    Execution Region RW_IRAM1 (Base: 0x20000000, Size: 0x00002400, Max: 0x00005000, ABSOLUTE, COMPRESSED[0x00000100])

    Base Addr    Size         Type   Attr      Idx    E Section Name        Object

    0x20000000   0x00000004   Data   RW          216    .data               deca_device.o
    0x20000004   0x0000001d   Data   RW          303    .data               device_info.o
    0x20000021   0x00000003   PAD
    0x20000024   0x00000072   Data   RW          326    .data               main.o
    0x20000096   0x00000002   PAD
    0x20000098   0x00000004   Data   RW          364    .data               stm32f10x_it.o
    0x2000009c   0x0000000c   Data   RW          453    .data               hw_config.o
    0x200000a8   0x00000026   Data   RW          513    .data               usb_desc.o
    0x200000ce   0x00000002   PAD
    0x200000d0   0x00000008   Data   RW          527    .data               usb_endp.o
    0x200000d8   0x00000044   Data   RW          544    .data               usb_istr.o
    0x2000011c   0x00000094   Data   RW          574    .data               usb_prop.o
    0x200001b0   0x0000000c   Data   RW          598    .data               usb_pwr.o
    0x200001bc   0x00000003   Data   RW          616    .data               usb_core.o
    0x200001bf   0x00000001   PAD
    0x200001c0   0x00000014   Data   RW          632    .data               usb_init.o
    0x200001d4   0x00000004   Data   RW          654    .data               usb_int.o
    0x200001d8   0x00000004   Data   RW          714    .data               delay.o
    0x200001dc   0x00000007   Data   RW          746    .data               usart.o
    0x200001e3   0x00000001   PAD
    0x200001e4   0x00000002   Data   RW          773    .data               dma.o
    0x200001e6   0x00000014   Data   RW          866    .data               stm32f10x_rcc.o
    0x200001fa   0x00000002   PAD
    0x200001fc   0x00000014   Data   RW          911    .data               system_stm32f10x.o
    0x20000210   0x00000820   Zero   RW          192    .bss                instance_common.o
    0x20000a30   0x000000b8   Zero   RW          215    .bss                deca_device.o
    0x20000ae8   0x00000060   Zero   RW          302    .bss                device_info.o
    0x20000b48   0x000001ae   Zero   RW          324    .bss                main.o
    0x20000cf6   0x00000400   Zero   RW          437    .bss                stmflash.o
    0x200010f6   0x00000002   PAD
    0x200010f8   0x00000a30   Zero   RW          452    .bss                hw_config.o
    0x20001b28   0x00000080   Zero   RW          526    .bss                usb_endp.o
    0x20001ba8   0x00000020   Zero   RW          597    .bss                usb_pwr.o
    0x20001bc8   0x0000001c   Zero   RW          631    .bss                usb_init.o
    0x20001be4   0x00000190   Zero   RW          745    .bss                usart.o
    0x20001d74   0x0000002c   Zero   RW          772    .bss                dma.o
    0x20001da0   0x00000060   Zero   RW         1116    .bss                c_w.l(libspace.o)
    0x20001e00   0x00000200   Zero   RW          904    HEAP                startup_stm32f10x_md.o
    0x20002000   0x00000400   Zero   RW          903    STACK               startup_stm32f10x_md.o


==============================================================================

Image component sizes


      Code (inc. data)   RO Data    RW Data    ZI Data      Debug   Object Name

      7220        150          0          4        184      28898   deca_device.o
        68          6          0          0          0        859   deca_mutex.o
         0          0        178          0          0       2036   deca_params_init.o
       292         38        522          0          0       2443   deca_range_tables.o
       276         10          0          0          0       2208   deca_spi.o
       236         18          0          4          0       1349   delay.o
       380         54          0         29         96       3286   device_info.o
       128         14          0          2         44       1585   dma.o
       456         42          0         12       2608      17689   hw_config.o
      4056        112          0          0          0     274170   instance.o
        64          6        231          0          0       8192   instance_calib.o
      8728        160          0          0       2080      38277   instance_common.o
       276         26          0          0          0        956   led.o
      2308        442        285        114        430      28275   main.o
       220         22          0          0          0       1877   misc.o
      1066         42          0          0          0      19366   port.o
      1258          0          0          0          0       9755   queue.o
        64         26        236          0       1536        876   startup_stm32f10x_md.o
       596          8          0          0          0       4442   stm32f10x_dma.o
       284         10          0          0          0       2335   stm32f10x_exti.o
      1468         34          0          0          0       8282   stm32f10x_flash.o
       860         38          0          0          0       5809   stm32f10x_gpio.o
       100          6          0          4          0       2162   stm32f10x_it.o
       932         36          0         20          0       8972   stm32f10x_rcc.o
       780         14          0          0          0       6690   stm32f10x_spi.o
      1032         22          0          0          0       8532   stm32f10x_usart.o
       324          8          0          0       1024       2858   stmflash.o
         0          0          0          0          0         32   sys.o
       480         38          0         20          0       2011   system_stm32f10x.o
       564         34          0          7        400      19386   usart.o
      2896        114          0          3          0       8159   usb_core.o
         0          0        151         38          0       1135   usb_desc.o
       200         22          0          8        128       1712   usb_endp.o
        60         24          0         20         28       4158   usb_init.o
       828         34          0          4          0       1959   usb_int.o
       464         38          0         68          0       1715   usb_istr.o
        20          0          0          0          0        650   usb_it.o
        92          6          0          0          0       1422   usb_mem.o
       572         42          0        148          0       7487   usb_prop.o
       576         40          0         12         32       3071   usb_pwr.o
      2056         20          0          0          0      11997   usb_regs.o
       128          8          0          0          0       1486   usb_sil.o

    ----------------------------------------------------------------------
     42412       1764       1639        528       8592     558559   Object Totals
         0          0         32          0          0          0   (incl. Generated)
         4          0          4         11          2          0   (incl. Padding)

    ----------------------------------------------------------------------

      Code (inc. data)   RO Data    RW Data    ZI Data      Debug   Library Member Name

        44          6          0          0          0         84   __2sprintf.o
        90          0          0          0          0          0   __dczerorl2.o
         8          0          0          0          0         68   __main.o
       312          4         17          0          0         92   __printf_flags_wp.o
        14          0          0          0          0         68   __printf_wp.o
         0          0          0          0          0          0   __rtentry.o
        12          0          0          0          0          0   __rtentry2.o
         6          0          0          0          0          0   __rtentry4.o
        52          8          0          0          0          0   __scatter.o
        28          0          0          0          0          0   __scatter_zi.o
         6          0          0          0          0          0   _printf_c.o
        44          0          0          0          0        108   _printf_char.o
        48          6          0          0          0         96   _printf_char_common.o
         6          0          0          0          0          0   _printf_d.o
       120         16          0          0          0         92   _printf_dec.o
        88          4         40          0          0         88   _printf_hex_int.o
       178          0          0          0          0         88   _printf_intcommon.o
        78          0          0          0          0        108   _printf_pad.o
         0          0          0          0          0          0   _printf_percent.o
         4          0          0          0          0          0   _printf_percent_end.o
        82          0          0          0          0         80   _printf_str.o
         6          0          0          0          0          0   _printf_x.o
        10          0          0          0          0         68   _sputc.o
        18          0          0          0          0         80   exit.o
         6          0          0          0          0        152   heapauxi.o
         2          0          0          0          0          0   libinit.o
         2          0          0          0          0          0   libinit2.o
         2          0          0          0          0          0   libshutdown.o
         2          0          0          0          0          0   libshutdown2.o
         8          4          0          0         96         68   libspace.o
        68          0          0          0          0         68   rt_memclr.o
        78          0          0          0          0         80   rt_memclr_w.o
       138          0          0          0          0         68   rt_memcpy_v6.o
       100          0          0          0          0         80   rt_memcpy_w.o
         2          0          0          0          0          0   rtexit.o
        10          0          0          0          0          0   rtexit2.o
        74          0          0          0          0         80   sys_stackheap_outer.o
         2          0          0          0          0         68   use_no_semi.o
         2          0          0          0          0         68   use_no_semi_2.o
        98          4          0          0          0         92   d2f.o
       826         16          0          0          0        348   daddsub_clz.o
        24          0          0          0          0         68   dcmpi.o
       688        140          0          0          0        208   ddiv.o
        94          4          0          0          0         92   dfix.o
       120          4          0          0          0        104   dfixull.o
        84          0          0          0          0        136   dflt_clz.o
       162          0          0          0          0         84   dfltll_clz.o
       120          4          0          0          0         92   dleqf.o
       340         12          0          0          0        104   dmul.o
       156          4          0          0          0         92   dnaninf.o
        12          0          0          0          0         68   dretinf.o
       108          0          0          0          0         80   drleqf.o
        86          4          0          0          0         84   f2d.o
       430          8          0          0          0        168   faddsub_clz.o
       388         76          0          0          0         96   fdiv.o
        54          4          0          0          0         84   ffix.o
        48          0          0          0          0         68   fflt_clz.o
       258          4          0          0          0         84   fmul.o
       140          4          0          0          0         84   fnaninf.o
        10          0          0          0          0         68   fretinf.o
         0          0          0          0          0          0   usenofp.o
       220         16          0          0          0         84   ceil.o

    ----------------------------------------------------------------------
      6236        352         57          0         96       4240   Library Totals
        20          0          0          0          0          0   (incl. Padding)

    ----------------------------------------------------------------------

      Code (inc. data)   RO Data    RW Data    ZI Data      Debug   Library Name

      1750         48         57          0         96       1852   c_w.l
      4246        288          0          0          0       2304   fz_ws.l
       220         16          0          0          0         84   m_ws.l

    ----------------------------------------------------------------------
      6236        352         57          0         96       4240   Library Totals

    ----------------------------------------------------------------------

==============================================================================


      Code (inc. data)   RO Data    RW Data    ZI Data      Debug   

     48648       2116       1696        528       8688     556503   Grand Totals
     48648       2116       1696        256       8688     556503   ELF Image Totals (compressed)
     48648       2116       1696        256          0          0   ROM Totals

==============================================================================

    Total RO  Size (Code + RO Data)                50344 (  49.16kB)
    Total RW  Size (RW Data + ZI Data)              9216 (   9.00kB)
    Total ROM Size (Code + RO Data + RW Data)      50600 (  49.41kB)

==============================================================================

