Component: ARM Compiler 5.06 update 4 (build 422) Tool: armlink [4d35d2]

==============================================================================

Section Cross References

    instance.o(.text) refers to _printf_percent.o(.ARM.Collect$$_printf_percent$$00000000) for _printf_percent
    instance.o(.text) refers to _printf_d.o(.ARM.Collect$$_printf_percent$$00000009) for _printf_d
    instance.o(.text) refers to _printf_dec.o(.text) for _printf_int_dec
    instance.o(.text) refers to deca_device.o(.text) for dwt_writetxfctrl
    instance.o(.text) refers to port.o(.text) for portGetTickCnt
    instance.o(.text) refers to instance_common.o(.text) for reportTOF
    instance.o(.text) refers to delay.o(.text) for Sleep
    instance.o(.text) refers to __2sprintf.o(.text) for __2sprintf
    instance.o(.text) refers to hw_config.o(.text) for USB_TxWrite
    instance.o(.text) refers to instance.o(.data) for .data
    instance.o(.text) refers to stm32f10x_tim.o(.text) for TIM_SetCounter
    instance.o(.text) refers to dfltll_clz.o(x$fpl$dfltll) for __aeabi_l2d
    instance.o(.text) refers to dmul.o(x$fpl$dmul) for __aeabi_dmul
    instance.o(.text) refers to daddsub_clz.o(x$fpl$dsub) for __aeabi_dsub
    instance.o(.text) refers to daddsub_clz.o(x$fpl$dadd) for __aeabi_dadd
    instance.o(.text) refers to ddiv.o(x$fpl$ddiv) for __aeabi_ddiv
    instance.o(.text) refers to dfix.o(x$fpl$dfix) for __aeabi_d2iz
    instance.o(.text) refers to scalbnf.o(x$fpl$scalbnf) for __ARM_scalbnf
    instance.o(.text) refers to fdiv.o(x$fpl$fdiv) for __aeabi_fdiv
    instance.o(.text) refers to f2d.o(x$fpl$f2d) for __aeabi_f2d
    instance.o(.text) refers to ceil.o(i.ceil) for ceil
    instance.o(.text) refers to fflt_clz.o(x$fpl$fflt) for __aeabi_i2f
    instance.o(.text) refers to faddsub_clz.o(x$fpl$fadd) for __aeabi_fadd
    instance.o(.text) refers to fmul.o(x$fpl$fmul) for __aeabi_fmul
    instance.o(.text) refers to dflt_clz.o(x$fpl$dflt) for __aeabi_i2d
    instance.o(.text) refers to instance_common.o(.bss) for instance_data
    instance.o(.text) refers to deca_params_init.o(.constdata) for dwnsSFDlen
    instance_calib.o(.text) refers to rt_memcpy_w.o(.text) for __aeabi_memcpy4
    instance_calib.o(.text) refers to port.o(.text) for SPI_ConfigFastRate
    instance_calib.o(.text) refers to deca_device.o(.text) for dwt_configcontinuousframemode
    instance_calib.o(.text) refers to instance_calib.o(.conststring) for .conststring
    instance_common.o(.text) refers to _printf_percent.o(.ARM.Collect$$_printf_percent$$00000000) for _printf_percent
    instance_common.o(.text) refers to _printf_d.o(.ARM.Collect$$_printf_percent$$00000009) for _printf_d
    instance_common.o(.text) refers to _printf_dec.o(.text) for _printf_int_dec
    instance_common.o(.text) refers to ddiv.o(x$fpl$ddiv) for __aeabi_ddiv
    instance_common.o(.text) refers to dfixull.o(x$fpl$llufromd) for __aeabi_d2ulz
    instance_common.o(.text) refers to dflt_clz.o(x$fpl$dflt) for __aeabi_i2d
    instance_common.o(.text) refers to dmul.o(x$fpl$dmul) for __aeabi_dmul
    instance_common.o(.text) refers to d2f.o(x$fpl$d2f) for __aeabi_d2f
    instance_common.o(.text) refers to deca_range_tables.o(.text) for dwt_getrangebias
    instance_common.o(.text) refers to daddsub_clz.o(x$fpl$drsb) for __aeabi_drsub
    instance_common.o(.text) refers to dleqf.o(x$fpl$dleqf) for __aeabi_cdcmple
    instance_common.o(.text) refers to drleqf.o(x$fpl$drleqf) for __aeabi_cdrcmple
    instance_common.o(.text) refers to deca_device.o(.text) for dwt_configeventcounters
    instance_common.o(.text) refers to rt_memcpy_w.o(.text) for __aeabi_memcpy4
    instance_common.o(.text) refers to port.o(.text) for portGetTickCnt
    instance_common.o(.text) refers to instance_common.o(.bss) for .bss
    instance_common.o(.text) refers to led.o(.text) for led_on
    instance_common.o(.text) refers to instance.o(.data) for TimeSlot_Number_S
    instance_common.o(.text) refers to __2sprintf.o(.text) for __2sprintf
    instance_common.o(.text) refers to hw_config.o(.text) for USB_TxWrite
    instance_common.o(.text) refers to rt_memclr_w.o(.text) for __aeabi_memclr4
    instance_common.o(.text) refers to instance.o(.text) for instancesetreplydelay
    instance_common.o(.text) refers to dfix.o(x$fpl$dfix) for __aeabi_d2iz
    instance_common.o(.text) refers to instance_calib.o(.constdata) for txSpectrumConfig
    instance_common.o(.text) refers to instance_calib.o(.constdata) for rfDelays
    instance_common.o(.text) refers to instance_calib.o(.constdata) for rfDelaysTREK
    instance_common.o(.text) refers to stm32f10x_gpio.o(.text) for GPIO_ResetBits
    instance_common.o(.text) refers to delay.o(.text) for Sleep
    deca_device.o(.text) refers to deca_spi.o(.text) for writetospi_serial
    deca_device.o(.text) refers to delay.o(.text) for Sleep
    deca_device.o(.text) refers to deca_device.o(.bss) for .bss
[...]
    EXTI0_IRQHandler                         0x080045f1   Thumb Code    16  stm32f10x_it.o(.text)
    EXTI3_IRQHandler                         0x08004601   Thumb Code    16  stm32f10x_it.o(.text)
    EXTI9_5_IRQHandler                       0x08004611   Thumb Code    16  stm32f10x_it.o(.text)
    GPIO_Configuration                       0x08004625   Thumb Code    98  led.o(.text)
    led_off                                  0x08004687   Thumb Code    56  led.o(.text)
    led_on                                   0x080046bf   Thumb Code    56  led.o(.text)
    CPU_TS_TmrInit                           0x08004705   Thumb Code    26  port.o(.text)
    OS_TS_GET                                0x0800471f   Thumb Code     6  port.o(.text)
    CPU_Init                                 0x08004725   Thumb Code     2  port.o(.text)
    MY_INIT_TIM3                             0x08004727   Thumb Code    52  port.o(.text)
    No_Configuration                         0x0800475b   Thumb Code     6  port.o(.text)
    portGetTickCnt                           0x08004761   Thumb Code     6  port.o(.text)
    SysTick_Configuration                    0x08004767   Thumb Code    74  port.o(.text)
    NVIC_DisableDECAIRQ                      0x080047b1   Thumb Code    32  port.o(.text)
    NVIC_Configuration                       0x080047d1   Thumb Code    96  port.o(.text)
    EXTI_GetITEnStatus                       0x08004831   Thumb Code    18  port.o(.text)
    RCC_Configuration                        0x08004843   Thumb Code   144  port.o(.text)
    SPI_ChangeRate                           0x080048d3   Thumb Code    14  port.o(.text)
    SPI_ConfigFastRate                       0x080048e1   Thumb Code    80  port.o(.text)
    SPI_Configuration                        0x08004931   Thumb Code   166  port.o(.text)
    reset_DW1000                             0x080049d7   Thumb Code    68  port.o(.text)
    setup_DW1000RSTnIRQ                      0x08004a1b   Thumb Code   140  port.o(.text)
    is_IRQ_enabled                           0x08004aa7   Thumb Code    10  port.o(.text)
    peripherals_init                         0x08004ab1   Thumb Code    22  port.o(.text)
    STMFLASH_ReadHalfWord                    0x08004b11   Thumb Code     4  stmflash.o(.text)
    STMFLASH_Write_NoCheck                   0x08004b15   Thumb Code    38  stmflash.o(.text)
    STMFLASH_Read                            0x08004b3b   Thumb Code    30  stmflash.o(.text)
    STMFLASH_Write                           0x08004b59   Thumb Code   190  stmflash.o(.text)
    Test_Write                               0x08004c17   Thumb Code    12  stmflash.o(.text)
    TIM_DeInit                               0x08004c29   Thumb Code   464  stm32f10x_tim.o(.text)
    TIM_TimeBaseInit                         0x08004df9   Thumb Code   114  stm32f10x_tim.o(.text)
    TIM_OC1Init                              0x08004e6b   Thumb Code   114  stm32f10x_tim.o(.text)
    TIM_OC2Init                              0x08004edd   Thumb Code   128  stm32f10x_tim.o(.text)
    TIM_OC3Init                              0x08004f5d   Thumb Code   124  stm32f10x_tim.o(.text)
    TIM_OC4Init                              0x08004fd9   Thumb Code   160  stm32f10x_tim.o(.text)
    TIM_SetIC4Prescaler                      0x08005079   Thumb Code    24  stm32f10x_tim.o(.text)
    TIM_SetIC3Prescaler                      0x080050f7   Thumb Code    16  stm32f10x_tim.o(.text)
    TIM_SetIC2Prescaler                      0x08005169   Thumb Code    24  stm32f10x_tim.o(.text)
    TIM_SetIC1Prescaler                      0x080051e7   Thumb Code    16  stm32f10x_tim.o(.text)
    TIM_ICInit                               0x08005255   Thumb Code   114  stm32f10x_tim.o(.text)
    TIM_PWMIConfig                           0x080052c7   Thumb Code   106  stm32f10x_tim.o(.text)
    TIM_BDTRConfig                           0x08005331   Thumb Code    34  stm32f10x_tim.o(.text)
    TIM_TimeBaseStructInit                   0x08005353   Thumb Code    18  stm32f10x_tim.o(.text)
    TIM_OCStructInit                         0x08005365   Thumb Code    20  stm32f10x_tim.o(.text)
    TIM_ICStructInit                         0x08005379   Thumb Code    16  stm32f10x_tim.o(.text)
    TIM_BDTRStructInit                       0x08005389   Thumb Code    18  stm32f10x_tim.o(.text)
    TIM_Cmd                                  0x0800539b   Thumb Code    24  stm32f10x_tim.o(.text)
    TIM_CtrlPWMOutputs                       0x080053b3   Thumb Code    28  stm32f10x_tim.o(.text)
    TIM_ITConfig                             0x080053cf   Thumb Code    20  stm32f10x_tim.o(.text)
    TIM_GenerateEvent                        0x080053e3   Thumb Code     4  stm32f10x_tim.o(.text)
    TIM_DMAConfig                            0x080053e7   Thumb Code     8  stm32f10x_tim.o(.text)
    TIM_DMACmd                               0x080053ef   Thumb Code    20  stm32f10x_tim.o(.text)
    TIM_InternalClockConfig                  0x08005403   Thumb Code    10  stm32f10x_tim.o(.text)
    TIM_SelectInputTrigger                   0x0800540d   Thumb Code    12  stm32f10x_tim.o(.text)
    TIM_ITRxExternalClockConfig              0x08005419   Thumb Code    20  stm32f10x_tim.o(.text)
    TIM_TIxExternalClockConfig               0x0800542d   Thumb Code    48  stm32f10x_tim.o(.text)
    TIM_ETRConfig                            0x0800545d   Thumb Code    24  stm32f10x_tim.o(.text)
    TIM_ETRClockMode1Config                  0x08005475   Thumb Code    52  stm32f10x_tim.o(.text)
    TIM_ETRClockMode2Config                  0x080054a9   Thumb Code    20  stm32f10x_tim.o(.text)
    TIM_PrescalerConfig                      0x080054bd   Thumb Code     6  stm32f10x_tim.o(.text)
    TIM_CounterModeConfig                    0x080054c3   Thumb Code    12  stm32f10x_tim.o(.text)
    TIM_EncoderInterfaceConfig               0x080054cf   Thumb Code    50  stm32f10x_tim.o(.text)
    TIM_ForcedOC1Config                      0x08005501   Thumb Code    12  stm32f10x_tim.o(.text)
    TIM_ForcedOC2Config                      0x0800550d   Thumb Code    20  stm32f10x_tim.o(.text)
    TIM_ForcedOC3Config                      0x08005521   Thumb Code    12  stm32f10x_tim.o(.text)
    TIM_ForcedOC4Config                      0x0800552d   Thumb Code    20  stm32f10x_tim.o(.text)
    TIM_ARRPreloadConfig                     0x08005541   Thumb Code    24  stm32f10x_tim.o(.text)
    TIM_SelectCOM                            0x08005559   Thumb Code    24  stm32f10x_tim.o(.text)
    TIM_SelectCCDMA                          0x08005571   Thumb Code    24  stm32f10x_tim.o(.text)
    TIM_CCPreloadControl                     0x08005589   Thumb Code    24  stm32f10x_tim.o(.text)
    TIM_OC1PreloadConfig                     0x080055a1   Thumb Code    12  stm32f10x_tim.o(.text)
    TIM_OC2PreloadConfig                     0x080055ad   Thumb Code    20  stm32f10x_tim.o(.text)
    TIM_OC3PreloadConfig                     0x080055c1   Thumb Code    12  stm32f10x_tim.o(.text)
    TIM_OC4PreloadConfig                     0x080055cd   Thumb Code    20  stm32f10x_tim.o(.text)
    TIM_OC1FastConfig                        0x080055e1   Thumb Code    12  stm32f10x_tim.o(.text)
    TIM_OC2FastConfig                        0x080055ed   Thumb Code    20  stm32f10x_tim.o(.text)
    TIM_OC3FastConfig                        0x08005601   Thumb Code    12  stm32f10x_tim.o(.text)
    TIM_OC4FastConfig                        0x0800560d   Thumb Code    20  stm32f10x_tim.o(.text)
    TIM_ClearOC1Ref                          0x08005621   Thumb Code    12  stm32f10x_tim.o(.text)
    TIM_ClearOC2Ref                          0x0800562d   Thumb Code    20  stm32f10x_tim.o(.text)
    TIM_ClearOC3Ref                          0x08005641   Thumb Code    12  stm32f10x_tim.o(.text)
    TIM_ClearOC4Ref                          0x0800564d   Thumb Code    20  stm32f10x_tim.o(.text)
    TIM_OC1PolarityConfig                    0x08005661   Thumb Code    12  stm32f10x_tim.o(.text)
    TIM_OC1NPolarityConfig                   0x0800566d   Thumb Code    12  stm32f10x_tim.o(.text)
    TIM_OC2PolarityConfig                    0x08005679   Thumb Code    20  stm32f10x_tim.o(.text)
    TIM_OC2NPolarityConfig                   0x0800568d   Thumb Code    20  stm32f10x_tim.o(.text)
    TIM_OC3PolarityConfig                    0x080056a1   Thumb Code    20  stm32f10x_tim.o(.text)
    TIM_OC3NPolarityConfig                   0x080056b5   Thumb Code    20  stm32f10x_tim.o(.text)
    TIM_OC4PolarityConfig                    0x080056c9   Thumb Code    20  stm32f10x_tim.o(.text)
    TIM_CCxCmd                               0x080056dd   Thumb Code    22  stm32f10x_tim.o(.text)
    TIM_CCxNCmd                              0x080056f3   Thumb Code    22  stm32f10x_tim.o(.text)
    TIM_SelectOCxM                           0x08005709   Thumb Code    76  stm32f10x_tim.o(.text)
    TIM_UpdateDisableConfig                  0x08005755   Thumb Code    24  stm32f10x_tim.o(.text)
    TIM_UpdateRequestConfig                  0x0800576d   Thumb Code    24  stm32f10x_tim.o(.text)
    TIM_SelectHallSensor                     0x08005785   Thumb Code    24  stm32f10x_tim.o(.text)
    TIM_SelectOnePulseMode                   0x0800579d   Thumb Code    16  stm32f10x_tim.o(.text)
    TIM_SelectOutputTrigger                  0x080057ad   Thumb Code    16  stm32f10x_tim.o(.text)
    TIM_SelectSlaveMode                      0x080057bd   Thumb Code    16  stm32f10x_tim.o(.text)
    TIM_SelectMasterSlaveMode                0x080057cd   Thumb Code    16  stm32f10x_tim.o(.text)
    TIM_SetCounter                           0x080057dd   Thumb Code     4  stm32f10x_tim.o(.text)
    TIM_SetAutoreload                        0x080057e1   Thumb Code     4  stm32f10x_tim.o(.text)
    TIM_SetCompare1                          0x080057e5   Thumb Code     4  stm32f10x_tim.o(.text)
    TIM_SetCompare2                          0x080057e9   Thumb Code     4  stm32f10x_tim.o(.text)
    TIM_SetCompare3                          0x080057ed   Thumb Code     4  stm32f10x_tim.o(.text)
    TIM_SetCompare4                          0x080057f1   Thumb Code     6  stm32f10x_tim.o(.text)
    TIM_SetClockDivision                     0x080057f7   Thumb Code    16  stm32f10x_tim.o(.text)
    TIM_GetCapture1                          0x08005807   Thumb Code     4  stm32f10x_tim.o(.text)
    TIM_GetCapture2                          0x0800580b   Thumb Code     4  stm32f10x_tim.o(.text)
    TIM_GetCapture3                          0x0800580f   Thumb Code     4  stm32f10x_tim.o(.text)
    TIM_GetCapture4                          0x08005813   Thumb Code     6  stm32f10x_tim.o(.text)
    TIM_GetCounter                           0x08005819   Thumb Code     4  stm32f10x_tim.o(.text)
    TIM_GetPrescaler                         0x0800581d   Thumb Code     4  stm32f10x_tim.o(.text)
    TIM_GetFlagStatus                        0x08005821   Thumb Code    14  stm32f10x_tim.o(.text)
    TIM_ClearFlag                            0x0800582f   Thumb Code     6  stm32f10x_tim.o(.text)
    TIM_GetITStatus                          0x08005835   Thumb Code    24  stm32f10x_tim.o(.text)
    TIM_ClearITPendingBit                    0x0800584d   Thumb Code     6  stm32f10x_tim.o(.text)
    Set_System                               0x08005855   Thumb Code    90  hw_config.o(.text)
    Set_USBClock                             0x080058af   Thumb Code    20  hw_config.o(.text)
    Enter_LowPowerMode                       0x080058c3   Thumb Code     8  hw_config.o(.text)
    Leave_LowPowerMode                       0x080058cb   Thumb Code    22  hw_config.o(.text)
    USB_Interrupts_Config                    0x080058e1   Thumb Code    50  hw_config.o(.text)
    USB_Cable_Config                         0x08005913   Thumb Code    22  hw_config.o(.text)
    USB_Config                               0x08005929   Thumb Code    22  hw_config.o(.text)
    USB_RxRead                               0x0800593f   Thumb Code    12  hw_config.o(.text)
    USB_RxWrite                              0x0800594b   Thumb Code    12  hw_config.o(.text)
    USB_TxRead                               0x08005957   Thumb Code    12  hw_config.o(.text)
    USB_TxWrite                              0x08005963   Thumb Code    12  hw_config.o(.text)
    Get_SerialNum                            0x080059a9   Thumb Code    44  hw_config.o(.text)
    EP1_IN_Callback                          0x080059f5   Thumb Code    56  usb_endp.o(.text)
    EP3_OUT_Callback                         0x08005a2d   Thumb Code    32  usb_endp.o(.text)
    SOF_Callback                             0x08005a4d   Thumb Code    76  usb_endp.o(.text)
    USB_Istr                                 0x08005aa5   Thumb Code   330  usb_istr.o(.text)
    USB_LP_CAN1_RX0_IRQHandler               0x08005c09   Thumb Code     4  usb_it.o(.text)
    USBWakeUp_IRQHandler                     0x08005c0d   Thumb Code     8  usb_it.o(.text)
    Virtual_Com_Port_init                    0x08005c15   Thumb Code    28  usb_prop.o(.text)
    Virtual_Com_Port_Reset                   0x08005c31   Thumb Code   208  usb_prop.o(.text)
    Virtual_Com_Port_SetConfiguration        0x08005d01   Thumb Code    16  usb_prop.o(.text)
    Virtual_Com_Port_SetDeviceAddress        0x08005d11   Thumb Code     8  usb_prop.o(.text)
    Virtual_Com_Port_Status_In               0x08005d19   Thumb Code    16  usb_prop.o(.text)
    Virtual_Com_Port_Status_Out              0x08005d29   Thumb Code     2  usb_prop.o(.text)
    Virtual_Com_Port_SetLineCoding           0x08005d2b   Thumb Code    22  usb_prop.o(.text)
    Virtual_Com_Port_GetLineCoding           0x08005d41   Thumb Code    22  usb_prop.o(.text)
    Virtual_Com_Port_Data_Setup              0x08005d57   Thumb Code    74  usb_prop.o(.text)
    Virtual_Com_Port_NoData_Setup            0x08005da1   Thumb Code    34  usb_prop.o(.text)
    Virtual_Com_Port_GetDeviceDescriptor     0x08005dc3   Thumb Code     8  usb_prop.o(.text)
    Virtual_Com_Port_GetConfigDescriptor     0x08005dcb   Thumb Code     8  usb_prop.o(.text)
    Virtual_Com_Port_GetStringDescriptor     0x08005dd3   Thumb Code    26  usb_prop.o(.text)
    Virtual_Com_Port_Get_Interface_Setting   0x08005ded   Thumb Code    20  usb_prop.o(.text)
    PowerOn                                  0x08005e15   Thumb Code    36  usb_pwr.o(.text)
    PowerOff                                 0x08005e39   Thumb Code    26  usb_pwr.o(.text)
    Suspend                                  0x08005e53   Thumb Code   184  usb_pwr.o(.text)
    Resume_Init                              0x08005f0b   Thumb Code    26  usb_pwr.o(.text)
    Resume                                   0x08005f25   Thumb Code   146  usb_pwr.o(.text)
    Standard_GetConfiguration                0x08005fd5   Thumb Code    32  usb_core.o(.text)
    Standard_SetConfiguration                0x08005ff5   Thumb Code    42  usb_core.o(.text)
    Standard_GetInterface                    0x0800601f   Thumb Code    32  usb_core.o(.text)
    Standard_SetInterface                    0x0800603f   Thumb Code    64  usb_core.o(.text)
    Standard_GetStatus                       0x0800607f   Thumb Code   172  usb_core.o(.text)
    Standard_ClearFeature                    0x0800612b   Thumb Code   252  usb_core.o(.text)
    Standard_SetEndPointFeature              0x08006227   Thumb Code   132  usb_core.o(.text)
    Standard_SetDeviceFeature                0x080062ab   Thumb Code    26  usb_core.o(.text)
    Standard_GetDescriptorData               0x080062c5   Thumb Code    26  usb_core.o(.text)
    Post0_Process                            0x0800669d   Thumb Code    48  usb_core.o(.text)
    Setup0_Process                           0x080066cd   Thumb Code   100  usb_core.o(.text)
    SetDeviceAddress                         0x08006731   Thumb Code    60  usb_core.o(.text)
    In0_Process                              0x0800676d   Thumb Code    80  usb_core.o(.text)
    Out0_Process                             0x080067bd   Thumb Code    66  usb_core.o(.text)
    NOP_Process                              0x080067ff   Thumb Code     2  usb_core.o(.text)
    USB_Init                                 0x0800682d   Thumb Code    22  usb_init.o(.text)
    CTR_LP                                   0x08006855   Thumb Code   408  usb_int.o(.text)
    CTR_HP                                   0x080069ed   Thumb Code   110  usb_int.o(.text)
    UserToPMABufferCopy                      0x08006a79   Thumb Code    38  usb_mem.o(.text)
    PMAToUserBufferCopy                      0x08006a9f   Thumb Code    30  usb_mem.o(.text)
    SetCNTR                                  0x08006ac1   Thumb Code     6  usb_regs.o(.text)
    GetCNTR                                  0x08006ac7   Thumb Code     8  usb_regs.o(.text)
    SetISTR                                  0x08006acf   Thumb Code     8  usb_regs.o(.text)
    GetISTR                                  0x08006ad7   Thumb Code    10  usb_regs.o(.text)
    GetFNR                                   0x08006ae1   Thumb Code    10  usb_regs.o(.text)
    SetDADDR                                 0x08006aeb   Thumb Code     8  usb_regs.o(.text)
    GetDADDR                                 0x08006af3   Thumb Code    10  usb_regs.o(.text)
    SetBTABLE                                0x08006afd   Thumb Code    12  usb_regs.o(.text)
    GetBTABLE                                0x08006b09   Thumb Code    10  usb_regs.o(.text)
    SetENDPOINT                              0x08006b13   Thumb Code    12  usb_regs.o(.text)
    GetENDPOINT                              0x08006b1f   Thumb Code    14  usb_regs.o(.text)
    SetEPType                                0x08006b2d   Thumb Code    24  usb_regs.o(.text)
    GetEPType                                0x08006b45   Thumb Code    18  usb_regs.o(.text)
    SetEPTxStatus                            0x08006b57   Thumb Code    44  usb_regs.o(.text)
    SetEPRxStatus                            0x08006b83   Thumb Code    44  usb_regs.o(.text)
    SetDouBleBuffEPStall                     0x08006baf   Thumb Code    46  usb_regs.o(.text)
    GetEPTxStatus                            0x08006bdd   Thumb Code    18  usb_regs.o(.text)
    GetEPRxStatus                            0x08006bef   Thumb Code    18  usb_regs.o(.text)
    SetEPTxValid                             0x08006c01   Thumb Code    36  usb_regs.o(.text)
    SetEPRxValid                             0x08006c25   Thumb Code    36  usb_regs.o(.text)
    SetEP_KIND                               0x08006c49   Thumb Code    32  usb_regs.o(.text)
    ClearEP_KIND                             0x08006c69   Thumb Code    28  usb_regs.o(.text)
    Clear_Status_Out                         0x08006c85   Thumb Code    28  usb_regs.o(.text)
    Set_Status_Out                           0x08006ca1   Thumb Code    32  usb_regs.o(.text)
    SetEPDoubleBuff                          0x08006cc1   Thumb Code    32  usb_regs.o(.text)
    ClearEPDoubleBuff                        0x08006ce1   Thumb Code    28  usb_regs.o(.text)
    GetTxStallStatus                         0x08006cfd   Thumb Code    22  usb_regs.o(.text)
    GetRxStallStatus                         0x08006d13   Thumb Code    22  usb_regs.o(.text)
    ClearEP_CTR_RX                           0x08006d29   Thumb Code    22  usb_regs.o(.text)
    ClearEP_CTR_TX                           0x08006d3f   Thumb Code    22  usb_regs.o(.text)
    ToggleDTOG_RX                            0x08006d55   Thumb Code    28  usb_regs.o(.text)
    ToggleDTOG_TX                            0x08006d71   Thumb Code    28  usb_regs.o(.text)
    ClearDTOG_RX                             0x08006d8d   Thumb Code    36  usb_regs.o(.text)
    ClearDTOG_TX                             0x08006db1   Thumb Code    36  usb_regs.o(.text)
    SetEPAddress                             0x08006dd5   Thumb Code    30  usb_regs.o(.text)
    GetEPAddress                             0x08006df3   Thumb Code    16  usb_regs.o(.text)
    SetEPTxAddr                              0x08006e03   Thumb Code    24  usb_regs.o(.text)
    SetEPRxAddr                              0x08006e1b   Thumb Code    26  usb_regs.o(.text)
    GetEPTxAddr                              0x08006e35   Thumb Code    22  usb_regs.o(.text)
    GetEPRxAddr                              0x08006e4b   Thumb Code    24  usb_regs.o(.text)
    SetEPTxCount                             0x08006e63   Thumb Code    22  usb_regs.o(.text)
    SetEPCountRxReg                          0x08006e79   Thumb Code    56  usb_regs.o(.text)
    SetEPRxCount                             0x08006eb1   Thumb Code    60  usb_regs.o(.text)
    GetEPTxCount                             0x08006eed   Thumb Code    24  usb_regs.o(.text)
    GetEPRxCount                             0x08006f05   Thumb Code    24  usb_regs.o(.text)
    SetEPDblBuffAddr                         0x08006f1d   Thumb Code    42  usb_regs.o(.text)
    SetEPDblBuf0Addr                         0x08006f47   Thumb Code    22  usb_regs.o(.text)
    SetEPDblBuf1Addr                         0x08006f5d   Thumb Code    24  usb_regs.o(.text)
    GetEPDblBuf0Addr                         0x08006f75   Thumb Code    20  usb_regs.o(.text)
    GetEPDblBuf1Addr                         0x08006f89   Thumb Code    22  usb_regs.o(.text)
    SetEPDblBuffCount                        0x08006f9f   Thumb Code   182  usb_regs.o(.text)
    SetEPDblBuf0Count                        0x08007055   Thumb Code    86  usb_regs.o(.text)
    SetEPDblBuf1Count                        0x080070ab   Thumb Code    86  usb_regs.o(.text)
    GetEPDblBuf0Count                        0x08007101   Thumb Code    24  usb_regs.o(.text)
    GetEPDblBuf1Count                        0x08007119   Thumb Code    24  usb_regs.o(.text)
    GetEPDblBufDir                           0x08007131   Thumb Code    54  usb_regs.o(.text)
    FreeUserBuffer                           0x08007167   Thumb Code    54  usb_regs.o(.text)
    ToWord                                   0x0800719d   Thumb Code     6  usb_regs.o(.text)
    ByteSwap                                 0x080071a3   Thumb Code    10  usb_regs.o(.text)
    USB_SIL_Init                             0x080071b9   Thumb Code    24  usb_sil.o(.text)
    USB_SIL_Write                            0x080071d1   Thumb Code    38  usb_sil.o(.text)
    USB_SIL_Read                             0x080071f7   Thumb Code    36  usb_sil.o(.text)
    delay_init                               0x08007225   Thumb Code    46  delay.o(.text)
    delay_us                                 0x08007253   Thumb Code    46  delay.o(.text)
    delay_ms                                 0x08007281   Thumb Code    46  delay.o(.text)
    Sleep                                    0x080072af   Thumb Code    22  delay.o(.text)
    _sys_exit                                0x080072d1   Thumb Code     2  usart.o(.text)
    fputc                                    0x080072d3   Thumb Code    18  usart.o(.text)
    uart_init                                0x080072e5   Thumb Code   156  usart.o(.text)
    USART1_Send_Hex                          0x08007381   Thumb Code    26  usart.o(.text)
    USART1_Send_PartialCommand               0x0800739b   Thumb Code    20  usart.o(.text)
    GetRecSwtich                             0x080073af   Thumb Code    70  usart.o(.text)
    USART1_IRQHandler                        0x080073f5   Thumb Code   150  usart.o(.text)
    MYDMA_Config                             0x080074a9   Thumb Code    74  dma.o(.text)
    MYDMA_Enable                             0x080074f3   Thumb Code    34  dma.o(.text)
    QUEUE_PacketCreate                       0x08007521   Thumb Code    12  queue.o(.text)
    QUEUE_PacketIn                           0x0800752d   Thumb Code    48  queue.o(.text)
    QUEUE_PacketOut                          0x0800755d   Thumb Code    58  queue.o(.text)
    QUEUE_PacketLengthGet                    0x08007597   Thumb Code    40  queue.o(.text)
    QUEUE_PacketStartEndDifferentCharSplit   0x080075bf   Thumb Code   208  queue.o(.text)
    QUEUE_PacketStartEndCharSplit            0x0800768f   Thumb Code   222  queue.o(.text)
    QUEUE_PacketCharSplit                    0x0800776d   Thumb Code   128  queue.o(.text)
    QUEUE_PacketDoubleEndCharSplit           0x080077ed   Thumb Code   146  queue.o(.text)
    QUEUE_StructCreate                       0x0800787f   Thumb Code    20  queue.o(.text)
    QUEUE_StructIn                           0x08007893   Thumb Code    66  queue.o(.text)
    QUEUE_StructOut                          0x080078d5   Thumb Code    76  queue.o(.text)
    QUEUE_StructCountGet                     0x08007921   Thumb Code    34  queue.o(.text)
    NVIC_PriorityGroupConfig                 0x08007945   Thumb Code    10  misc.o(.text)
    NVIC_Init                                0x0800794f   Thumb Code    96  misc.o(.text)
    NVIC_SetVectorTable                      0x080079af   Thumb Code    14  misc.o(.text)
    NVIC_SystemLPConfig                      0x080079bd   Thumb Code    24  misc.o(.text)
    SysTick_CLKSourceConfig                  0x080079d5   Thumb Code    28  misc.o(.text)
    DMA_DeInit                               0x080079fd   Thumb Code   238  stm32f10x_dma.o(.text)
    DMA_Init                                 0x08007aeb   Thumb Code    58  stm32f10x_dma.o(.text)
    DMA_StructInit                           0x08007b25   Thumb Code    26  stm32f10x_dma.o(.text)
    DMA_Cmd                                  0x08007b3f   Thumb Code    26  stm32f10x_dma.o(.text)
    DMA_ITConfig                             0x08007b59   Thumb Code    20  stm32f10x_dma.o(.text)
    DMA_SetCurrDataCounter                   0x08007b6d   Thumb Code     4  stm32f10x_dma.o(.text)
    DMA_GetCurrDataCounter                   0x08007b71   Thumb Code     6  stm32f10x_dma.o(.text)
    DMA_GetFlagStatus                        0x08007b77   Thumb Code    30  stm32f10x_dma.o(.text)
    DMA_ClearFlag                            0x08007b95   Thumb Code    20  stm32f10x_dma.o(.text)
    DMA_GetITStatus                          0x08007ba9   Thumb Code    30  stm32f10x_dma.o(.text)
    DMA_ClearITPendingBit                    0x08007bc7   Thumb Code    20  stm32f10x_dma.o(.text)
    EXTI_DeInit                              0x08007be5   Thumb Code    28  stm32f10x_exti.o(.text)
    EXTI_Init                                0x08007c01   Thumb Code   110  stm32f10x_exti.o(.text)
    EXTI_StructInit                          0x08007c6f   Thumb Code    14  stm32f10x_exti.o(.text)
    EXTI_GenerateSWInterrupt                 0x08007c7d   Thumb Code    12  stm32f10x_exti.o(.text)
    EXTI_GetFlagStatus                       0x08007c89   Thumb Code    18  stm32f10x_exti.o(.text)
    EXTI_ClearFlag                           0x08007c9b   Thumb Code     8  stm32f10x_exti.o(.text)
    EXTI_GetITStatus                         0x08007ca3   Thumb Code    28  stm32f10x_exti.o(.text)
    EXTI_ClearITPendingBit                   0x08007cbf   Thumb Code     8  stm32f10x_exti.o(.text)
    FLASH_SetLatency                         0x08007cd1   Thumb Code    14  stm32f10x_flash.o(.text)
    FLASH_HalfCycleAccessCmd                 0x08007cdf   Thumb Code    18  stm32f10x_flash.o(.text)
    FLASH_PrefetchBufferCmd                  0x08007cf1   Thumb Code    18  stm32f10x_flash.o(.text)
    FLASH_Unlock                             0x08007d03   Thumb Code    12  stm32f10x_flash.o(.text)
    FLASH_UnlockBank1                        0x08007d0f   Thumb Code    12  stm32f10x_flash.o(.text)
    FLASH_Lock                               0x08007d1b   Thumb Code    12  stm32f10x_flash.o(.text)
    FLASH_LockBank1                          0x08007d27   Thumb Code    12  stm32f10x_flash.o(.text)
    FLASH_GetBank1Status                     0x08007d33   Thumb Code    34  stm32f10x_flash.o(.text)
    FLASH_WaitForLastOperation               0x08007d55   Thumb Code    32  stm32f10x_flash.o(.text)
    FLASH_ErasePage                          0x08007d75   Thumb Code    56  stm32f10x_flash.o(.text)
    FLASH_EraseAllPages                      0x08007dad   Thumb Code    52  stm32f10x_flash.o(.text)
    FLASH_WaitForLastBank1Operation          0x08007de1   Thumb Code    32  stm32f10x_flash.o(.text)
    FLASH_EraseAllBank1Pages                 0x08007e01   Thumb Code    52  stm32f10x_flash.o(.text)
    FLASH_GetReadOutProtectionStatus         0x08007e35   Thumb Code    14  stm32f10x_flash.o(.text)
    FLASH_EraseOptionBytes                   0x08007e43   Thumb Code   120  stm32f10x_flash.o(.text)
    FLASH_ProgramWord                        0x08007ebb   Thumb Code    86  stm32f10x_flash.o(.text)
    FLASH_ProgramHalfWord                    0x08007f11   Thumb Code    48  stm32f10x_flash.o(.text)
    FLASH_ProgramOptionByteData              0x08007f41   Thumb Code    62  stm32f10x_flash.o(.text)
    FLASH_EnableWriteProtection              0x08007f7f   Thumb Code   158  stm32f10x_flash.o(.text)
    FLASH_ReadOutProtection                  0x0800801d   Thumb Code   120  stm32f10x_flash.o(.text)
    FLASH_UserOptionByteConfig               0x08008095   Thumb Code    98  stm32f10x_flash.o(.text)
    FLASH_GetUserOptionByte                  0x080080f7   Thumb Code     8  stm32f10x_flash.o(.text)
    FLASH_GetWriteProtectionOptionByte       0x080080ff   Thumb Code     6  stm32f10x_flash.o(.text)
    FLASH_GetPrefetchBufferStatus            0x08008105   Thumb Code    14  stm32f10x_flash.o(.text)
    FLASH_ITConfig                           0x08008113   Thumb Code    22  stm32f10x_flash.o(.text)
    FLASH_GetFlagStatus                      0x08008129   Thumb Code    30  stm32f10x_flash.o(.text)
    FLASH_ClearFlag                          0x08008147   Thumb Code     6  stm32f10x_flash.o(.text)
    FLASH_GetStatus                          0x0800814d   Thumb Code    34  stm32f10x_flash.o(.text)
    GPIO_DeInit                              0x08008175   Thumb Code   188  stm32f10x_gpio.o(.text)
    GPIO_AFIODeInit                          0x08008231   Thumb Code    22  stm32f10x_gpio.o(.text)
    GPIO_Init                                0x08008247   Thumb Code   166  stm32f10x_gpio.o(.text)
    GPIO_StructInit                          0x080082ed   Thumb Code    16  stm32f10x_gpio.o(.text)
    GPIO_ReadInputDataBit                    0x080082fd   Thumb Code    14  stm32f10x_gpio.o(.text)
    GPIO_ReadInputData                       0x0800830b   Thumb Code     6  stm32f10x_gpio.o(.text)
    GPIO_ReadOutputDataBit                   0x08008311   Thumb Code    14  stm32f10x_gpio.o(.text)
    GPIO_ReadOutputData                      0x0800831f   Thumb Code     6  stm32f10x_gpio.o(.text)
    GPIO_SetBits                             0x08008325   Thumb Code     4  stm32f10x_gpio.o(.text)
    GPIO_ResetBits                           0x08008329   Thumb Code     4  stm32f10x_gpio.o(.text)
    GPIO_WriteBit                            0x0800832d   Thumb Code    12  stm32f10x_gpio.o(.text)
    GPIO_Write                               0x08008339   Thumb Code     4  stm32f10x_gpio.o(.text)
    GPIO_PinLockConfig                       0x0800833d   Thumb Code    16  stm32f10x_gpio.o(.text)
    GPIO_EventOutputConfig                   0x0800834d   Thumb Code    22  stm32f10x_gpio.o(.text)
    GPIO_EventOutputCmd                      0x08008363   Thumb Code     6  stm32f10x_gpio.o(.text)
    GPIO_PinRemapConfig                      0x08008369   Thumb Code    86  stm32f10x_gpio.o(.text)
    GPIO_EXTILineConfig                      0x080083bf   Thumb Code    34  stm32f10x_gpio.o(.text)
    GPIO_ETH_MediaInterfaceConfig            0x080083e1   Thumb Code     8  stm32f10x_gpio.o(.text)
    RCC_DeInit                               0x0800840d   Thumb Code    50  stm32f10x_rcc.o(.text)
    RCC_HSEConfig                            0x0800843f   Thumb Code    50  stm32f10x_rcc.o(.text)
    RCC_GetFlagStatus                        0x08008471   Thumb Code    42  stm32f10x_rcc.o(.text)
    RCC_WaitForHSEStartUp                    0x0800849b   Thumb Code    48  stm32f10x_rcc.o(.text)
    RCC_AdjustHSICalibrationValue            0x080084cb   Thumb Code    16  stm32f10x_rcc.o(.text)
    RCC_HSICmd                               0x080084db   Thumb Code     6  stm32f10x_rcc.o(.text)
    RCC_PLLConfig                            0x080084e1   Thumb Code    16  stm32f10x_rcc.o(.text)
    RCC_PLLCmd                               0x080084f1   Thumb Code     6  stm32f10x_rcc.o(.text)
    RCC_SYSCLKConfig                         0x080084f7   Thumb Code    14  stm32f10x_rcc.o(.text)
    RCC_GetSYSCLKSource                      0x08008505   Thumb Code    10  stm32f10x_rcc.o(.text)
    RCC_HCLKConfig                           0x0800850f   Thumb Code    14  stm32f10x_rcc.o(.text)
    RCC_PCLK1Config                          0x0800851d   Thumb Code    14  stm32f10x_rcc.o(.text)
    RCC_PCLK2Config                          0x0800852b   Thumb Code    16  stm32f10x_rcc.o(.text)
    RCC_ITConfig                             0x0800853b   Thumb Code    22  stm32f10x_rcc.o(.text)
    RCC_USBCLKConfig                         0x08008551   Thumb Code     8  stm32f10x_rcc.o(.text)
    RCC_ADCCLKConfig                         0x08008559   Thumb Code    14  stm32f10x_rcc.o(.text)
    RCC_LSEConfig                            0x08008567   Thumb Code    36  stm32f10x_rcc.o(.text)
    RCC_LSICmd                               0x0800858b   Thumb Code     6  stm32f10x_rcc.o(.text)
    RCC_RTCCLKConfig                         0x08008591   Thumb Code    10  stm32f10x_rcc.o(.text)
    RCC_RTCCLKCmd                            0x0800859b   Thumb Code     8  stm32f10x_rcc.o(.text)
    RCC_GetClocksFreq                        0x080085a3   Thumb Code   154  stm32f10x_rcc.o(.text)
    RCC_AHBPeriphClockCmd                    0x0800863d   Thumb Code    22  stm32f10x_rcc.o(.text)
    RCC_APB2PeriphClockCmd                   0x08008653   Thumb Code    22  stm32f10x_rcc.o(.text)
    RCC_APB1PeriphClockCmd                   0x08008669   Thumb Code    22  stm32f10x_rcc.o(.text)
    RCC_APB2PeriphResetCmd                   0x0800867f   Thumb Code    22  stm32f10x_rcc.o(.text)
    RCC_APB1PeriphResetCmd                   0x08008695   Thumb Code    22  stm32f10x_rcc.o(.text)
    RCC_BackupResetCmd                       0x080086ab   Thumb Code     8  stm32f10x_rcc.o(.text)
    RCC_ClockSecuritySystemCmd               0x080086b3   Thumb Code     6  stm32f10x_rcc.o(.text)
    RCC_MCOConfig                            0x080086b9   Thumb Code     6  stm32f10x_rcc.o(.text)
    RCC_ClearFlag                            0x080086bf   Thumb Code    12  stm32f10x_rcc.o(.text)
    RCC_GetITStatus                          0x080086cb   Thumb Code    16  stm32f10x_rcc.o(.text)
    RCC_ClearITPendingBit                    0x080086db   Thumb Code     6  stm32f10x_rcc.o(.text)
    SPI_I2S_DeInit                           0x08008701   Thumb Code    88  stm32f10x_spi.o(.text)
    SPI_Init                                 0x08008759   Thumb Code    56  stm32f10x_spi.o(.text)
    I2S_Init                                 0x08008791   Thumb Code   168  stm32f10x_spi.o(.text)
    SPI_StructInit                           0x08008839   Thumb Code    24  stm32f10x_spi.o(.text)
    I2S_StructInit                           0x08008851   Thumb Code    18  stm32f10x_spi.o(.text)
    SPI_Cmd                                  0x08008863   Thumb Code    24  stm32f10x_spi.o(.text)
    I2S_Cmd                                  0x0800887b   Thumb Code    24  stm32f10x_spi.o(.text)
    SPI_I2S_ITConfig                         0x08008893   Thumb Code    28  stm32f10x_spi.o(.text)
    SPI_I2S_DMACmd                           0x080088af   Thumb Code    20  stm32f10x_spi.o(.text)
    SPI_I2S_SendData                         0x080088c3   Thumb Code     4  stm32f10x_spi.o(.text)
    SPI_I2S_ReceiveData                      0x080088c7   Thumb Code     4  stm32f10x_spi.o(.text)
    SPI_NSSInternalSoftwareConfig            0x080088cb   Thumb Code    28  stm32f10x_spi.o(.text)
    SPI_SSOutputCmd                          0x080088e7   Thumb Code    24  stm32f10x_spi.o(.text)
    SPI_DataSizeConfig                       0x080088ff   Thumb Code    16  stm32f10x_spi.o(.text)
    SPI_TransmitCRC                          0x0800890f   Thumb Code    10  stm32f10x_spi.o(.text)
    SPI_CalculateCRC                         0x08008919   Thumb Code    24  stm32f10x_spi.o(.text)
    SPI_GetCRC                               0x08008931   Thumb Code    12  stm32f10x_spi.o(.text)
    SPI_GetCRCPolynomial                     0x0800893d   Thumb Code     4  stm32f10x_spi.o(.text)
    SPI_BiDirectionalLineConfig              0x08008941   Thumb Code    26  stm32f10x_spi.o(.text)
    SPI_I2S_GetFlagStatus                    0x0800895b   Thumb Code    14  stm32f10x_spi.o(.text)
    SPI_I2S_ClearFlag                        0x08008969   Thumb Code     6  stm32f10x_spi.o(.text)
    SPI_I2S_GetITStatus                      0x0800896f   Thumb Code    44  stm32f10x_spi.o(.text)
    SPI_I2S_ClearITPendingBit                0x0800899b   Thumb Code    14  stm32f10x_spi.o(.text)
    USART_DeInit                             0x080089b5   Thumb Code   144  stm32f10x_usart.o(.text)
    USART_Init                               0x08008a45   Thumb Code   182  stm32f10x_usart.o(.text)
    USART_StructInit                         0x08008afb   Thumb Code    22  stm32f10x_usart.o(.text)
    USART_ClockInit                          0x08008b11   Thumb Code    30  stm32f10x_usart.o(.text)
    USART_ClockStructInit                    0x08008b2f   Thumb Code    12  stm32f10x_usart.o(.text)
    USART_Cmd                                0x08008b3b   Thumb Code    24  stm32f10x_usart.o(.text)
    USART_ITConfig                           0x08008b53   Thumb Code    54  stm32f10x_usart.o(.text)
    USART_DMACmd                             0x08008b89   Thumb Code    20  stm32f10x_usart.o(.text)
    USART_SetAddress                         0x08008b9d   Thumb Code    16  stm32f10x_usart.o(.text)
    USART_WakeUpConfig                       0x08008bad   Thumb Code    16  stm32f10x_usart.o(.text)
    USART_ReceiverWakeUpCmd                  0x08008bbd   Thumb Code    24  stm32f10x_usart.o(.text)
    USART_LINBreakDetectLengthConfig         0x08008bd5   Thumb Code    16  stm32f10x_usart.o(.text)
    USART_LINCmd                             0x08008be5   Thumb Code    24  stm32f10x_usart.o(.text)
    USART_SendData                           0x08008bfd   Thumb Code     8  stm32f10x_usart.o(.text)
    USART_ReceiveData                        0x08008c05   Thumb Code     8  stm32f10x_usart.o(.text)
    USART_SendBreak                          0x08008c0d   Thumb Code    10  stm32f10x_usart.o(.text)
    USART_SetGuardTime                       0x08008c17   Thumb Code    16  stm32f10x_usart.o(.text)
    USART_SetPrescaler                       0x08008c27   Thumb Code    16  stm32f10x_usart.o(.text)
    USART_SmartCardCmd                       0x08008c37   Thumb Code    24  stm32f10x_usart.o(.text)
    USART_SmartCardNACKCmd                   0x08008c4f   Thumb Code    24  stm32f10x_usart.o(.text)
    USART_HalfDuplexCmd                      0x08008c67   Thumb Code    24  stm32f10x_usart.o(.text)
    USART_OverSampling8Cmd                   0x08008c7f   Thumb Code    24  stm32f10x_usart.o(.text)
    USART_OneBitMethodCmd                    0x08008c97   Thumb Code    24  stm32f10x_usart.o(.text)
    USART_IrDAConfig                         0x08008caf   Thumb Code    16  stm32f10x_usart.o(.text)
    USART_IrDACmd                            0x08008cbf   Thumb Code    24  stm32f10x_usart.o(.text)
    USART_GetFlagStatus                      0x08008cd7   Thumb Code    14  stm32f10x_usart.o(.text)
    USART_ClearFlag                          0x08008ce5   Thumb Code     8  stm32f10x_usart.o(.text)
    USART_GetITStatus                        0x08008ced   Thumb Code    64  stm32f10x_usart.o(.text)
    USART_ClearITPendingBit                  0x08008d2d   Thumb Code    16  stm32f10x_usart.o(.text)
    Reset_Handler                            0x08008d51   Thumb Code     8  startup_stm32f10x_md.o(.text)
    ADC1_2_IRQHandler                        0x08008d6b   Thumb Code     0  startup_stm32f10x_md.o(.text)
    CAN1_RX1_IRQHandler                      0x08008d6b   Thumb Code     0  startup_stm32f10x_md.o(.text)
    CAN1_SCE_IRQHandler                      0x08008d6b   Thumb Code     0  startup_stm32f10x_md.o(.text)
    DMA1_Channel1_IRQHandler                 0x08008d6b   Thumb Code     0  startup_stm32f10x_md.o(.text)
    DMA1_Channel2_IRQHandler                 0x08008d6b   Thumb Code     0  startup_stm32f10x_md.o(.text)
    DMA1_Channel3_IRQHandler                 0x08008d6b   Thumb Code     0  startup_stm32f10x_md.o(.text)
    DMA1_Channel4_IRQHandler                 0x08008d6b   Thumb Code     0  startup_stm32f10x_md.o(.text)
    DMA1_Channel5_IRQHandler                 0x08008d6b   Thumb Code     0  startup_stm32f10x_md.o(.text)
    DMA1_Channel6_IRQHandler                 0x08008d6b   Thumb Code     0  startup_stm32f10x_md.o(.text)
    DMA1_Channel7_IRQHandler                 0x08008d6b   Thumb Code     0  startup_stm32f10x_md.o(.text)
    EXTI1_IRQHandler                         0x08008d6b   Thumb Code     0  startup_stm32f10x_md.o(.text)
    EXTI2_IRQHandler                         0x08008d6b   Thumb Code     0  startup_stm32f10x_md.o(.text)
    EXTI4_IRQHandler                         0x08008d6b   Thumb Code     0  startup_stm32f10x_md.o(.text)
    FLASH_IRQHandler                         0x08008d6b   Thumb Code     0  startup_stm32f10x_md.o(.text)
    I2C1_ER_IRQHandler                       0x08008d6b   Thumb Code     0  startup_stm32f10x_md.o(.text)
    I2C1_EV_IRQHandler                       0x08008d6b   Thumb Code     0  startup_stm32f10x_md.o(.text)
    I2C2_ER_IRQHandler                       0x08008d6b   Thumb Code     0  startup_stm32f10x_md.o(.text)
    I2C2_EV_IRQHandler                       0x08008d6b   Thumb Code     0  startup_stm32f10x_md.o(.text)
    PVD_IRQHandler                           0x08008d6b   Thumb Code     0  startup_stm32f10x_md.o(.text)
    RCC_IRQHandler                           0x08008d6b   Thumb Code     0  startup_stm32f10x_md.o(.text)
    RTCAlarm_IRQHandler                      0x08008d6b   Thumb Code     0  startup_stm32f10x_md.o(.text)
    RTC_IRQHandler                           0x08008d6b   Thumb Code     0  startup_stm32f10x_md.o(.text)
    SPI1_IRQHandler                          0x08008d6b   Thumb Code     0  startup_stm32f10x_md.o(.text)
    SPI2_IRQHandler                          0x08008d6b   Thumb Code     0  startup_stm32f10x_md.o(.text)
    TAMPER_IRQHandler                        0x08008d6b   Thumb Code     0  startup_stm32f10x_md.o(.text)
    TIM1_BRK_IRQHandler                      0x08008d6b   Thumb Code     0  startup_stm32f10x_md.o(.text)
    TIM1_CC_IRQHandler                       0x08008d6b   Thumb Code     0  startup_stm32f10x_md.o(.text)
    TIM1_TRG_COM_IRQHandler                  0x08008d6b   Thumb Code     0  startup_stm32f10x_md.o(.text)
    TIM1_UP_IRQHandler                       0x08008d6b   Thumb Code     0  startup_stm32f10x_md.o(.text)
    TIM2_IRQHandler                          0x08008d6b   Thumb Code     0  startup_stm32f10x_md.o(.text)
    TIM3_IRQHandler                          0x08008d6b   Thumb Code     0  startup_stm32f10x_md.o(.text)
    TIM4_IRQHandler                          0x08008d6b   Thumb Code     0  startup_stm32f10x_md.o(.text)
    USART2_IRQHandler                        0x08008d6b   Thumb Code     0  startup_stm32f10x_md.o(.text)
    USART3_IRQHandler                        0x08008d6b   Thumb Code     0  startup_stm32f10x_md.o(.text)
    USB_HP_CAN1_TX_IRQHandler                0x08008d6b   Thumb Code     0  startup_stm32f10x_md.o(.text)
    WWDG_IRQHandler                          0x08008d6b   Thumb Code     0  startup_stm32f10x_md.o(.text)
    __user_initial_stackheap                 0x08008d6d   Thumb Code     0  startup_stm32f10x_md.o(.text)
    SystemInit                               0x08008e39   Thumb Code    64  system_stm32f10x.o(.text)
    SystemCoreClockUpdate                    0x08008e79   Thumb Code   106  system_stm32f10x.o(.text)
    __use_no_semihosting                     0x08008f05   Thumb Code     2  use_no_semi_2.o(.text)
    __2sprintf                               0x08008f09   Thumb Code    38  __2sprintf.o(.text)
    _printf_pre_padding                      0x08008f35   Thumb Code    44  _printf_pad.o(.text)
    _printf_post_padding                     0x08008f61   Thumb Code    34  _printf_pad.o(.text)
    _printf_str                              0x08008f83   Thumb Code    82  _printf_str.o(.text)
    _printf_int_dec                          0x08008fd5   Thumb Code   104  _printf_dec.o(.text)
    _printf_int_hex                          0x0800904d   Thumb Code    84  _printf_hex_int.o(.text)
    _printf_longlong_hex                     0x0800904d   Thumb Code     0  _printf_hex_int.o(.text)
    __printf                                 0x080090a5   Thumb Code   308  __printf_flags_wp.o(.text)
    __aeabi_memcpy                           0x080091dd   Thumb Code     0  rt_memcpy_v6.o(.text)
    __rt_memcpy                              0x080091dd   Thumb Code   138  rt_memcpy_v6.o(.text)
    _memcpy_lastbytes                        0x08009243   Thumb Code     0  rt_memcpy_v6.o(.text)
    __aeabi_memcpy4                          0x08009267   Thumb Code     0  rt_memcpy_w.o(.text)
    __aeabi_memcpy8                          0x08009267   Thumb Code     0  rt_memcpy_w.o(.text)
    __rt_memcpy_w                            0x08009267   Thumb Code   100  rt_memcpy_w.o(.text)
    _memcpy_lastbytes_aligned                0x080092af   Thumb Code     0  rt_memcpy_w.o(.text)
    __aeabi_memclr4                          0x080092cb   Thumb Code     0  rt_memclr_w.o(.text)
    __aeabi_memclr8                          0x080092cb   Thumb Code     0  rt_memclr_w.o(.text)
    __rt_memclr_w                            0x080092cb   Thumb Code    78  rt_memclr_w.o(.text)
    _memset_w                                0x080092cf   Thumb Code     0  rt_memclr_w.o(.text)
    __use_two_region_memory                  0x08009319   Thumb Code     2  heapauxi.o(.text)
    __rt_heap_escrow$2region                 0x0800931b   Thumb Code     2  heapauxi.o(.text)
    __rt_heap_expand$2region                 0x0800931d   Thumb Code     2  heapauxi.o(.text)
    __I$use$semihosting                      0x0800931f   Thumb Code     0  use_no_semi.o(.text)
    __use_no_semihosting_swi                 0x0800931f   Thumb Code     2  use_no_semi.o(.text)
    _printf_int_common                       0x08009321   Thumb Code   178  _printf_intcommon.o(.text)
    _printf_char_common                      0x080093df   Thumb Code    32  _printf_char_common.o(.text)
    _sputc                                   0x08009405   Thumb Code    10  _sputc.o(.text)
    _printf_cs_common                        0x0800940f   Thumb Code    20  _printf_char.o(.text)
    _printf_char                             0x08009423   Thumb Code    16  _printf_char.o(.text)
    _printf_string                           0x08009433   Thumb Code     8  _printf_char.o(.text)
    __user_setup_stackheap                   0x0800943b   Thumb Code    74  sys_stackheap_outer.o(.text)
    exit                                     0x08009485   Thumb Code    18  exit.o(.text)
    __user_libspace                          0x08009499   Thumb Code     8  libspace.o(.text)
    __user_perproc_libspace                  0x08009499   Thumb Code     0  libspace.o(.text)
    __user_perthread_libspace                0x08009499   Thumb Code     0  libspace.o(.text)
    _is_digit                                0x080094a1   Thumb Code    14  __printf_wp.o(i._is_digit)
    ceil                                     0x080094b1   Thumb Code   204  ceil.o(i.ceil)
    __aeabi_d2f                              0x0800958d   Thumb Code     0  d2f.o(x$fpl$d2f)
    _d2f                                     0x0800958d   Thumb Code    98  d2f.o(x$fpl$d2f)
    __aeabi_dadd                             0x080095f1   Thumb Code     0  daddsub_clz.o(x$fpl$dadd)
    _dadd                                    0x080095f1   Thumb Code   332  daddsub_clz.o(x$fpl$dadd)
    __fpl_dcheck_NaN1                        0x08009741   Thumb Code    10  dcheck1.o(x$fpl$dcheck1)
    __fpl_dcmp_Inf                           0x08009751   Thumb Code    24  dcmpi.o(x$fpl$dcmpinf)
    __aeabi_ddiv                             0x08009769   Thumb Code     0  ddiv.o(x$fpl$ddiv)
    _ddiv                                    0x08009769   Thumb Code   552  ddiv.o(x$fpl$ddiv)
    __aeabi_d2iz                             0x08009a19   Thumb Code     0  dfix.o(x$fpl$dfix)
    _dfix                                    0x08009a19   Thumb Code    94  dfix.o(x$fpl$dfix)
    __aeabi_i2d                              0x08009a77   Thumb Code     0  dflt_clz.o(x$fpl$dflt)
    _dflt                                    0x08009a77   Thumb Code    46  dflt_clz.o(x$fpl$dflt)
    __aeabi_l2d                              0x08009aa5   Thumb Code     0  dfltll_clz.o(x$fpl$dfltll)
    _ll_sto_d                                0x08009aa5   Thumb Code   162  dfltll_clz.o(x$fpl$dfltll)
    __aeabi_ui2d                             0x08009b47   Thumb Code     0  dflt_clz.o(x$fpl$dfltu)
    _dfltu                                   0x08009b47   Thumb Code    38  dflt_clz.o(x$fpl$dfltu)
    __aeabi_cdcmple                          0x08009b6d   Thumb Code     0  dleqf.o(x$fpl$dleqf)
    _dcmple                                  0x08009b6d   Thumb Code   120  dleqf.o(x$fpl$dleqf)
    __fpl_dcmple_InfNaN                      0x08009bcf   Thumb Code     0  dleqf.o(x$fpl$dleqf)
    __aeabi_dmul                             0x08009be5   Thumb Code     0  dmul.o(x$fpl$dmul)
    _dmul                                    0x08009be5   Thumb Code   332  dmul.o(x$fpl$dmul)
    __fpl_dnaninf                            0x08009d39   Thumb Code   156  dnaninf.o(x$fpl$dnaninf)
    __fpl_dretinf                            0x08009dd5   Thumb Code    12  dretinf.o(x$fpl$dretinf)
    __aeabi_cdrcmple                         0x08009de1   Thumb Code     0  drleqf.o(x$fpl$drleqf)
    _drcmple                                 0x08009de1   Thumb Code   108  drleqf.o(x$fpl$drleqf)
    __aeabi_drsub                            0x08009e4d   Thumb Code     0  daddsub_clz.o(x$fpl$drsb)
    _drsb                                    0x08009e4d   Thumb Code    22  daddsub_clz.o(x$fpl$drsb)
    __aeabi_dsub                             0x08009e65   Thumb Code     0  daddsub_clz.o(x$fpl$dsub)
    _dsub                                    0x08009e65   Thumb Code   464  daddsub_clz.o(x$fpl$dsub)
    __aeabi_f2d                              0x0800a039   Thumb Code     0  f2d.o(x$fpl$f2d)
    _f2d                                     0x0800a039   Thumb Code    86  f2d.o(x$fpl$f2d)
    __aeabi_fadd                             0x0800a091   Thumb Code     0  faddsub_clz.o(x$fpl$fadd)
    _fadd                                    0x0800a091   Thumb Code   196  faddsub_clz.o(x$fpl$fadd)
    __fpl_fcheck_NaN1                        0x0800a155   Thumb Code     6  fcheck1.o(x$fpl$fcheck1)
    __aeabi_fdiv                             0x0800a161   Thumb Code     0  fdiv.o(x$fpl$fdiv)
    _fdiv                                    0x0800a161   Thumb Code   384  fdiv.o(x$fpl$fdiv)
    __aeabi_i2f                              0x0800a2e5   Thumb Code     0  fflt_clz.o(x$fpl$fflt)
    _fflt                                    0x0800a2e5   Thumb Code    48  fflt_clz.o(x$fpl$fflt)
    __aeabi_fmul                             0x0800a315   Thumb Code     0  fmul.o(x$fpl$fmul)
    _fmul                                    0x0800a315   Thumb Code   258  fmul.o(x$fpl$fmul)
    __fpl_fnaninf                            0x0800a417   Thumb Code   140  fnaninf.o(x$fpl$fnaninf)
    __fpl_fretinf                            0x0800a4a3   Thumb Code    10  fretinf.o(x$fpl$fretinf)
    __aeabi_fsub                             0x0800a4ad   Thumb Code     0  faddsub_clz.o(x$fpl$fsub)
    _fsub                                    0x0800a4ad   Thumb Code   234  faddsub_clz.o(x$fpl$fsub)
    __aeabi_d2ulz                            0x0800a599   Thumb Code     0  dfixull.o(x$fpl$llufromd)
    _ll_ufrom_d                              0x0800a599   Thumb Code   120  dfixull.o(x$fpl$llufromd)
    __fpl_return_NaN                         0x0800a611   Thumb Code   100  retnan.o(x$fpl$retnan)
    __ARM_scalbn                             0x0800a675   Thumb Code    92  scalbn.o(x$fpl$scalbn)
    __ARM_scalbnf                            0x0800a6d1   Thumb Code    76  scalbnf.o(x$fpl$scalbnf)
    __fpl_cmpreturn                          0x0800a71d   Thumb Code    48  trapv.o(x$fpl$trapveneer)
    __I$use$fp                               0x0800a74c   Number         0  usenofp.o(x$fpl$usenofp)
    txSpectrumConfig                         0x0800a74c   Data          96  instance_calib.o(.constdata)
    rfDelays                                 0x0800a7ac   Data           4  instance_calib.o(.constdata)
    rfDelaysTREK                             0x0800a7b0   Data           4  instance_calib.o(.constdata)
    chan_idx                                 0x0800a7b4   Data           8  deca_params_init.o(.constdata)
    tx_config                                0x0800a7bc   Data          24  deca_params_init.o(.constdata)
    pll2_config                              0x0800a7d4   Data          30  deca_params_init.o(.constdata)
    pll2calcfg                               0x0800a7f2   Data           1  deca_params_init.o(.constdata)
    rx_config                                0x0800a7f3   Data           2  deca_params_init.o(.constdata)
    agc_config                               0x0800a7f8   Data           8  deca_params_init.o(.constdata)
    dwnsSFDlen                               0x0800a800   Data           3  deca_params_init.o(.constdata)
    sftsh                                    0x0800a804   Data          12  deca_params_init.o(.constdata)
    dtune1                                   0x0800a810   Data           4  deca_params_init.o(.constdata)
    digital_bb_config                        0x0800a814   Data          32  deca_params_init.o(.constdata)
    lde_replicaCoeff                         0x0800a834   Data          50  deca_params_init.o(.constdata)
    chan_idxnb                               0x0800a866   Data           8  deca_range_tables.o(.constdata)
    chan_idxwb                               0x0800a86e   Data           8  deca_range_tables.o(.constdata)
    range25cm16PRFnb                         0x0800a876   Data         148  deca_range_tables.o(.constdata)
    range25cm16PRFwb                         0x0800a90a   Data         136  deca_range_tables.o(.constdata)
    range25cm64PRFnb                         0x0800a992   Data         104  deca_range_tables.o(.constdata)
    range25cm64PRFwb                         0x0800a9fa   Data         118  deca_range_tables.o(.constdata)
    Virtual_Com_Port_DeviceDescriptor        0x0800aa70   Data          18  usb_desc.o(.constdata)
    Virtual_Com_Port_ConfigDescriptor        0x0800aa82   Data          67  usb_desc.o(.constdata)
    Virtual_Com_Port_StringLangID            0x0800aac5   Data           4  usb_desc.o(.constdata)
    Virtual_Com_Port_StringVendor            0x0800aac9   Data          24  usb_desc.o(.constdata)
    Virtual_Com_Port_StringProduct           0x0800aae1   Data          38  usb_desc.o(.constdata)
    Region$$Table$$Base                      0x0800abc0   Number         0  anon$$obj.o(Region$$Table)
    Region$$Table$$Limit                     0x0800abe0   Number         0  anon$$obj.o(Region$$Table)
    TimeSlot_Number_R_TAG                    0x20000000   Data           1  instance.o(.data)
    TimeSlot_Number_S                        0x20000002   Data           2  instance.o(.data)
    TimeSlot_Number_R                        0x20000004   Data           2  instance.o(.data)
    TimeSlot_Number_A1_FLAG                  0x20000006   Data           1  instance.o(.data)
    TimeSlot_Number_A2_FLAG                  0x20000007   Data           1  instance.o(.data)
    TimeSlot_Number_A3_FLAG                  0x20000008   Data           1  instance.o(.data)
    status_idx                               0x2000000c   Data           4  deca_device.o(.data)
    s1switch                                 0x20000010   Data           1  main.o(.data)
    sendTWRRawReports                        0x20000011   Data           1  main.o(.data)
    instance_anchaddr                        0x20000014   Data           4  main.o(.data)
    dr_mode                                  0x20000018   Data           4  main.o(.data)
    instance_mode                            0x2000001c   Data           4  main.o(.data)
    pauseTWRReports                          0x20000020   Data           4  main.o(.data)
    chan                                     0x20000024   Data           4  main.o(.data)
    chConfig                                 0x20000028   Data          40  main.o(.data)
    sfConfig                                 0x20000050   Data          40  main.o(.data)
    time32_incr                              0x20000078   Data           4  stm32f10x_it.o(.data)
    EXTI_InitStructure                       0x2000007c   Data           8  hw_config.o(.data)
    Virtual_Com_Port_StringSerial            0x20000084   Data          38  usb_desc.o(.data)
    bIntPackSOF                              0x200000b4   Data           1  usb_istr.o(.data)
    wIstr                                    0x200000b6   Data           2  usb_istr.o(.data)
    esof_counter                             0x200000b8   Data           4  usb_istr.o(.data)
    wCNTR                                    0x200000bc   Data           4  usb_istr.o(.data)
    pEpInt_IN                                0x200000c0   Data          28  usb_istr.o(.data)
    pEpInt_OUT                               0x200000dc   Data          28  usb_istr.o(.data)
    Request                                  0x200000f8   Data           1  usb_prop.o(.data)
    linecoding                               0x200000fc   Data           8  usb_prop.o(.data)
    Device_Descriptor                        0x20000104   Data           8  usb_prop.o(.data)
    Config_Descriptor                        0x2000010c   Data           8  usb_prop.o(.data)
    Device_Property                          0x20000114   Data          48  usb_prop.o(.data)
    String_Descriptor                        0x20000144   Data          32  usb_prop.o(.data)
    Device_Table                             0x20000164   Data           2  usb_prop.o(.data)
    User_Standard_Requests                   0x20000168   Data          36  usb_prop.o(.data)
    bDeviceState                             0x2000018c   Data           4  usb_pwr.o(.data)
    fSuspendEnabled                          0x20000190   Data           1  usb_pwr.o(.data)
    ResumeS                                  0x20000194   Data           2  usb_pwr.o(.data)
    remotewakeupon                           0x20000198   Data           4  usb_pwr.o(.data)
    Data_Mul_MaxPacketSize                   0x2000019c   Data           1  usb_core.o(.data)
    StatusInfo                               0x2000019e   Data           2  usb_core.o(.data)
    EPindex                                  0x200001a0   Data           1  usb_init.o(.data)
    pInformation                             0x200001a4   Data           4  usb_init.o(.data)
    pProperty                                0x200001a8   Data           4  usb_init.o(.data)
    pUser_Standard_Requests                  0x200001ac   Data           4  usb_init.o(.data)
    wInterrupt_Mask                          0x200001b0   Data           2  usb_init.o(.data)
    SaveRState                               0x200001b2   Data           2  usb_int.o(.data)
    SaveTState                               0x200001b4   Data           2  usb_int.o(.data)
    len                                      0x200001ba   Data           1  usart.o(.data)
    USART_RX_STA                             0x200001bc   Data           2  usart.o(.data)
    DMA1_MEM_LEN                             0x200001be   Data           2  dma.o(.data)
    SystemCoreClock                          0x200001d4   Data           4  system_stm32f10x.o(.data)
    AHBPrescTable                            0x200001d8   Data          16  system_stm32f10x.o(.data)
    inst_tdist                               0x200001e8   Data          64  instance_common.o(.bss)
    inst_idist                               0x20000228   Data          32  instance_common.o(.bss)
    inst_idistraw                            0x20000248   Data          32  instance_common.o(.bss)
    instance_data                            0x20000268   Data        1792  instance_common.o(.bss)
    dw_event_g                               0x20000968   Data         160  instance_common.o(.bss)
    last_status                              0x20000a98   Data          40  deca_device.o(.bss)
    buff_sn                                  0x20000ac0   Data          41  device_info.o(.bss)
    sys_para                                 0x20000aea   Data          22  device_info.o(.bss)
    FLAH_BUFF0                               0x20000b00   Data          32  device_info.o(.bss)
    SendBuff                                 0x20000b20   Data         130  main.o(.bss)
    DMA_USART_Buff                           0x20000ba2   Data         130  main.o(.bss)
    USB_RxBuff                               0x20000c24   Data          30  main.o(.bss)
    STMFLASH_BUF                             0x20000c42   Data        1024  stmflash.o(.bss)
    EP                                       0x20001ae4   Data          32  usb_pwr.o(.bss)
    Device_Info                              0x20001b04   Data          28  usb_init.o(.bss)
    USART_RX_BUF                             0x20001b20   Data         200  usart.o(.bss)
    DMA_InitStructure                        0x20001be8   Data          44  dma.o(.bss)
    __libspace_start                         0x20001c14   Data          96  libspace.o(.bss)
    __temporary_stack_top$libspace           0x20001c74   Data           0  libspace.o(.bss)



==============================================================================

Memory Map of the image

  Image Entry point : 0x080000ed

  Load Region LR_IROM1 (Base: 0x08000000, Size: 0x0000adc8, Max: 0x00010000, ABSOLUTE, COMPRESSED[0x0000acbc])

    Execution Region ER_IROM1 (Base: 0x08000000, Size: 0x0000abe0, Max: 0x00010000, ABSOLUTE)

    Base Addr    Size         Type   Attr      Idx    E Section Name        Object

    0x08000000   0x000000ec   Data   RO          956    RESET               startup_stm32f10x_md.o
    0x080000ec   0x00000008   Code   RO         1048  * !!!main             c_w.l(__main.o)
    0x080000f4   0x00000034   Code   RO         1299    !!!scatter          c_w.l(__scatter.o)
    0x08000128   0x0000005a   Code   RO         1297    !!dczerorl2         c_w.l(__dczerorl2.o)
    0x08000182   0x00000002   PAD
    0x08000184   0x0000001c   Code   RO         1301    !!handler_zi        c_w.l(__scatter_zi.o)
    0x080001a0   0x00000000   Code   RO         1039    .ARM.Collect$$_printf_percent$$00000000  c_w.l(_printf_percent.o)
    0x080001a0   0x00000006   Code   RO         1038    .ARM.Collect$$_printf_percent$$00000009  c_w.l(_printf_d.o)
    0x080001a6   0x00000006   Code   RO         1037    .ARM.Collect$$_printf_percent$$0000000C  c_w.l(_printf_x.o)
    0x080001ac   0x00000006   Code   RO         1036    .ARM.Collect$$_printf_percent$$00000013  c_w.l(_printf_c.o)
    0x080001b2   0x00000004   Code   RO         1125    .ARM.Collect$$_printf_percent$$00000017  c_w.l(_printf_percent_end.o)
    0x080001b6   0x00000002   Code   RO         1169    .ARM.Collect$$libinit$$00000000  c_w.l(libinit.o)
    0x080001b8   0x00000000   Code   RO         1178    .ARM.Collect$$libinit$$00000002  c_w.l(libinit2.o)
    0x080001b8   0x00000000   Code   RO         1180    .ARM.Collect$$libinit$$00000004  c_w.l(libinit2.o)
    0x080001b8   0x00000000   Code   RO         1183    .ARM.Collect$$libinit$$0000000A  c_w.l(libinit2.o)
    0x080001b8   0x00000000   Code   RO         1185    .ARM.Collect$$libinit$$0000000C  c_w.l(libinit2.o)
    0x080001b8   0x00000000   Code   RO         1187    .ARM.Collect$$libinit$$0000000E  c_w.l(libinit2.o)
    0x080001b8   0x00000000   Code   RO         1190    .ARM.Collect$$libinit$$00000011  c_w.l(libinit2.o)
    0x080001b8   0x00000000   Code   RO         1192    .ARM.Collect$$libinit$$00000013  c_w.l(libinit2.o)
    0x080001b8   0x00000000   Code   RO         1194    .ARM.Collect$$libinit$$00000015  c_w.l(libinit2.o)
    0x080001b8   0x00000000   Code   RO         1196    .ARM.Collect$$libinit$$00000017  c_w.l(libinit2.o)
    0x080001b8   0x00000000   Code   RO         1198    .ARM.Collect$$libinit$$00000019  c_w.l(libinit2.o)
    0x080001b8   0x00000000   Code   RO         1200    .ARM.Collect$$libinit$$0000001B  c_w.l(libinit2.o)
    0x080001b8   0x00000000   Code   RO         1202    .ARM.Collect$$libinit$$0000001D  c_w.l(libinit2.o)
    0x080001b8   0x00000000   Code   RO         1204    .ARM.Collect$$libinit$$0000001F  c_w.l(libinit2.o)
    0x080001b8   0x00000000   Code   RO         1206    .ARM.Collect$$libinit$$00000021  c_w.l(libinit2.o)
    0x080001b8   0x00000000   Code   RO         1208    .ARM.Collect$$libinit$$00000023  c_w.l(libinit2.o)
    0x080001b8   0x00000000   Code   RO         1210    .ARM.Collect$$libinit$$00000025  c_w.l(libinit2.o)
    0x080001b8   0x00000000   Code   RO         1214    .ARM.Collect$$libinit$$0000002C  c_w.l(libinit2.o)
    0x080001b8   0x00000000   Code   RO         1216    .ARM.Collect$$libinit$$0000002E  c_w.l(libinit2.o)
    0x080001b8   0x00000000   Code   RO         1218    .ARM.Collect$$libinit$$00000030  c_w.l(libinit2.o)
    0x080001b8   0x00000000   Code   RO         1220    .ARM.Collect$$libinit$$00000032  c_w.l(libinit2.o)
    0x080001b8   0x00000002   Code   RO         1221    .ARM.Collect$$libinit$$00000033  c_w.l(libinit2.o)
    0x080001ba   0x00000002   Code   RO         1239    .ARM.Collect$$libshutdown$$00000000  c_w.l(libshutdown.o)
    0x080001bc   0x00000000   Code   RO         1249    .ARM.Collect$$libshutdown$$00000002  c_w.l(libshutdown2.o)
    0x080001bc   0x00000000   Code   RO         1251    .ARM.Collect$$libshutdown$$00000004  c_w.l(libshutdown2.o)
    0x080001bc   0x00000000   Code   RO         1254    .ARM.Collect$$libshutdown$$00000007  c_w.l(libshutdown2.o)
    0x080001bc   0x00000000   Code   RO         1257    .ARM.Collect$$libshutdown$$0000000A  c_w.l(libshutdown2.o)
    0x080001bc   0x00000000   Code   RO         1259    .ARM.Collect$$libshutdown$$0000000C  c_w.l(libshutdown2.o)
    0x080001bc   0x00000000   Code   RO         1262    .ARM.Collect$$libshutdown$$0000000F  c_w.l(libshutdown2.o)
    0x080001bc   0x00000002   Code   RO         1263    .ARM.Collect$$libshutdown$$00000010  c_w.l(libshutdown2.o)
    0x080001be   0x00000000   Code   RO         1116    .ARM.Collect$$rtentry$$00000000  c_w.l(__rtentry.o)
    0x080001be   0x00000000   Code   RO         1142    .ARM.Collect$$rtentry$$00000002  c_w.l(__rtentry2.o)
    0x080001be   0x00000006   Code   RO         1154    .ARM.Collect$$rtentry$$00000004  c_w.l(__rtentry4.o)
    0x080001c4   0x00000000   Code   RO         1144    .ARM.Collect$$rtentry$$00000009  c_w.l(__rtentry2.o)
    0x080001c4   0x00000004   Code   RO         1145    .ARM.Collect$$rtentry$$0000000A  c_w.l(__rtentry2.o)
    0x080001c8   0x00000000   Code   RO         1147    .ARM.Collect$$rtentry$$0000000C  c_w.l(__rtentry2.o)
    0x080001c8   0x00000008   Code   RO         1148    .ARM.Collect$$rtentry$$0000000D  c_w.l(__rtentry2.o)
    0x080001d0   0x00000002   Code   RO         1175    .ARM.Collect$$rtexit$$00000000  c_w.l(rtexit.o)
    0x080001d2   0x00000000   Code   RO         1223    .ARM.Collect$$rtexit$$00000002  c_w.l(rtexit2.o)
    0x080001d2   0x00000004   Code   RO         1224    .ARM.Collect$$rtexit$$00000003  c_w.l(rtexit2.o)
    0x080001d6   0x00000006   Code   RO         1225    .ARM.Collect$$rtexit$$00000004  c_w.l(rtexit2.o)
    0x080001dc   0x00000eac   Code   RO            1    .text               instance.o
    0x08001088   0x00000040   Code   RO          178    .text               instance_calib.o
    0x080010c8   0x000011a8   Code   RO          200    .text               instance_common.o
    0x08002270   0x000018a8   Code   RO          219    .text               deca_device.o
    0x08003b18   0x000000d8   Code   RO          273    .text               deca_range_tables.o
    0x08003bf0   0x0000002c   Code   RO          292    .text               deca_mutex.o
    0x08003c1c   0x000000e0   Code   RO          308    .text               deca_spi.o
    0x08003cfc   0x00000134   Code   RO          320    .text               device_info.o
    0x08003e30   0x00000794   Code   RO          343    .text               main.o
    0x080045c4   0x00000060   Code   RO          385    .text               stm32f10x_it.o
    0x08004624   0x000000e0   Code   RO          429    .text               led.o
    0x08004704   0x0000040c   Code   RO          441    .text               port.o
    0x08004b10   0x00000118   Code   RO          458    .text               stmflash.o
    0x08004c28   0x00000c2a   Code   RO          473    .text               stm32f10x_tim.o
    0x08005852   0x00000002   PAD
    0x08005854   0x000001a0   Code   RO          485    .text               hw_config.o
    0x080059f4   0x000000b0   Code   RO          565    .text               usb_endp.o
    0x08005aa4   0x00000164   Code   RO          583    .text               usb_istr.o
    0x08005c08   0x0000000c   Code   RO          603    .text               usb_it.o
    0x08005c14   0x00000200   Code   RO          615    .text               usb_prop.o
    0x08005e14   0x000001c0   Code   RO          640    .text               usb_pwr.o
    0x08005fd4   0x00000858   Code   RO          661    .text               usb_core.o
    0x0800682c   0x00000028   Code   RO          676    .text               usb_init.o
    0x08006854   0x00000224   Code   RO          702    .text               usb_int.o
    0x08006a78   0x00000048   Code   RO          726    .text               usb_mem.o
    0x08006ac0   0x000006f8   Code   RO          738    .text               usb_regs.o
    0x080071b8   0x0000006c   Code   RO          750    .text               usb_sil.o
    0x08007224   0x000000ac   Code   RO          762    .text               delay.o
    0x080072d0   0x000001d8   Code   RO          793    .text               usart.o
    0x080074a8   0x00000078   Code   RO          822    .text               dma.o
    0x08007520   0x00000422   Code   RO          838    .text               queue.o
    0x08007942   0x00000002   PAD
    0x08007944   0x000000b8   Code   RO          856    .text               misc.o
    0x080079fc   0x000001e8   Code   RO          868    .text               stm32f10x_dma.o
    0x08007be4   0x000000ec   Code   RO          880    .text               stm32f10x_exti.o
    0x08007cd0   0x000004a4   Code   RO          892    .text               stm32f10x_flash.o
    0x08008174   0x00000298   Code   RO          904    .text               stm32f10x_gpio.o
    0x0800840c   0x000002f4   Code   RO          916    .text               stm32f10x_rcc.o
    0x08008700   0x000002b4   Code   RO          930    .text               stm32f10x_spi.o
    0x080089b4   0x0000039c   Code   RO          942    .text               stm32f10x_usart.o
    0x08008d50   0x00000040   Code   RO          957    .text               startup_stm32f10x_md.o
    0x08008d90   0x00000174   Code   RO          961    .text               system_stm32f10x.o
    0x08008f04   0x00000002   Code   RO          981    .text               c_w.l(use_no_semi_2.o)
    0x08008f06   0x00000002   PAD
    0x08008f08   0x0000002c   Code   RO          983    .text               c_w.l(__2sprintf.o)
    0x08008f34   0x0000004e   Code   RO          989    .text               c_w.l(_printf_pad.o)
    0x08008f82   0x00000052   Code   RO          991    .text               c_w.l(_printf_str.o)
    0x08008fd4   0x00000078   Code   RO          993    .text               c_w.l(_printf_dec.o)
    0x0800904c   0x00000058   Code   RO          998    .text               c_w.l(_printf_hex_int.o)
    0x080090a4   0x00000138   Code   RO         1028    .text               c_w.l(__printf_flags_wp.o)
    0x080091dc   0x0000008a   Code   RO         1040    .text               c_w.l(rt_memcpy_v6.o)
    0x08009266   0x00000064   Code   RO         1042    .text               c_w.l(rt_memcpy_w.o)
    0x080092ca   0x0000004e   Code   RO         1044    .text               c_w.l(rt_memclr_w.o)
    0x08009318   0x00000006   Code   RO         1046    .text               c_w.l(heapauxi.o)
    0x0800931e   0x00000002   Code   RO         1114    .text               c_w.l(use_no_semi.o)
    0x08009320   0x000000b2   Code   RO         1117    .text               c_w.l(_printf_intcommon.o)
    0x080093d2   0x00000002   PAD
    0x080093d4   0x00000030   Code   RO         1119    .text               c_w.l(_printf_char_common.o)
    0x08009404   0x0000000a   Code   RO         1121    .text               c_w.l(_sputc.o)
    0x0800940e   0x0000002c   Code   RO         1123    .text               c_w.l(_printf_char.o)
    0x0800943a   0x0000004a   Code   RO         1160    .text               c_w.l(sys_stackheap_outer.o)
    0x08009484   0x00000012   Code   RO         1162    .text               c_w.l(exit.o)
    0x08009496   0x00000002   PAD
    0x08009498   0x00000008   Code   RO         1172    .text               c_w.l(libspace.o)
    0x080094a0   0x0000000e   Code   RO         1026    i._is_digit         c_w.l(__printf_wp.o)
    0x080094ae   0x00000002   PAD
    0x080094b0   0x000000dc   Code   RO         1111    i.ceil              m_ws.l(ceil.o)
    0x0800958c   0x00000062   Code   RO         1050    x$fpl$d2f           fz_ws.l(d2f.o)
    0x080095ee   0x00000002   PAD
    0x080095f0   0x00000150   Code   RO         1052    x$fpl$dadd          fz_ws.l(daddsub_clz.o)
    0x08009740   0x00000010   Code   RO         1126    x$fpl$dcheck1       fz_ws.l(dcheck1.o)
    0x08009750   0x00000018   Code   RO         1128    x$fpl$dcmpinf       fz_ws.l(dcmpi.o)
    0x08009768   0x000002b0   Code   RO         1059    x$fpl$ddiv          fz_ws.l(ddiv.o)
    0x08009a18   0x0000005e   Code   RO         1062    x$fpl$dfix          fz_ws.l(dfix.o)
    0x08009a76   0x0000002e   Code   RO         1071    x$fpl$dflt          fz_ws.l(dflt_clz.o)
    0x08009aa4   0x000000a2   Code   RO         1076    x$fpl$dfltll        fz_ws.l(dfltll_clz.o)
    0x08009b46   0x00000026   Code   RO         1070    x$fpl$dfltu         fz_ws.l(dflt_clz.o)
    0x08009b6c   0x00000078   Code   RO         1080    x$fpl$dleqf         fz_ws.l(dleqf.o)
    0x08009be4   0x00000154   Code   RO         1082    x$fpl$dmul          fz_ws.l(dmul.o)
    0x08009d38   0x0000009c   Code   RO         1130    x$fpl$dnaninf       fz_ws.l(dnaninf.o)
    0x08009dd4   0x0000000c   Code   RO         1132    x$fpl$dretinf       fz_ws.l(dretinf.o)
    0x08009de0   0x0000006c   Code   RO         1084    x$fpl$drleqf        fz_ws.l(drleqf.o)
    0x08009e4c   0x00000016   Code   RO         1053    x$fpl$drsb          fz_ws.l(daddsub_clz.o)
    0x08009e62   0x00000002   PAD
    0x08009e64   0x000001d4   Code   RO         1054    x$fpl$dsub          fz_ws.l(daddsub_clz.o)
    0x0800a038   0x00000056   Code   RO         1086    x$fpl$f2d           fz_ws.l(f2d.o)
    0x0800a08e   0x00000002   PAD
    0x0800a090   0x000000c4   Code   RO         1088    x$fpl$fadd          fz_ws.l(faddsub_clz.o)
    0x0800a154   0x0000000c   Code   RO         1134    x$fpl$fcheck1       fz_ws.l(fcheck1.o)
    0x0800a160   0x00000184   Code   RO         1095    x$fpl$fdiv          fz_ws.l(fdiv.o)
    0x0800a2e4   0x00000030   Code   RO         1099    x$fpl$fflt          fz_ws.l(fflt_clz.o)
    0x0800a314   0x00000102   Code   RO         1104    x$fpl$fmul          fz_ws.l(fmul.o)
    0x0800a416   0x0000008c   Code   RO         1136    x$fpl$fnaninf       fz_ws.l(fnaninf.o)
    0x0800a4a2   0x0000000a   Code   RO         1138    x$fpl$fretinf       fz_ws.l(fretinf.o)
    0x0800a4ac   0x000000ea   Code   RO         1090    x$fpl$fsub          fz_ws.l(faddsub_clz.o)
    0x0800a596   0x00000002   PAD
    0x0800a598   0x00000078   Code   RO         1066    x$fpl$llufromd      fz_ws.l(dfixull.o)
    0x0800a610   0x00000064   Code   RO         1158    x$fpl$retnan        fz_ws.l(retnan.o)
    0x0800a674   0x0000005c   Code   RO         1106    x$fpl$scalbn        fz_ws.l(scalbn.o)
    0x0800a6d0   0x0000004c   Code   RO         1108    x$fpl$scalbnf       fz_ws.l(scalbnf.o)
    0x0800a71c   0x00000030   Code   RO         1170    x$fpl$trapveneer    fz_ws.l(trapv.o)
    0x0800a74c   0x00000000   Code   RO         1140    x$fpl$usenofp       fz_ws.l(usenofp.o)
    0x0800a74c   0x00000060   Data   RO          179    .constdata          instance_calib.o
    0x0800a7ac   0x00000004   Data   RO          180    .constdata          instance_calib.o
    0x0800a7b0   0x00000004   Data   RO          181    .constdata          instance_calib.o
    0x0800a7b4   0x00000008   Data   RO          245    .constdata          deca_params_init.o
    0x0800a7bc   0x00000018   Data   RO          246    .constdata          deca_params_init.o
    0x0800a7d4   0x0000001e   Data   RO          247    .constdata          deca_params_init.o
    0x0800a7f2   0x00000001   Data   RO          248    .constdata          deca_params_init.o
    0x0800a7f3   0x00000002   Data   RO          249    .constdata          deca_params_init.o
    0x0800a7f5   0x00000003   PAD
    0x0800a7f8   0x00000008   Data   RO          250    .constdata          deca_params_init.o
    0x0800a800   0x00000003   Data   RO          251    .constdata          deca_params_init.o
    0x0800a803   0x00000001   PAD
    0x0800a804   0x0000000c   Data   RO          252    .constdata          deca_params_init.o
    0x0800a810   0x00000004   Data   RO          253    .constdata          deca_params_init.o
    0x0800a814   0x00000020   Data   RO          254    .constdata          deca_params_init.o
    0x0800a834   0x00000032   Data   RO          255    .constdata          deca_params_init.o
    0x0800a866   0x0000020a   Data   RO          274    .constdata          deca_range_tables.o
    0x0800aa70   0x00000012   Data   RO          548    .constdata          usb_desc.o
    0x0800aa82   0x00000043   Data   RO          549    .constdata          usb_desc.o
    0x0800aac5   0x00000004   Data   RO          550    .constdata          usb_desc.o
    0x0800aac9   0x00000018   Data   RO          551    .constdata          usb_desc.o
    0x0800aae1   0x00000026   Data   RO          552    .constdata          usb_desc.o
    0x0800ab07   0x00000028   Data   RO          999    .constdata          c_w.l(_printf_hex_int.o)
    0x0800ab2f   0x00000011   Data   RO         1029    .constdata          c_w.l(__printf_flags_wp.o)
    0x0800ab40   0x0000007f   Data   RO          182    .conststring        instance_calib.o
    0x0800abbf   0x00000001   PAD
    0x0800abc0   0x00000020   Data   RO         1295    Region$$Table       anon$$obj.o


    Execution Region RW_IRAM1 (Base: 0x20000000, Size: 0x00002278, Max: 0x00005000, ABSOLUTE, COMPRESSED[0x000000dc])

    Base Addr    Size         Type   Attr      Idx    E Section Name        Object

    0x20000000   0x00000006   Data   RW            2    .data               instance.o
    0x20000006   0x00000001   Data   RW            4    .data               instance.o
    0x20000007   0x00000001   Data   RW            5    .data               instance.o
    0x20000008   0x00000001   Data   RW            6    .data               instance.o
    0x20000009   0x00000003   PAD
    0x2000000c   0x00000004   Data   RW          221    .data               deca_device.o
    0x20000010   0x00000068   Data   RW          346    .data               main.o
    0x20000078   0x00000004   Data   RW          386    .data               stm32f10x_it.o
    0x2000007c   0x00000008   Data   RW          489    .data               hw_config.o
    0x20000084   0x00000026   Data   RW          553    .data               usb_desc.o
    0x200000aa   0x00000002   PAD
    0x200000ac   0x00000008   Data   RW          567    .data               usb_endp.o
    0x200000b4   0x0000000c   Data   RW          584    .data               usb_istr.o
    0x200000c0   0x0000001c   Data   RW          585    .data               usb_istr.o
    0x200000dc   0x0000001c   Data   RW          586    .data               usb_istr.o
    0x200000f8   0x0000006c   Data   RW          616    .data               usb_prop.o
    0x20000164   0x00000002   Data   RW          617    .data               usb_prop.o
    0x20000166   0x00000002   PAD
    0x20000168   0x00000024   Data   RW          618    .data               usb_prop.o
    0x2000018c   0x00000004   Data   RW          642    .data               usb_pwr.o
    0x20000190   0x00000001   Data   RW          643    .data               usb_pwr.o
    0x20000191   0x00000003   PAD
    0x20000194   0x00000008   Data   RW          644    .data               usb_pwr.o
    0x2000019c   0x00000004   Data   RW          662    .data               usb_core.o
    0x200001a0   0x00000001   Data   RW          678    .data               usb_init.o
    0x200001a1   0x00000003   PAD
    0x200001a4   0x0000000c   Data   RW          679    .data               usb_init.o
    0x200001b0   0x00000002   Data   RW          681    .data               usb_init.o
    0x200001b2   0x00000004   Data   RW          703    .data               usb_int.o
    0x200001b6   0x00000004   Data   RW          763    .data               delay.o
    0x200001ba   0x00000004   Data   RW          796    .data               usart.o
    0x200001be   0x00000002   Data   RW          824    .data               dma.o
    0x200001c0   0x00000014   Data   RW          917    .data               stm32f10x_rcc.o
    0x200001d4   0x00000014   Data   RW          962    .data               system_stm32f10x.o
    0x200001e8   0x00000820   Zero   RW          201    .bss                instance_common.o
    0x20000a08   0x000000b8   Zero   RW          220    .bss                deca_device.o
    0x20000ac0   0x00000060   Zero   RW          321    .bss                device_info.o
    0x20000b20   0x00000122   Zero   RW          344    .bss                main.o
    0x20000c42   0x00000400   Zero   RW          459    .bss                stmflash.o
    0x20001042   0x00000002   PAD
    0x20001044   0x00000a20   Zero   RW          486    .bss                hw_config.o
    0x20001a64   0x00000080   Zero   RW          566    .bss                usb_endp.o
    0x20001ae4   0x00000020   Zero   RW          641    .bss                usb_pwr.o
    0x20001b04   0x0000001c   Zero   RW          677    .bss                usb_init.o
    0x20001b20   0x000000c8   Zero   RW          794    .bss                usart.o
    0x20001be8   0x0000002c   Zero   RW          823    .bss                dma.o
    0x20001c14   0x00000060   Zero   RW         1173    .bss                c_w.l(libspace.o)
    0x20001c74   0x00000004   PAD
    0x20001c78   0x00000200   Zero   RW          955    HEAP                startup_stm32f10x_md.o
    0x20001e78   0x00000400   Zero   RW          954    STACK               startup_stm32f10x_md.o


==============================================================================

Image component sizes


      Code (inc. data)   RO Data    RW Data    ZI Data      Debug   Object Name

      6312        124          0          4        184      29478   deca_device.o
        44          6          0          0          0      15914   deca_mutex.o
         0          0        174          0          0       1952   deca_params_init.o
       216         16        522          0          0       2435   deca_range_tables.o
       224          8          0          0          0       2252   deca_spi.o
       172         12          0          4          0       1285   delay.o
       308         44          0          0         96       3250   device_info.o
       120         12          0          2         44       1525   dma.o
       416         32          0          8       2592      17273   hw_config.o
      3756        146          0          9          0     295773   instance.o
        64          6        231          0          0       8485   instance_calib.o
      4520        126          0          0       2080      23203   instance_common.o
       224         26          0          0          0        908   led.o
      1940        302          0        104        290      28537   main.o
       184         12          0          0          0       2029   misc.o
      1036         42          0          0          0      19699   port.o
      1058          0          0          0          0       9887   queue.o
        64         26        236          0       1536        840   startup_stm32f10x_md.o
       488         10          0          0          0       4890   stm32f10x_dma.o
       236         10          0          0          0       2515   stm32f10x_exti.o
      1188         22          0          0          0       9162   stm32f10x_flash.o
       664         36          0          0          0       6309   stm32f10x_gpio.o
        96          4          0          4          0       2150   stm32f10x_it.o
       756         32          0         20          0       9424   stm32f10x_rcc.o
       692         12          0          0          0       7242   stm32f10x_spi.o
      3114         84          0          0          0      25164   stm32f10x_tim.o
       924         20          0          0          0       9268   stm32f10x_usart.o
       280          6          0          0       1024       2802   stmflash.o
         0          0          0          0          0         32   sys.o
       372         34          0         20          0       1975   system_stm32f10x.o
       472         30          0          4        200      19290   usart.o
      2136         90          0          4          0       8775   usb_core.o
         0          0        151         38          0       1079   usb_desc.o
       176         12          0          8        128       1680   usb_endp.o
        40         18          0         15         28       4022   usb_init.o
       548         30          0          4          0       1991   usb_int.o
       356         26          0         68          0       1723   usb_istr.o
        12          0          0          0          0        570   usb_it.o
        72          4          0          0          0       1482   usb_mem.o
       512         20          0        146          0       7279   usb_prop.o
       448         36          0         13         32       3115   usb_pwr.o
      1784         26          0          0          0      11725   usb_regs.o
       108         10          0          0          0       1398   usb_sil.o

    ----------------------------------------------------------------------
     36136       1512       1351        488       8236     609787   Object Totals
         0          0         32          0          0          0   (incl. Generated)
         4          0          5         13          2          0   (incl. Padding)

    ----------------------------------------------------------------------

      Code (inc. data)   RO Data    RW Data    ZI Data      Debug   Library Member Name

        44          6          0          0          0         84   __2sprintf.o
        90          0          0          0          0          0   __dczerorl2.o
         8          0          0          0          0         68   __main.o
       312          4         17          0          0         92   __printf_flags_wp.o
        14          0          0          0          0         68   __printf_wp.o
         0          0          0          0          0          0   __rtentry.o
        12          0          0          0          0          0   __rtentry2.o
         6          0          0          0          0          0   __rtentry4.o
        52          8          0          0          0          0   __scatter.o
        28          0          0          0          0          0   __scatter_zi.o
         6          0          0          0          0          0   _printf_c.o
        44          0          0          0          0        108   _printf_char.o
        48          6          0          0          0         96   _printf_char_common.o
         6          0          0          0          0          0   _printf_d.o
       120         16          0          0          0         92   _printf_dec.o
        88          4         40          0          0         88   _printf_hex_int.o
       178          0          0          0          0         88   _printf_intcommon.o
        78          0          0          0          0        108   _printf_pad.o
         0          0          0          0          0          0   _printf_percent.o
         4          0          0          0          0          0   _printf_percent_end.o
        82          0          0          0          0         80   _printf_str.o
         6          0          0          0          0          0   _printf_x.o
        10          0          0          0          0         68   _sputc.o
        18          0          0          0          0         80   exit.o
         6          0          0          0          0        152   heapauxi.o
         2          0          0          0          0          0   libinit.o
         2          0          0          0          0          0   libinit2.o
         2          0          0          0          0          0   libshutdown.o
         2          0          0          0          0          0   libshutdown2.o
         8          4          0          0         96         68   libspace.o
        78          0          0          0          0         80   rt_memclr_w.o
       138          0          0          0          0         68   rt_memcpy_v6.o
       100          0          0          0          0         80   rt_memcpy_w.o
         2          0          0          0          0          0   rtexit.o
        10          0          0          0          0          0   rtexit2.o
        74          0          0          0          0         80   sys_stackheap_outer.o
         2          0          0          0          0         68   use_no_semi.o
         2          0          0          0          0         68   use_no_semi_2.o
        98          4          0          0          0         92   d2f.o
       826         16          0          0          0        348   daddsub_clz.o
        16          4          0          0          0         68   dcheck1.o
        24          0          0          0          0         68   dcmpi.o
       688        140          0          0          0        208   ddiv.o
        94          4          0          0          0         92   dfix.o
       120          4          0          0          0        104   dfixull.o
        84          0          0          0          0        136   dflt_clz.o
       162          0          0          0          0         84   dfltll_clz.o
       120          4          0          0          0         92   dleqf.o
       340         12          0          0          0        104   dmul.o
       156          4          0          0          0         92   dnaninf.o
        12          0          0          0          0         68   dretinf.o
       108          0          0          0          0         80   drleqf.o
        86          4          0          0          0         84   f2d.o
       430          8          0          0          0        168   faddsub_clz.o
        12          4          0          0          0         68   fcheck1.o
       388         76          0          0          0         96   fdiv.o
        48          0          0          0          0         68   fflt_clz.o
       258          4          0          0          0         84   fmul.o
       140          4          0          0          0         84   fnaninf.o
        10          0          0          0          0         68   fretinf.o
       100          0          0          0          0         68   retnan.o
        92          0          0          0          0         68   scalbn.o
        76          0          0          0          0         68   scalbnf.o
        48          0          0          0          0         68   trapv.o
         0          0          0          0          0          0   usenofp.o
       220         16          0          0          0         84   ceil.o

    ----------------------------------------------------------------------
      6456        356         57          0        100       4496   Library Totals
        18          0          0          0          4          0   (incl. Padding)

    ----------------------------------------------------------------------

      Code (inc. data)   RO Data    RW Data    ZI Data      Debug   Library Name

      1682         48         57          0         96       1784   c_w.l
      4536        292          0          0          0       2628   fz_ws.l
       220         16          0          0          0         84   m_ws.l

    ----------------------------------------------------------------------
      6456        356         57          0        100       4496   Library Totals

    ----------------------------------------------------------------------

==============================================================================


      Code (inc. data)   RO Data    RW Data    ZI Data      Debug   

     42592       1868       1408        488       8336     607155   Grand Totals
     42592       1868       1408        220       8336     607155   ELF Image Totals (compressed)
     42592       1868       1408        220          0          0   ROM Totals

==============================================================================

    Total RO  Size (Code + RO Data)                44000 (  42.97kB)
    Total RW  Size (RW Data + ZI Data)              8824 (   8.62kB)
    Total ROM Size (Code + RO Data + RW Data)      44220 (  43.18kB)

==============================================================================

