Component: ARM Compiler 5.06 update 4 (build 422) Tool: armlink [4d35d2]

==============================================================================

Section Cross References

    instance.o(.text) refers to _printf_percent.o(.ARM.Collect$$_printf_percent$$00000000) for _printf_percent
    instance.o(.text) refers to _printf_d.o(.ARM.Collect$$_printf_percent$$00000009) for _printf_d
    instance.o(.text) refers to _printf_dec.o(.text) for _printf_int_dec
    instance.o(.text) refers to deca_device.o(.text) for dwt_writetxfctrl
    instance.o(.text) refers to port.o(.text) for portGetTickCnt
    instance.o(.text) refers to instance_common.o(.text) for reportTOF
    instance.o(.text) refers to delay.o(.text) for Sleep
    instance.o(.text) refers to dfltll_clz.o(x$fpl$dfltll) for __aeabi_l2d
    instance.o(.text) refers to dmul.o(x$fpl$dmul) for __aeabi_dmul
    instance.o(.text) refers to daddsub_clz.o(x$fpl$dsub) for __aeabi_dsub
    instance.o(.text) refers to daddsub_clz.o(x$fpl$dadd) for __aeabi_dadd
    instance.o(.text) refers to ddiv.o(x$fpl$ddiv) for __aeabi_ddiv
    instance.o(.text) refers to dfix.o(x$fpl$dfix) for __aeabi_d2iz
    instance.o(.text) refers to __2sprintf.o(.text) for __2sprintf
    instance.o(.text) refers to hw_config.o(.text) for USB_TxWrite
    instance.o(.text) refers to scalbnf.o(x$fpl$scalbnf) for __ARM_scalbnf
    instance.o(.text) refers to fdiv.o(x$fpl$fdiv) for __aeabi_fdiv
    instance.o(.text) refers to f2d.o(x$fpl$f2d) for __aeabi_f2d
    instance.o(.text) refers to ceil.o(i.ceil) for ceil
    instance.o(.text) refers to fflt_clz.o(x$fpl$fflt) for __aeabi_i2f
    instance.o(.text) refers to faddsub_clz.o(x$fpl$fadd) for __aeabi_fadd
    instance.o(.text) refers to fmul.o(x$fpl$fmul) for __aeabi_fmul
    instance.o(.text) refers to dflt_clz.o(x$fpl$dflt) for __aeabi_i2d
    instance.o(.text) refers to instance.o(.data) for .data
    instance.o(.text) refers to instance_common.o(.bss) for instance_data
    instance.o(.text) refers to deca_params_init.o(.constdata) for dwnsSFDlen
    instance_calib.o(.text) refers to rt_memcpy_w.o(.text) for __aeabi_memcpy4
    instance_calib.o(.text) refers to port.o(.text) for SPI_ConfigFastRate
    instance_calib.o(.text) refers to deca_device.o(.text) for dwt_configcontinuousframemode
    instance_calib.o(.text) refers to instance_calib.o(.conststring) for .conststring
    instance_common.o(.text) refers to _printf_percent.o(.ARM.Collect$$_printf_percent$$00000000) for _printf_percent
    instance_common.o(.text) refers to _printf_d.o(.ARM.Collect$$_printf_percent$$00000009) for _printf_d
    instance_common.o(.text) refers to _printf_dec.o(.text) for _printf_int_dec
    instance_common.o(.text) refers to ddiv.o(x$fpl$ddiv) for __aeabi_ddiv
    instance_common.o(.text) refers to dfixull.o(x$fpl$llufromd) for __aeabi_d2ulz
    instance_common.o(.text) refers to dflt_clz.o(x$fpl$dflt) for __aeabi_i2d
    instance_common.o(.text) refers to dmul.o(x$fpl$dmul) for __aeabi_dmul
    instance_common.o(.text) refers to d2f.o(x$fpl$d2f) for __aeabi_d2f
    instance_common.o(.text) refers to deca_range_tables.o(.text) for dwt_getrangebias
    instance_common.o(.text) refers to daddsub_clz.o(x$fpl$drsb) for __aeabi_drsub
    instance_common.o(.text) refers to dleqf.o(x$fpl$dleqf) for __aeabi_cdcmple
    instance_common.o(.text) refers to drleqf.o(x$fpl$drleqf) for __aeabi_cdrcmple
    instance_common.o(.text) refers to deca_device.o(.text) for dwt_configeventcounters
    instance_common.o(.text) refers to rt_memcpy_w.o(.text) for __aeabi_memcpy4
    instance_common.o(.text) refers to port.o(.text) for portGetTickCnt
    instance_common.o(.text) refers to instance_common.o(.bss) for .bss
    instance_common.o(.text) refers to led.o(.text) for led_on
    instance_common.o(.text) refers to __2sprintf.o(.text) for __2sprintf
    instance_common.o(.text) refers to hw_config.o(.text) for USB_TxWrite
    instance_common.o(.text) refers to rt_memclr_w.o(.text) for __aeabi_memclr4
    instance_common.o(.text) refers to instance.o(.text) for instancesetreplydelay
    instance_common.o(.text) refers to dfix.o(x$fpl$dfix) for __aeabi_d2iz
    instance_common.o(.text) refers to instance_calib.o(.constdata) for txSpectrumConfig
    instance_common.o(.text) refers to instance_calib.o(.constdata) for rfDelays
    instance_common.o(.text) refers to instance_calib.o(.constdata) for rfDelaysTREK
    instance_common.o(.text) refers to stm32f10x_gpio.o(.text) for GPIO_ResetBits
    instance_common.o(.text) refers to delay.o(.text) for Sleep
    deca_device.o(.text) refers to deca_spi.o(.text) for writetospi_serial
    deca_device.o(.text) refers to delay.o(.text) for Sleep
    deca_device.o(.text) refers to deca_device.o(.bss) for .bss
    deca_device.o(.text) refers to deca_params_init.o(.constdata) for pll2calcfg
    deca_device.o(.text) refers to deca_params_init.o(.constdata) for chan_idx
[...]
    EXTI9_5_IRQHandler                       0x08004811   Thumb Code    16  stm32f10x_it.o(.text)
    GPIO_Configuration                       0x08004825   Thumb Code    98  led.o(.text)
    led_off                                  0x08004887   Thumb Code    56  led.o(.text)
    led_on                                   0x080048bf   Thumb Code    56  led.o(.text)
    CPU_TS_TmrInit                           0x08004905   Thumb Code    26  port.o(.text)
    OS_TS_GET                                0x0800491f   Thumb Code     6  port.o(.text)
    CPU_Init                                 0x08004925   Thumb Code     2  port.o(.text)
    MY_INIT_TIM3                             0x08004927   Thumb Code    52  port.o(.text)
    No_Configuration                         0x0800495b   Thumb Code     6  port.o(.text)
    portGetTickCnt                           0x08004961   Thumb Code     6  port.o(.text)
    SysTick_Configuration                    0x08004967   Thumb Code    74  port.o(.text)
    NVIC_DisableDECAIRQ                      0x080049b1   Thumb Code    32  port.o(.text)
    NVIC_Configuration                       0x080049d1   Thumb Code    96  port.o(.text)
    EXTI_GetITEnStatus                       0x08004a31   Thumb Code    18  port.o(.text)
    RCC_Configuration                        0x08004a43   Thumb Code   144  port.o(.text)
    SPI_ChangeRate                           0x08004ad3   Thumb Code    14  port.o(.text)
    SPI_ConfigFastRate                       0x08004ae1   Thumb Code    80  port.o(.text)
    SPI_Configuration                        0x08004b31   Thumb Code   166  port.o(.text)
    reset_DW1000                             0x08004bd7   Thumb Code    68  port.o(.text)
    setup_DW1000RSTnIRQ                      0x08004c1b   Thumb Code   140  port.o(.text)
    is_IRQ_enabled                           0x08004ca7   Thumb Code    10  port.o(.text)
    peripherals_init                         0x08004cb1   Thumb Code    22  port.o(.text)
    STMFLASH_ReadHalfWord                    0x08004d11   Thumb Code     4  stmflash.o(.text)
    STMFLASH_Write_NoCheck                   0x08004d15   Thumb Code    38  stmflash.o(.text)
    STMFLASH_Read                            0x08004d3b   Thumb Code    30  stmflash.o(.text)
    STMFLASH_Write                           0x08004d59   Thumb Code   190  stmflash.o(.text)
    Test_Write                               0x08004e17   Thumb Code    12  stmflash.o(.text)
    TIM_DeInit                               0x08004e29   Thumb Code   464  stm32f10x_tim.o(.text)
    TIM_TimeBaseInit                         0x08004ff9   Thumb Code   114  stm32f10x_tim.o(.text)
    TIM_OC1Init                              0x0800506b   Thumb Code   114  stm32f10x_tim.o(.text)
    TIM_OC2Init                              0x080050dd   Thumb Code   128  stm32f10x_tim.o(.text)
    TIM_OC3Init                              0x0800515d   Thumb Code   124  stm32f10x_tim.o(.text)
    TIM_OC4Init                              0x080051d9   Thumb Code   160  stm32f10x_tim.o(.text)
    TIM_SetIC4Prescaler                      0x08005279   Thumb Code    24  stm32f10x_tim.o(.text)
    TIM_SetIC3Prescaler                      0x080052f7   Thumb Code    16  stm32f10x_tim.o(.text)
    TIM_SetIC2Prescaler                      0x08005369   Thumb Code    24  stm32f10x_tim.o(.text)
    TIM_SetIC1Prescaler                      0x080053e7   Thumb Code    16  stm32f10x_tim.o(.text)
    TIM_ICInit                               0x08005455   Thumb Code   114  stm32f10x_tim.o(.text)
    TIM_PWMIConfig                           0x080054c7   Thumb Code   106  stm32f10x_tim.o(.text)
    TIM_BDTRConfig                           0x08005531   Thumb Code    34  stm32f10x_tim.o(.text)
    TIM_TimeBaseStructInit                   0x08005553   Thumb Code    18  stm32f10x_tim.o(.text)
    TIM_OCStructInit                         0x08005565   Thumb Code    20  stm32f10x_tim.o(.text)
    TIM_ICStructInit                         0x08005579   Thumb Code    16  stm32f10x_tim.o(.text)
    TIM_BDTRStructInit                       0x08005589   Thumb Code    18  stm32f10x_tim.o(.text)
    TIM_Cmd                                  0x0800559b   Thumb Code    24  stm32f10x_tim.o(.text)
    TIM_CtrlPWMOutputs                       0x080055b3   Thumb Code    28  stm32f10x_tim.o(.text)
    TIM_ITConfig                             0x080055cf   Thumb Code    20  stm32f10x_tim.o(.text)
    TIM_GenerateEvent                        0x080055e3   Thumb Code     4  stm32f10x_tim.o(.text)
    TIM_DMAConfig                            0x080055e7   Thumb Code     8  stm32f10x_tim.o(.text)
    TIM_DMACmd                               0x080055ef   Thumb Code    20  stm32f10x_tim.o(.text)
    TIM_InternalClockConfig                  0x08005603   Thumb Code    10  stm32f10x_tim.o(.text)
    TIM_SelectInputTrigger                   0x0800560d   Thumb Code    12  stm32f10x_tim.o(.text)
    TIM_ITRxExternalClockConfig              0x08005619   Thumb Code    20  stm32f10x_tim.o(.text)
    TIM_TIxExternalClockConfig               0x0800562d   Thumb Code    48  stm32f10x_tim.o(.text)
    TIM_ETRConfig                            0x0800565d   Thumb Code    24  stm32f10x_tim.o(.text)
    TIM_ETRClockMode1Config                  0x08005675   Thumb Code    52  stm32f10x_tim.o(.text)
    TIM_ETRClockMode2Config                  0x080056a9   Thumb Code    20  stm32f10x_tim.o(.text)
    TIM_PrescalerConfig                      0x080056bd   Thumb Code     6  stm32f10x_tim.o(.text)
    TIM_CounterModeConfig                    0x080056c3   Thumb Code    12  stm32f10x_tim.o(.text)
    TIM_EncoderInterfaceConfig               0x080056cf   Thumb Code    50  stm32f10x_tim.o(.text)
    TIM_ForcedOC1Config                      0x08005701   Thumb Code    12  stm32f10x_tim.o(.text)
    TIM_ForcedOC2Config                      0x0800570d   Thumb Code    20  stm32f10x_tim.o(.text)
    TIM_ForcedOC3Config                      0x08005721   Thumb Code    12  stm32f10x_tim.o(.text)
    TIM_ForcedOC4Config                      0x0800572d   Thumb Code    20  stm32f10x_tim.o(.text)
    TIM_ARRPreloadConfig                     0x08005741   Thumb Code    24  stm32f10x_tim.o(.text)
    TIM_SelectCOM                            0x08005759   Thumb Code    24  stm32f10x_tim.o(.text)
    TIM_SelectCCDMA                          0x08005771   Thumb Code    24  stm32f10x_tim.o(.text)
    TIM_CCPreloadControl                     0x08005789   Thumb Code    24  stm32f10x_tim.o(.text)
    TIM_OC1PreloadConfig                     0x080057a1   Thumb Code    12  stm32f10x_tim.o(.text)
    TIM_OC2PreloadConfig                     0x080057ad   Thumb Code    20  stm32f10x_tim.o(.text)
    TIM_OC3PreloadConfig                     0x080057c1   Thumb Code    12  stm32f10x_tim.o(.text)
    TIM_OC4PreloadConfig                     0x080057cd   Thumb Code    20  stm32f10x_tim.o(.text)
    TIM_OC1FastConfig                        0x080057e1   Thumb Code    12  stm32f10x_tim.o(.text)
    TIM_OC2FastConfig                        0x080057ed   Thumb Code    20  stm32f10x_tim.o(.text)
    TIM_OC3FastConfig                        0x08005801   Thumb Code    12  stm32f10x_tim.o(.text)
    TIM_OC4FastConfig                        0x0800580d   Thumb Code    20  stm32f10x_tim.o(.text)
    TIM_ClearOC1Ref                          0x08005821   Thumb Code    12  stm32f10x_tim.o(.text)
    TIM_ClearOC2Ref                          0x0800582d   Thumb Code    20  stm32f10x_tim.o(.text)
    TIM_ClearOC3Ref                          0x08005841   Thumb Code    12  stm32f10x_tim.o(.text)
    TIM_ClearOC4Ref                          0x0800584d   Thumb Code    20  stm32f10x_tim.o(.text)
    TIM_OC1PolarityConfig                    0x08005861   Thumb Code    12  stm32f10x_tim.o(.text)
    TIM_OC1NPolarityConfig                   0x0800586d   Thumb Code    12  stm32f10x_tim.o(.text)
    TIM_OC2PolarityConfig                    0x08005879   Thumb Code    20  stm32f10x_tim.o(.text)
    TIM_OC2NPolarityConfig                   0x0800588d   Thumb Code    20  stm32f10x_tim.o(.text)
    TIM_OC3PolarityConfig                    0x080058a1   Thumb Code    20  stm32f10x_tim.o(.text)
    TIM_OC3NPolarityConfig                   0x080058b5   Thumb Code    20  stm32f10x_tim.o(.text)
    TIM_OC4PolarityConfig                    0x080058c9   Thumb Code    20  stm32f10x_tim.o(.text)
    TIM_CCxCmd                               0x080058dd   Thumb Code    22  stm32f10x_tim.o(.text)
    TIM_CCxNCmd                              0x080058f3   Thumb Code    22  stm32f10x_tim.o(.text)
    TIM_SelectOCxM                           0x08005909   Thumb Code    76  stm32f10x_tim.o(.text)
    TIM_UpdateDisableConfig                  0x08005955   Thumb Code    24  stm32f10x_tim.o(.text)
    TIM_UpdateRequestConfig                  0x0800596d   Thumb Code    24  stm32f10x_tim.o(.text)
    TIM_SelectHallSensor                     0x08005985   Thumb Code    24  stm32f10x_tim.o(.text)
    TIM_SelectOnePulseMode                   0x0800599d   Thumb Code    16  stm32f10x_tim.o(.text)
    TIM_SelectOutputTrigger                  0x080059ad   Thumb Code    16  stm32f10x_tim.o(.text)
    TIM_SelectSlaveMode                      0x080059bd   Thumb Code    16  stm32f10x_tim.o(.text)
    TIM_SelectMasterSlaveMode                0x080059cd   Thumb Code    16  stm32f10x_tim.o(.text)
    TIM_SetCounter                           0x080059dd   Thumb Code     4  stm32f10x_tim.o(.text)
    TIM_SetAutoreload                        0x080059e1   Thumb Code     4  stm32f10x_tim.o(.text)
    TIM_SetCompare1                          0x080059e5   Thumb Code     4  stm32f10x_tim.o(.text)
    TIM_SetCompare2                          0x080059e9   Thumb Code     4  stm32f10x_tim.o(.text)
    TIM_SetCompare3                          0x080059ed   Thumb Code     4  stm32f10x_tim.o(.text)
    TIM_SetCompare4                          0x080059f1   Thumb Code     6  stm32f10x_tim.o(.text)
    TIM_SetClockDivision                     0x080059f7   Thumb Code    16  stm32f10x_tim.o(.text)
    TIM_GetCapture1                          0x08005a07   Thumb Code     4  stm32f10x_tim.o(.text)
    TIM_GetCapture2                          0x08005a0b   Thumb Code     4  stm32f10x_tim.o(.text)
    TIM_GetCapture3                          0x08005a0f   Thumb Code     4  stm32f10x_tim.o(.text)
    TIM_GetCapture4                          0x08005a13   Thumb Code     6  stm32f10x_tim.o(.text)
    TIM_GetCounter                           0x08005a19   Thumb Code     4  stm32f10x_tim.o(.text)
    TIM_GetPrescaler                         0x08005a1d   Thumb Code     4  stm32f10x_tim.o(.text)
    TIM_GetFlagStatus                        0x08005a21   Thumb Code    14  stm32f10x_tim.o(.text)
    TIM_ClearFlag                            0x08005a2f   Thumb Code     6  stm32f10x_tim.o(.text)
    TIM_GetITStatus                          0x08005a35   Thumb Code    24  stm32f10x_tim.o(.text)
    TIM_ClearITPendingBit                    0x08005a4d   Thumb Code     6  stm32f10x_tim.o(.text)
    Set_System                               0x08005a55   Thumb Code    90  hw_config.o(.text)
    Set_USBClock                             0x08005aaf   Thumb Code    20  hw_config.o(.text)
    Enter_LowPowerMode                       0x08005ac3   Thumb Code     8  hw_config.o(.text)
    Leave_LowPowerMode                       0x08005acb   Thumb Code    22  hw_config.o(.text)
    USB_Interrupts_Config                    0x08005ae1   Thumb Code    50  hw_config.o(.text)
    USB_Cable_Config                         0x08005b13   Thumb Code    22  hw_config.o(.text)
    USB_Config                               0x08005b29   Thumb Code    22  hw_config.o(.text)
    USB_RxRead                               0x08005b3f   Thumb Code    12  hw_config.o(.text)
    USB_RxWrite                              0x08005b4b   Thumb Code    12  hw_config.o(.text)
    USB_TxRead                               0x08005b57   Thumb Code    12  hw_config.o(.text)
    USB_TxWrite                              0x08005b63   Thumb Code    12  hw_config.o(.text)
    Get_SerialNum                            0x08005ba9   Thumb Code    44  hw_config.o(.text)
    EP1_IN_Callback                          0x08005bf5   Thumb Code    56  usb_endp.o(.text)
    EP3_OUT_Callback                         0x08005c2d   Thumb Code    32  usb_endp.o(.text)
    SOF_Callback                             0x08005c4d   Thumb Code    76  usb_endp.o(.text)
    USB_Istr                                 0x08005ca5   Thumb Code   330  usb_istr.o(.text)
    USB_LP_CAN1_RX0_IRQHandler               0x08005e09   Thumb Code     4  usb_it.o(.text)
    USBWakeUp_IRQHandler                     0x08005e0d   Thumb Code     8  usb_it.o(.text)
    Virtual_Com_Port_init                    0x08005e15   Thumb Code    28  usb_prop.o(.text)
    Virtual_Com_Port_Reset                   0x08005e31   Thumb Code   208  usb_prop.o(.text)
    Virtual_Com_Port_SetConfiguration        0x08005f01   Thumb Code    16  usb_prop.o(.text)
    Virtual_Com_Port_SetDeviceAddress        0x08005f11   Thumb Code     8  usb_prop.o(.text)
    Virtual_Com_Port_Status_In               0x08005f19   Thumb Code    16  usb_prop.o(.text)
    Virtual_Com_Port_Status_Out              0x08005f29   Thumb Code     2  usb_prop.o(.text)
    Virtual_Com_Port_SetLineCoding           0x08005f2b   Thumb Code    22  usb_prop.o(.text)
    Virtual_Com_Port_GetLineCoding           0x08005f41   Thumb Code    22  usb_prop.o(.text)
    Virtual_Com_Port_Data_Setup              0x08005f57   Thumb Code    74  usb_prop.o(.text)
    Virtual_Com_Port_NoData_Setup            0x08005fa1   Thumb Code    34  usb_prop.o(.text)
    Virtual_Com_Port_GetDeviceDescriptor     0x08005fc3   Thumb Code     8  usb_prop.o(.text)
    Virtual_Com_Port_GetConfigDescriptor     0x08005fcb   Thumb Code     8  usb_prop.o(.text)
    Virtual_Com_Port_GetStringDescriptor     0x08005fd3   Thumb Code    26  usb_prop.o(.text)
    Virtual_Com_Port_Get_Interface_Setting   0x08005fed   Thumb Code    20  usb_prop.o(.text)
    PowerOn                                  0x08006015   Thumb Code    36  usb_pwr.o(.text)
    PowerOff                                 0x08006039   Thumb Code    26  usb_pwr.o(.text)
    Suspend                                  0x08006053   Thumb Code   184  usb_pwr.o(.text)
    Resume_Init                              0x0800610b   Thumb Code    26  usb_pwr.o(.text)
    Resume                                   0x08006125   Thumb Code   146  usb_pwr.o(.text)
    Standard_GetConfiguration                0x080061d5   Thumb Code    32  usb_core.o(.text)
    Standard_SetConfiguration                0x080061f5   Thumb Code    42  usb_core.o(.text)
    Standard_GetInterface                    0x0800621f   Thumb Code    32  usb_core.o(.text)
    Standard_SetInterface                    0x0800623f   Thumb Code    64  usb_core.o(.text)
    Standard_GetStatus                       0x0800627f   Thumb Code   172  usb_core.o(.text)
    Standard_ClearFeature                    0x0800632b   Thumb Code   252  usb_core.o(.text)
    Standard_SetEndPointFeature              0x08006427   Thumb Code   132  usb_core.o(.text)
    Standard_SetDeviceFeature                0x080064ab   Thumb Code    26  usb_core.o(.text)
    Standard_GetDescriptorData               0x080064c5   Thumb Code    26  usb_core.o(.text)
    Post0_Process                            0x0800689d   Thumb Code    48  usb_core.o(.text)
    Setup0_Process                           0x080068cd   Thumb Code   100  usb_core.o(.text)
    SetDeviceAddress                         0x08006931   Thumb Code    60  usb_core.o(.text)
    In0_Process                              0x0800696d   Thumb Code    80  usb_core.o(.text)
    Out0_Process                             0x080069bd   Thumb Code    66  usb_core.o(.text)
    NOP_Process                              0x080069ff   Thumb Code     2  usb_core.o(.text)
    USB_Init                                 0x08006a2d   Thumb Code    22  usb_init.o(.text)
    CTR_LP                                   0x08006a55   Thumb Code   408  usb_int.o(.text)
    CTR_HP                                   0x08006bed   Thumb Code   110  usb_int.o(.text)
    UserToPMABufferCopy                      0x08006c79   Thumb Code    38  usb_mem.o(.text)
    PMAToUserBufferCopy                      0x08006c9f   Thumb Code    30  usb_mem.o(.text)
    SetCNTR                                  0x08006cc1   Thumb Code     6  usb_regs.o(.text)
    GetCNTR                                  0x08006cc7   Thumb Code     8  usb_regs.o(.text)
    SetISTR                                  0x08006ccf   Thumb Code     8  usb_regs.o(.text)
    GetISTR                                  0x08006cd7   Thumb Code    10  usb_regs.o(.text)
    GetFNR                                   0x08006ce1   Thumb Code    10  usb_regs.o(.text)
    SetDADDR                                 0x08006ceb   Thumb Code     8  usb_regs.o(.text)
    GetDADDR                                 0x08006cf3   Thumb Code    10  usb_regs.o(.text)
    SetBTABLE                                0x08006cfd   Thumb Code    12  usb_regs.o(.text)
    GetBTABLE                                0x08006d09   Thumb Code    10  usb_regs.o(.text)
    SetENDPOINT                              0x08006d13   Thumb Code    12  usb_regs.o(.text)
    GetENDPOINT                              0x08006d1f   Thumb Code    14  usb_regs.o(.text)
    SetEPType                                0x08006d2d   Thumb Code    24  usb_regs.o(.text)
    GetEPType                                0x08006d45   Thumb Code    18  usb_regs.o(.text)
    SetEPTxStatus                            0x08006d57   Thumb Code    44  usb_regs.o(.text)
    SetEPRxStatus                            0x08006d83   Thumb Code    44  usb_regs.o(.text)
    SetDouBleBuffEPStall                     0x08006daf   Thumb Code    46  usb_regs.o(.text)
    GetEPTxStatus                            0x08006ddd   Thumb Code    18  usb_regs.o(.text)
    GetEPRxStatus                            0x08006def   Thumb Code    18  usb_regs.o(.text)
    SetEPTxValid                             0x08006e01   Thumb Code    36  usb_regs.o(.text)
    SetEPRxValid                             0x08006e25   Thumb Code    36  usb_regs.o(.text)
    SetEP_KIND                               0x08006e49   Thumb Code    32  usb_regs.o(.text)
    ClearEP_KIND                             0x08006e69   Thumb Code    28  usb_regs.o(.text)
    Clear_Status_Out                         0x08006e85   Thumb Code    28  usb_regs.o(.text)
    Set_Status_Out                           0x08006ea1   Thumb Code    32  usb_regs.o(.text)
    SetEPDoubleBuff                          0x08006ec1   Thumb Code    32  usb_regs.o(.text)
    ClearEPDoubleBuff                        0x08006ee1   Thumb Code    28  usb_regs.o(.text)
    GetTxStallStatus                         0x08006efd   Thumb Code    22  usb_regs.o(.text)
    GetRxStallStatus                         0x08006f13   Thumb Code    22  usb_regs.o(.text)
    ClearEP_CTR_RX                           0x08006f29   Thumb Code    22  usb_regs.o(.text)
    ClearEP_CTR_TX                           0x08006f3f   Thumb Code    22  usb_regs.o(.text)
    ToggleDTOG_RX                            0x08006f55   Thumb Code    28  usb_regs.o(.text)
    ToggleDTOG_TX                            0x08006f71   Thumb Code    28  usb_regs.o(.text)
    ClearDTOG_RX                             0x08006f8d   Thumb Code    36  usb_regs.o(.text)
    ClearDTOG_TX                             0x08006fb1   Thumb Code    36  usb_regs.o(.text)
    SetEPAddress                             0x08006fd5   Thumb Code    30  usb_regs.o(.text)
    GetEPAddress                             0x08006ff3   Thumb Code    16  usb_regs.o(.text)
    SetEPTxAddr                              0x08007003   Thumb Code    24  usb_regs.o(.text)
    SetEPRxAddr                              0x0800701b   Thumb Code    26  usb_regs.o(.text)
    GetEPTxAddr                              0x08007035   Thumb Code    22  usb_regs.o(.text)
    GetEPRxAddr                              0x0800704b   Thumb Code    24  usb_regs.o(.text)
    SetEPTxCount                             0x08007063   Thumb Code    22  usb_regs.o(.text)
    SetEPCountRxReg                          0x08007079   Thumb Code    56  usb_regs.o(.text)
    SetEPRxCount                             0x080070b1   Thumb Code    60  usb_regs.o(.text)
    GetEPTxCount                             0x080070ed   Thumb Code    24  usb_regs.o(.text)
    GetEPRxCount                             0x08007105   Thumb Code    24  usb_regs.o(.text)
    SetEPDblBuffAddr                         0x0800711d   Thumb Code    42  usb_regs.o(.text)
    SetEPDblBuf0Addr                         0x08007147   Thumb Code    22  usb_regs.o(.text)
    SetEPDblBuf1Addr                         0x0800715d   Thumb Code    24  usb_regs.o(.text)
    GetEPDblBuf0Addr                         0x08007175   Thumb Code    20  usb_regs.o(.text)
    GetEPDblBuf1Addr                         0x08007189   Thumb Code    22  usb_regs.o(.text)
    SetEPDblBuffCount                        0x0800719f   Thumb Code   182  usb_regs.o(.text)
    SetEPDblBuf0Count                        0x08007255   Thumb Code    86  usb_regs.o(.text)
    SetEPDblBuf1Count                        0x080072ab   Thumb Code    86  usb_regs.o(.text)
    GetEPDblBuf0Count                        0x08007301   Thumb Code    24  usb_regs.o(.text)
    GetEPDblBuf1Count                        0x08007319   Thumb Code    24  usb_regs.o(.text)
    GetEPDblBufDir                           0x08007331   Thumb Code    54  usb_regs.o(.text)
    FreeUserBuffer                           0x08007367   Thumb Code    54  usb_regs.o(.text)
    ToWord                                   0x0800739d   Thumb Code     6  usb_regs.o(.text)
    ByteSwap                                 0x080073a3   Thumb Code    10  usb_regs.o(.text)
    USB_SIL_Init                             0x080073b9   Thumb Code    24  usb_sil.o(.text)
    USB_SIL_Write                            0x080073d1   Thumb Code    38  usb_sil.o(.text)
    USB_SIL_Read                             0x080073f7   Thumb Code    36  usb_sil.o(.text)
    delay_init                               0x08007425   Thumb Code    46  delay.o(.text)
    delay_us                                 0x08007453   Thumb Code    46  delay.o(.text)
    delay_ms                                 0x08007481   Thumb Code    46  delay.o(.text)
    Sleep                                    0x080074af   Thumb Code    22  delay.o(.text)
    _sys_exit                                0x080074d1   Thumb Code     2  usart.o(.text)
    fputc                                    0x080074d3   Thumb Code    18  usart.o(.text)
    uart_init                                0x080074e5   Thumb Code   156  usart.o(.text)
    USART1_Send_Hex                          0x08007581   Thumb Code    26  usart.o(.text)
    USART1_Send_PartialCommand               0x0800759b   Thumb Code    20  usart.o(.text)
    GetRecSwtich                             0x080075af   Thumb Code    70  usart.o(.text)
    USART1_IRQHandler                        0x080075f5   Thumb Code   150  usart.o(.text)
    MYDMA_Config                             0x080076a9   Thumb Code    74  dma.o(.text)
    MYDMA_Enable                             0x080076f3   Thumb Code    34  dma.o(.text)
    QUEUE_PacketCreate                       0x08007721   Thumb Code    12  queue.o(.text)
    QUEUE_PacketIn                           0x0800772d   Thumb Code    48  queue.o(.text)
    QUEUE_PacketOut                          0x0800775d   Thumb Code    58  queue.o(.text)
    QUEUE_PacketLengthGet                    0x08007797   Thumb Code    40  queue.o(.text)
    QUEUE_PacketStartEndDifferentCharSplit   0x080077bf   Thumb Code   208  queue.o(.text)
    QUEUE_PacketStartEndCharSplit            0x0800788f   Thumb Code   222  queue.o(.text)
    QUEUE_PacketCharSplit                    0x0800796d   Thumb Code   128  queue.o(.text)
    QUEUE_PacketDoubleEndCharSplit           0x080079ed   Thumb Code   146  queue.o(.text)
    QUEUE_StructCreate                       0x08007a7f   Thumb Code    20  queue.o(.text)
    QUEUE_StructIn                           0x08007a93   Thumb Code    66  queue.o(.text)
    QUEUE_StructOut                          0x08007ad5   Thumb Code    76  queue.o(.text)
    QUEUE_StructCountGet                     0x08007b21   Thumb Code    34  queue.o(.text)
    NVIC_PriorityGroupConfig                 0x08007b45   Thumb Code    10  misc.o(.text)
    NVIC_Init                                0x08007b4f   Thumb Code    96  misc.o(.text)
    NVIC_SetVectorTable                      0x08007baf   Thumb Code    14  misc.o(.text)
    NVIC_SystemLPConfig                      0x08007bbd   Thumb Code    24  misc.o(.text)
    SysTick_CLKSourceConfig                  0x08007bd5   Thumb Code    28  misc.o(.text)
    DMA_DeInit                               0x08007bfd   Thumb Code   238  stm32f10x_dma.o(.text)
    DMA_Init                                 0x08007ceb   Thumb Code    58  stm32f10x_dma.o(.text)
    DMA_StructInit                           0x08007d25   Thumb Code    26  stm32f10x_dma.o(.text)
    DMA_Cmd                                  0x08007d3f   Thumb Code    26  stm32f10x_dma.o(.text)
    DMA_ITConfig                             0x08007d59   Thumb Code    20  stm32f10x_dma.o(.text)
    DMA_SetCurrDataCounter                   0x08007d6d   Thumb Code     4  stm32f10x_dma.o(.text)
    DMA_GetCurrDataCounter                   0x08007d71   Thumb Code     6  stm32f10x_dma.o(.text)
    DMA_GetFlagStatus                        0x08007d77   Thumb Code    30  stm32f10x_dma.o(.text)
    DMA_ClearFlag                            0x08007d95   Thumb Code    20  stm32f10x_dma.o(.text)
    DMA_GetITStatus                          0x08007da9   Thumb Code    30  stm32f10x_dma.o(.text)
    DMA_ClearITPendingBit                    0x08007dc7   Thumb Code    20  stm32f10x_dma.o(.text)
    EXTI_DeInit                              0x08007de5   Thumb Code    28  stm32f10x_exti.o(.text)
    EXTI_Init                                0x08007e01   Thumb Code   110  stm32f10x_exti.o(.text)
    EXTI_StructInit                          0x08007e6f   Thumb Code    14  stm32f10x_exti.o(.text)
    EXTI_GenerateSWInterrupt                 0x08007e7d   Thumb Code    12  stm32f10x_exti.o(.text)
    EXTI_GetFlagStatus                       0x08007e89   Thumb Code    18  stm32f10x_exti.o(.text)
    EXTI_ClearFlag                           0x08007e9b   Thumb Code     8  stm32f10x_exti.o(.text)
    EXTI_GetITStatus                         0x08007ea3   Thumb Code    28  stm32f10x_exti.o(.text)
    EXTI_ClearITPendingBit                   0x08007ebf   Thumb Code     8  stm32f10x_exti.o(.text)
    FLASH_SetLatency                         0x08007ed1   Thumb Code    14  stm32f10x_flash.o(.text)
    FLASH_HalfCycleAccessCmd                 0x08007edf   Thumb Code    18  stm32f10x_flash.o(.text)
    FLASH_PrefetchBufferCmd                  0x08007ef1   Thumb Code    18  stm32f10x_flash.o(.text)
    FLASH_Unlock                             0x08007f03   Thumb Code    12  stm32f10x_flash.o(.text)
    FLASH_UnlockBank1                        0x08007f0f   Thumb Code    12  stm32f10x_flash.o(.text)
    FLASH_Lock                               0x08007f1b   Thumb Code    12  stm32f10x_flash.o(.text)
    FLASH_LockBank1                          0x08007f27   Thumb Code    12  stm32f10x_flash.o(.text)
    FLASH_GetBank1Status                     0x08007f33   Thumb Code    34  stm32f10x_flash.o(.text)
    FLASH_WaitForLastOperation               0x08007f55   Thumb Code    32  stm32f10x_flash.o(.text)
    FLASH_ErasePage                          0x08007f75   Thumb Code    56  stm32f10x_flash.o(.text)
    FLASH_EraseAllPages                      0x08007fad   Thumb Code    52  stm32f10x_flash.o(.text)
    FLASH_WaitForLastBank1Operation          0x08007fe1   Thumb Code    32  stm32f10x_flash.o(.text)
    FLASH_EraseAllBank1Pages                 0x08008001   Thumb Code    52  stm32f10x_flash.o(.text)
    FLASH_GetReadOutProtectionStatus         0x08008035   Thumb Code    14  stm32f10x_flash.o(.text)
    FLASH_EraseOptionBytes                   0x08008043   Thumb Code   120  stm32f10x_flash.o(.text)
    FLASH_ProgramWord                        0x080080bb   Thumb Code    86  stm32f10x_flash.o(.text)
    FLASH_ProgramHalfWord                    0x08008111   Thumb Code    48  stm32f10x_flash.o(.text)
    FLASH_ProgramOptionByteData              0x08008141   Thumb Code    62  stm32f10x_flash.o(.text)
    FLASH_EnableWriteProtection              0x0800817f   Thumb Code   158  stm32f10x_flash.o(.text)
    FLASH_ReadOutProtection                  0x0800821d   Thumb Code   120  stm32f10x_flash.o(.text)
    FLASH_UserOptionByteConfig               0x08008295   Thumb Code    98  stm32f10x_flash.o(.text)
    FLASH_GetUserOptionByte                  0x080082f7   Thumb Code     8  stm32f10x_flash.o(.text)
    FLASH_GetWriteProtectionOptionByte       0x080082ff   Thumb Code     6  stm32f10x_flash.o(.text)
    FLASH_GetPrefetchBufferStatus            0x08008305   Thumb Code    14  stm32f10x_flash.o(.text)
    FLASH_ITConfig                           0x08008313   Thumb Code    22  stm32f10x_flash.o(.text)
    FLASH_GetFlagStatus                      0x08008329   Thumb Code    30  stm32f10x_flash.o(.text)
    FLASH_ClearFlag                          0x08008347   Thumb Code     6  stm32f10x_flash.o(.text)
    FLASH_GetStatus                          0x0800834d   Thumb Code    34  stm32f10x_flash.o(.text)
    GPIO_DeInit                              0x08008375   Thumb Code   188  stm32f10x_gpio.o(.text)
    GPIO_AFIODeInit                          0x08008431   Thumb Code    22  stm32f10x_gpio.o(.text)
    GPIO_Init                                0x08008447   Thumb Code   166  stm32f10x_gpio.o(.text)
    GPIO_StructInit                          0x080084ed   Thumb Code    16  stm32f10x_gpio.o(.text)
    GPIO_ReadInputDataBit                    0x080084fd   Thumb Code    14  stm32f10x_gpio.o(.text)
    GPIO_ReadInputData                       0x0800850b   Thumb Code     6  stm32f10x_gpio.o(.text)
    GPIO_ReadOutputDataBit                   0x08008511   Thumb Code    14  stm32f10x_gpio.o(.text)
    GPIO_ReadOutputData                      0x0800851f   Thumb Code     6  stm32f10x_gpio.o(.text)
    GPIO_SetBits                             0x08008525   Thumb Code     4  stm32f10x_gpio.o(.text)
    GPIO_ResetBits                           0x08008529   Thumb Code     4  stm32f10x_gpio.o(.text)
    GPIO_WriteBit                            0x0800852d   Thumb Code    12  stm32f10x_gpio.o(.text)
    GPIO_Write                               0x08008539   Thumb Code     4  stm32f10x_gpio.o(.text)
    GPIO_PinLockConfig                       0x0800853d   Thumb Code    16  stm32f10x_gpio.o(.text)
    GPIO_EventOutputConfig                   0x0800854d   Thumb Code    22  stm32f10x_gpio.o(.text)
    GPIO_EventOutputCmd                      0x08008563   Thumb Code     6  stm32f10x_gpio.o(.text)
    GPIO_PinRemapConfig                      0x08008569   Thumb Code    86  stm32f10x_gpio.o(.text)
    GPIO_EXTILineConfig                      0x080085bf   Thumb Code    34  stm32f10x_gpio.o(.text)
    GPIO_ETH_MediaInterfaceConfig            0x080085e1   Thumb Code     8  stm32f10x_gpio.o(.text)
    RCC_DeInit                               0x0800860d   Thumb Code    50  stm32f10x_rcc.o(.text)
    RCC_HSEConfig                            0x0800863f   Thumb Code    50  stm32f10x_rcc.o(.text)
    RCC_GetFlagStatus                        0x08008671   Thumb Code    42  stm32f10x_rcc.o(.text)
    RCC_WaitForHSEStartUp                    0x0800869b   Thumb Code    48  stm32f10x_rcc.o(.text)
    RCC_AdjustHSICalibrationValue            0x080086cb   Thumb Code    16  stm32f10x_rcc.o(.text)
    RCC_HSICmd                               0x080086db   Thumb Code     6  stm32f10x_rcc.o(.text)
    RCC_PLLConfig                            0x080086e1   Thumb Code    16  stm32f10x_rcc.o(.text)
    RCC_PLLCmd                               0x080086f1   Thumb Code     6  stm32f10x_rcc.o(.text)
    RCC_SYSCLKConfig                         0x080086f7   Thumb Code    14  stm32f10x_rcc.o(.text)
    RCC_GetSYSCLKSource                      0x08008705   Thumb Code    10  stm32f10x_rcc.o(.text)
    RCC_HCLKConfig                           0x0800870f   Thumb Code    14  stm32f10x_rcc.o(.text)
    RCC_PCLK1Config                          0x0800871d   Thumb Code    14  stm32f10x_rcc.o(.text)
    RCC_PCLK2Config                          0x0800872b   Thumb Code    16  stm32f10x_rcc.o(.text)
    RCC_ITConfig                             0x0800873b   Thumb Code    22  stm32f10x_rcc.o(.text)
    RCC_USBCLKConfig                         0x08008751   Thumb Code     8  stm32f10x_rcc.o(.text)
    RCC_ADCCLKConfig                         0x08008759   Thumb Code    14  stm32f10x_rcc.o(.text)
    RCC_LSEConfig                            0x08008767   Thumb Code    36  stm32f10x_rcc.o(.text)
    RCC_LSICmd                               0x0800878b   Thumb Code     6  stm32f10x_rcc.o(.text)
    RCC_RTCCLKConfig                         0x08008791   Thumb Code    10  stm32f10x_rcc.o(.text)
    RCC_RTCCLKCmd                            0x0800879b   Thumb Code     8  stm32f10x_rcc.o(.text)
    RCC_GetClocksFreq                        0x080087a3   Thumb Code   154  stm32f10x_rcc.o(.text)
    RCC_AHBPeriphClockCmd                    0x0800883d   Thumb Code    22  stm32f10x_rcc.o(.text)
    RCC_APB2PeriphClockCmd                   0x08008853   Thumb Code    22  stm32f10x_rcc.o(.text)
    RCC_APB1PeriphClockCmd                   0x08008869   Thumb Code    22  stm32f10x_rcc.o(.text)
    RCC_APB2PeriphResetCmd                   0x0800887f   Thumb Code    22  stm32f10x_rcc.o(.text)
    RCC_APB1PeriphResetCmd                   0x08008895   Thumb Code    22  stm32f10x_rcc.o(.text)
    RCC_BackupResetCmd                       0x080088ab   Thumb Code     8  stm32f10x_rcc.o(.text)
    RCC_ClockSecuritySystemCmd               0x080088b3   Thumb Code     6  stm32f10x_rcc.o(.text)
    RCC_MCOConfig                            0x080088b9   Thumb Code     6  stm32f10x_rcc.o(.text)
    RCC_ClearFlag                            0x080088bf   Thumb Code    12  stm32f10x_rcc.o(.text)
    RCC_GetITStatus                          0x080088cb   Thumb Code    16  stm32f10x_rcc.o(.text)
    RCC_ClearITPendingBit                    0x080088db   Thumb Code     6  stm32f10x_rcc.o(.text)
    SPI_I2S_DeInit                           0x08008901   Thumb Code    88  stm32f10x_spi.o(.text)
    SPI_Init                                 0x08008959   Thumb Code    56  stm32f10x_spi.o(.text)
    I2S_Init                                 0x08008991   Thumb Code   168  stm32f10x_spi.o(.text)
    SPI_StructInit                           0x08008a39   Thumb Code    24  stm32f10x_spi.o(.text)
    I2S_StructInit                           0x08008a51   Thumb Code    18  stm32f10x_spi.o(.text)
    SPI_Cmd                                  0x08008a63   Thumb Code    24  stm32f10x_spi.o(.text)
    I2S_Cmd                                  0x08008a7b   Thumb Code    24  stm32f10x_spi.o(.text)
    SPI_I2S_ITConfig                         0x08008a93   Thumb Code    28  stm32f10x_spi.o(.text)
    SPI_I2S_DMACmd                           0x08008aaf   Thumb Code    20  stm32f10x_spi.o(.text)
    SPI_I2S_SendData                         0x08008ac3   Thumb Code     4  stm32f10x_spi.o(.text)
    SPI_I2S_ReceiveData                      0x08008ac7   Thumb Code     4  stm32f10x_spi.o(.text)
    SPI_NSSInternalSoftwareConfig            0x08008acb   Thumb Code    28  stm32f10x_spi.o(.text)
    SPI_SSOutputCmd                          0x08008ae7   Thumb Code    24  stm32f10x_spi.o(.text)
    SPI_DataSizeConfig                       0x08008aff   Thumb Code    16  stm32f10x_spi.o(.text)
    SPI_TransmitCRC                          0x08008b0f   Thumb Code    10  stm32f10x_spi.o(.text)
    SPI_CalculateCRC                         0x08008b19   Thumb Code    24  stm32f10x_spi.o(.text)
    SPI_GetCRC                               0x08008b31   Thumb Code    12  stm32f10x_spi.o(.text)
    SPI_GetCRCPolynomial                     0x08008b3d   Thumb Code     4  stm32f10x_spi.o(.text)
    SPI_BiDirectionalLineConfig              0x08008b41   Thumb Code    26  stm32f10x_spi.o(.text)
    SPI_I2S_GetFlagStatus                    0x08008b5b   Thumb Code    14  stm32f10x_spi.o(.text)
    SPI_I2S_ClearFlag                        0x08008b69   Thumb Code     6  stm32f10x_spi.o(.text)
    SPI_I2S_GetITStatus                      0x08008b6f   Thumb Code    44  stm32f10x_spi.o(.text)
    SPI_I2S_ClearITPendingBit                0x08008b9b   Thumb Code    14  stm32f10x_spi.o(.text)
    USART_DeInit                             0x08008bb5   Thumb Code   144  stm32f10x_usart.o(.text)
    USART_Init                               0x08008c45   Thumb Code   182  stm32f10x_usart.o(.text)
    USART_StructInit                         0x08008cfb   Thumb Code    22  stm32f10x_usart.o(.text)
    USART_ClockInit                          0x08008d11   Thumb Code    30  stm32f10x_usart.o(.text)
    USART_ClockStructInit                    0x08008d2f   Thumb Code    12  stm32f10x_usart.o(.text)
    USART_Cmd                                0x08008d3b   Thumb Code    24  stm32f10x_usart.o(.text)
    USART_ITConfig                           0x08008d53   Thumb Code    54  stm32f10x_usart.o(.text)
    USART_DMACmd                             0x08008d89   Thumb Code    20  stm32f10x_usart.o(.text)
    USART_SetAddress                         0x08008d9d   Thumb Code    16  stm32f10x_usart.o(.text)
    USART_WakeUpConfig                       0x08008dad   Thumb Code    16  stm32f10x_usart.o(.text)
    USART_ReceiverWakeUpCmd                  0x08008dbd   Thumb Code    24  stm32f10x_usart.o(.text)
    USART_LINBreakDetectLengthConfig         0x08008dd5   Thumb Code    16  stm32f10x_usart.o(.text)
    USART_LINCmd                             0x08008de5   Thumb Code    24  stm32f10x_usart.o(.text)
    USART_SendData                           0x08008dfd   Thumb Code     8  stm32f10x_usart.o(.text)
    USART_ReceiveData                        0x08008e05   Thumb Code     8  stm32f10x_usart.o(.text)
    USART_SendBreak                          0x08008e0d   Thumb Code    10  stm32f10x_usart.o(.text)
    USART_SetGuardTime                       0x08008e17   Thumb Code    16  stm32f10x_usart.o(.text)
    USART_SetPrescaler                       0x08008e27   Thumb Code    16  stm32f10x_usart.o(.text)
    USART_SmartCardCmd                       0x08008e37   Thumb Code    24  stm32f10x_usart.o(.text)
    USART_SmartCardNACKCmd                   0x08008e4f   Thumb Code    24  stm32f10x_usart.o(.text)
    USART_HalfDuplexCmd                      0x08008e67   Thumb Code    24  stm32f10x_usart.o(.text)
    USART_OverSampling8Cmd                   0x08008e7f   Thumb Code    24  stm32f10x_usart.o(.text)
    USART_OneBitMethodCmd                    0x08008e97   Thumb Code    24  stm32f10x_usart.o(.text)
    USART_IrDAConfig                         0x08008eaf   Thumb Code    16  stm32f10x_usart.o(.text)
    USART_IrDACmd                            0x08008ebf   Thumb Code    24  stm32f10x_usart.o(.text)
    USART_GetFlagStatus                      0x08008ed7   Thumb Code    14  stm32f10x_usart.o(.text)
    USART_ClearFlag                          0x08008ee5   Thumb Code     8  stm32f10x_usart.o(.text)
    USART_GetITStatus                        0x08008eed   Thumb Code    64  stm32f10x_usart.o(.text)
    USART_ClearITPendingBit                  0x08008f2d   Thumb Code    16  stm32f10x_usart.o(.text)
    Reset_Handler                            0x08008f51   Thumb Code     8  startup_stm32f10x_md.o(.text)
    ADC1_2_IRQHandler                        0x08008f6b   Thumb Code     0  startup_stm32f10x_md.o(.text)
    CAN1_RX1_IRQHandler                      0x08008f6b   Thumb Code     0  startup_stm32f10x_md.o(.text)
    CAN1_SCE_IRQHandler                      0x08008f6b   Thumb Code     0  startup_stm32f10x_md.o(.text)
    DMA1_Channel1_IRQHandler                 0x08008f6b   Thumb Code     0  startup_stm32f10x_md.o(.text)
    DMA1_Channel2_IRQHandler                 0x08008f6b   Thumb Code     0  startup_stm32f10x_md.o(.text)
    DMA1_Channel3_IRQHandler                 0x08008f6b   Thumb Code     0  startup_stm32f10x_md.o(.text)
    DMA1_Channel4_IRQHandler                 0x08008f6b   Thumb Code     0  startup_stm32f10x_md.o(.text)
    DMA1_Channel5_IRQHandler                 0x08008f6b   Thumb Code     0  startup_stm32f10x_md.o(.text)
    DMA1_Channel6_IRQHandler                 0x08008f6b   Thumb Code     0  startup_stm32f10x_md.o(.text)
    DMA1_Channel7_IRQHandler                 0x08008f6b   Thumb Code     0  startup_stm32f10x_md.o(.text)
    EXTI1_IRQHandler                         0x08008f6b   Thumb Code     0  startup_stm32f10x_md.o(.text)
    EXTI2_IRQHandler                         0x08008f6b   Thumb Code     0  startup_stm32f10x_md.o(.text)
    EXTI4_IRQHandler                         0x08008f6b   Thumb Code     0  startup_stm32f10x_md.o(.text)
    FLASH_IRQHandler                         0x08008f6b   Thumb Code     0  startup_stm32f10x_md.o(.text)
    I2C1_ER_IRQHandler                       0x08008f6b   Thumb Code     0  startup_stm32f10x_md.o(.text)
    I2C1_EV_IRQHandler                       0x08008f6b   Thumb Code     0  startup_stm32f10x_md.o(.text)
    I2C2_ER_IRQHandler                       0x08008f6b   Thumb Code     0  startup_stm32f10x_md.o(.text)
    I2C2_EV_IRQHandler                       0x08008f6b   Thumb Code     0  startup_stm32f10x_md.o(.text)
    PVD_IRQHandler                           0x08008f6b   Thumb Code     0  startup_stm32f10x_md.o(.text)
    RCC_IRQHandler                           0x08008f6b   Thumb Code     0  startup_stm32f10x_md.o(.text)
    RTCAlarm_IRQHandler                      0x08008f6b   Thumb Code     0  startup_stm32f10x_md.o(.text)
    RTC_IRQHandler                           0x08008f6b   Thumb Code     0  startup_stm32f10x_md.o(.text)
    SPI1_IRQHandler                          0x08008f6b   Thumb Code     0  startup_stm32f10x_md.o(.text)
    SPI2_IRQHandler                          0x08008f6b   Thumb Code     0  startup_stm32f10x_md.o(.text)
    TAMPER_IRQHandler                        0x08008f6b   Thumb Code     0  startup_stm32f10x_md.o(.text)
    TIM1_BRK_IRQHandler                      0x08008f6b   Thumb Code     0  startup_stm32f10x_md.o(.text)
    TIM1_CC_IRQHandler                       0x08008f6b   Thumb Code     0  startup_stm32f10x_md.o(.text)
    TIM1_TRG_COM_IRQHandler                  0x08008f6b   Thumb Code     0  startup_stm32f10x_md.o(.text)
    TIM1_UP_IRQHandler                       0x08008f6b   Thumb Code     0  startup_stm32f10x_md.o(.text)
    TIM2_IRQHandler                          0x08008f6b   Thumb Code     0  startup_stm32f10x_md.o(.text)
    TIM3_IRQHandler                          0x08008f6b   Thumb Code     0  startup_stm32f10x_md.o(.text)
    TIM4_IRQHandler                          0x08008f6b   Thumb Code     0  startup_stm32f10x_md.o(.text)
    USART2_IRQHandler                        0x08008f6b   Thumb Code     0  startup_stm32f10x_md.o(.text)
    USART3_IRQHandler                        0x08008f6b   Thumb Code     0  startup_stm32f10x_md.o(.text)
    USB_HP_CAN1_TX_IRQHandler                0x08008f6b   Thumb Code     0  startup_stm32f10x_md.o(.text)
    WWDG_IRQHandler                          0x08008f6b   Thumb Code     0  startup_stm32f10x_md.o(.text)
    __user_initial_stackheap                 0x08008f6d   Thumb Code     0  startup_stm32f10x_md.o(.text)
    SystemInit                               0x08009039   Thumb Code    64  system_stm32f10x.o(.text)
    SystemCoreClockUpdate                    0x08009079   Thumb Code   106  system_stm32f10x.o(.text)
    __use_no_semihosting                     0x08009105   Thumb Code     2  use_no_semi_2.o(.text)
    __2sprintf                               0x08009109   Thumb Code    38  __2sprintf.o(.text)
    _printf_pre_padding                      0x08009135   Thumb Code    44  _printf_pad.o(.text)
    _printf_post_padding                     0x08009161   Thumb Code    34  _printf_pad.o(.text)
    _printf_str                              0x08009183   Thumb Code    82  _printf_str.o(.text)
    _printf_int_dec                          0x080091d5   Thumb Code   104  _printf_dec.o(.text)
    _printf_int_hex                          0x0800924d   Thumb Code    84  _printf_hex_int.o(.text)
    _printf_longlong_hex                     0x0800924d   Thumb Code     0  _printf_hex_int.o(.text)
    __printf                                 0x080092a5   Thumb Code   308  __printf_flags_wp.o(.text)
    __aeabi_memcpy                           0x080093dd   Thumb Code     0  rt_memcpy_v6.o(.text)
    __rt_memcpy                              0x080093dd   Thumb Code   138  rt_memcpy_v6.o(.text)
    _memcpy_lastbytes                        0x08009443   Thumb Code     0  rt_memcpy_v6.o(.text)
    __aeabi_memcpy4                          0x08009467   Thumb Code     0  rt_memcpy_w.o(.text)
    __aeabi_memcpy8                          0x08009467   Thumb Code     0  rt_memcpy_w.o(.text)
    __rt_memcpy_w                            0x08009467   Thumb Code   100  rt_memcpy_w.o(.text)
    _memcpy_lastbytes_aligned                0x080094af   Thumb Code     0  rt_memcpy_w.o(.text)
    __aeabi_memclr                           0x080094cb   Thumb Code     0  rt_memclr.o(.text)
    __rt_memclr                              0x080094cb   Thumb Code    68  rt_memclr.o(.text)
    _memset                                  0x080094cf   Thumb Code     0  rt_memclr.o(.text)
    __aeabi_memclr4                          0x0800950f   Thumb Code     0  rt_memclr_w.o(.text)
    __aeabi_memclr8                          0x0800950f   Thumb Code     0  rt_memclr_w.o(.text)
    __rt_memclr_w                            0x0800950f   Thumb Code    78  rt_memclr_w.o(.text)
    _memset_w                                0x08009513   Thumb Code     0  rt_memclr_w.o(.text)
    __use_two_region_memory                  0x0800955d   Thumb Code     2  heapauxi.o(.text)
    __rt_heap_escrow$2region                 0x0800955f   Thumb Code     2  heapauxi.o(.text)
    __rt_heap_expand$2region                 0x08009561   Thumb Code     2  heapauxi.o(.text)
    __I$use$semihosting                      0x08009563   Thumb Code     0  use_no_semi.o(.text)
    __use_no_semihosting_swi                 0x08009563   Thumb Code     2  use_no_semi.o(.text)
    _printf_int_common                       0x08009565   Thumb Code   178  _printf_intcommon.o(.text)
    _printf_char_common                      0x08009623   Thumb Code    32  _printf_char_common.o(.text)
    _sputc                                   0x08009649   Thumb Code    10  _sputc.o(.text)
    _printf_cs_common                        0x08009653   Thumb Code    20  _printf_char.o(.text)
    _printf_char                             0x08009667   Thumb Code    16  _printf_char.o(.text)
    _printf_string                           0x08009677   Thumb Code     8  _printf_char.o(.text)
    __user_setup_stackheap                   0x0800967f   Thumb Code    74  sys_stackheap_outer.o(.text)
    exit                                     0x080096c9   Thumb Code    18  exit.o(.text)
    __user_libspace                          0x080096dd   Thumb Code     8  libspace.o(.text)
    __user_perproc_libspace                  0x080096dd   Thumb Code     0  libspace.o(.text)
    __user_perthread_libspace                0x080096dd   Thumb Code     0  libspace.o(.text)
    _is_digit                                0x080096e5   Thumb Code    14  __printf_wp.o(i._is_digit)
    ceil                                     0x080096f5   Thumb Code   204  ceil.o(i.ceil)
    __aeabi_d2f                              0x080097d1   Thumb Code     0  d2f.o(x$fpl$d2f)
    _d2f                                     0x080097d1   Thumb Code    98  d2f.o(x$fpl$d2f)
    __aeabi_dadd                             0x08009835   Thumb Code     0  daddsub_clz.o(x$fpl$dadd)
    _dadd                                    0x08009835   Thumb Code   332  daddsub_clz.o(x$fpl$dadd)
    __fpl_dcheck_NaN1                        0x08009985   Thumb Code    10  dcheck1.o(x$fpl$dcheck1)
    __fpl_dcmp_Inf                           0x08009995   Thumb Code    24  dcmpi.o(x$fpl$dcmpinf)
    __aeabi_ddiv                             0x080099ad   Thumb Code     0  ddiv.o(x$fpl$ddiv)
    _ddiv                                    0x080099ad   Thumb Code   552  ddiv.o(x$fpl$ddiv)
    __aeabi_d2iz                             0x08009c5d   Thumb Code     0  dfix.o(x$fpl$dfix)
    _dfix                                    0x08009c5d   Thumb Code    94  dfix.o(x$fpl$dfix)
    __aeabi_i2d                              0x08009cbb   Thumb Code     0  dflt_clz.o(x$fpl$dflt)
    _dflt                                    0x08009cbb   Thumb Code    46  dflt_clz.o(x$fpl$dflt)
    __aeabi_l2d                              0x08009ce9   Thumb Code     0  dfltll_clz.o(x$fpl$dfltll)
    _ll_sto_d                                0x08009ce9   Thumb Code   162  dfltll_clz.o(x$fpl$dfltll)
    __aeabi_ui2d                             0x08009d8b   Thumb Code     0  dflt_clz.o(x$fpl$dfltu)
    _dfltu                                   0x08009d8b   Thumb Code    38  dflt_clz.o(x$fpl$dfltu)
    __aeabi_cdcmple                          0x08009db1   Thumb Code     0  dleqf.o(x$fpl$dleqf)
    _dcmple                                  0x08009db1   Thumb Code   120  dleqf.o(x$fpl$dleqf)
    __fpl_dcmple_InfNaN                      0x08009e13   Thumb Code     0  dleqf.o(x$fpl$dleqf)
    __aeabi_dmul                             0x08009e29   Thumb Code     0  dmul.o(x$fpl$dmul)
    _dmul                                    0x08009e29   Thumb Code   332  dmul.o(x$fpl$dmul)
    __fpl_dnaninf                            0x08009f7d   Thumb Code   156  dnaninf.o(x$fpl$dnaninf)
    __fpl_dretinf                            0x0800a019   Thumb Code    12  dretinf.o(x$fpl$dretinf)
    __aeabi_cdrcmple                         0x0800a025   Thumb Code     0  drleqf.o(x$fpl$drleqf)
    _drcmple                                 0x0800a025   Thumb Code   108  drleqf.o(x$fpl$drleqf)
    __aeabi_drsub                            0x0800a091   Thumb Code     0  daddsub_clz.o(x$fpl$drsb)
    _drsb                                    0x0800a091   Thumb Code    22  daddsub_clz.o(x$fpl$drsb)
    __aeabi_dsub                             0x0800a0a9   Thumb Code     0  daddsub_clz.o(x$fpl$dsub)
    _dsub                                    0x0800a0a9   Thumb Code   464  daddsub_clz.o(x$fpl$dsub)
    __aeabi_f2d                              0x0800a27d   Thumb Code     0  f2d.o(x$fpl$f2d)
    _f2d                                     0x0800a27d   Thumb Code    86  f2d.o(x$fpl$f2d)
    __aeabi_fadd                             0x0800a2d5   Thumb Code     0  faddsub_clz.o(x$fpl$fadd)
    _fadd                                    0x0800a2d5   Thumb Code   196  faddsub_clz.o(x$fpl$fadd)
    __fpl_fcheck_NaN1                        0x0800a399   Thumb Code     6  fcheck1.o(x$fpl$fcheck1)
    __aeabi_fdiv                             0x0800a3a5   Thumb Code     0  fdiv.o(x$fpl$fdiv)
    _fdiv                                    0x0800a3a5   Thumb Code   384  fdiv.o(x$fpl$fdiv)
    __aeabi_i2f                              0x0800a529   Thumb Code     0  fflt_clz.o(x$fpl$fflt)
    _fflt                                    0x0800a529   Thumb Code    48  fflt_clz.o(x$fpl$fflt)
    __aeabi_fmul                             0x0800a559   Thumb Code     0  fmul.o(x$fpl$fmul)
    _fmul                                    0x0800a559   Thumb Code   258  fmul.o(x$fpl$fmul)
    __fpl_fnaninf                            0x0800a65b   Thumb Code   140  fnaninf.o(x$fpl$fnaninf)
    __fpl_fretinf                            0x0800a6e7   Thumb Code    10  fretinf.o(x$fpl$fretinf)
    __aeabi_fsub                             0x0800a6f1   Thumb Code     0  faddsub_clz.o(x$fpl$fsub)
    _fsub                                    0x0800a6f1   Thumb Code   234  faddsub_clz.o(x$fpl$fsub)
    __aeabi_d2ulz                            0x0800a7dd   Thumb Code     0  dfixull.o(x$fpl$llufromd)
    _ll_ufrom_d                              0x0800a7dd   Thumb Code   120  dfixull.o(x$fpl$llufromd)
    __fpl_return_NaN                         0x0800a855   Thumb Code   100  retnan.o(x$fpl$retnan)
    __ARM_scalbn                             0x0800a8b9   Thumb Code    92  scalbn.o(x$fpl$scalbn)
    __ARM_scalbnf                            0x0800a915   Thumb Code    76  scalbnf.o(x$fpl$scalbnf)
    __fpl_cmpreturn                          0x0800a961   Thumb Code    48  trapv.o(x$fpl$trapveneer)
    __I$use$fp                               0x0800a990   Number         0  usenofp.o(x$fpl$usenofp)
    txSpectrumConfig                         0x0800a990   Data          96  instance_calib.o(.constdata)
    rfDelays                                 0x0800a9f0   Data           4  instance_calib.o(.constdata)
    rfDelaysTREK                             0x0800a9f4   Data           4  instance_calib.o(.constdata)
    chan_idx                                 0x0800a9f8   Data           8  deca_params_init.o(.constdata)
    tx_config                                0x0800aa00   Data          24  deca_params_init.o(.constdata)
    pll2_config                              0x0800aa18   Data          30  deca_params_init.o(.constdata)
    pll2calcfg                               0x0800aa36   Data           1  deca_params_init.o(.constdata)
    rx_config                                0x0800aa37   Data           2  deca_params_init.o(.constdata)
    agc_config                               0x0800aa3c   Data           8  deca_params_init.o(.constdata)
    dwnsSFDlen                               0x0800aa44   Data           3  deca_params_init.o(.constdata)
    sftsh                                    0x0800aa48   Data          12  deca_params_init.o(.constdata)
    dtune1                                   0x0800aa54   Data           4  deca_params_init.o(.constdata)
    digital_bb_config                        0x0800aa58   Data          32  deca_params_init.o(.constdata)
    lde_replicaCoeff                         0x0800aa78   Data          50  deca_params_init.o(.constdata)
    chan_idxnb                               0x0800aaaa   Data           8  deca_range_tables.o(.constdata)
    chan_idxwb                               0x0800aab2   Data           8  deca_range_tables.o(.constdata)
    range25cm16PRFnb                         0x0800aaba   Data         148  deca_range_tables.o(.constdata)
    range25cm16PRFwb                         0x0800ab4e   Data         136  deca_range_tables.o(.constdata)
    range25cm64PRFnb                         0x0800abd6   Data         104  deca_range_tables.o(.constdata)
    range25cm64PRFwb                         0x0800ac3e   Data         118  deca_range_tables.o(.constdata)
    Virtual_Com_Port_DeviceDescriptor        0x0800acb4   Data          18  usb_desc.o(.constdata)
    Virtual_Com_Port_ConfigDescriptor        0x0800acc6   Data          67  usb_desc.o(.constdata)
    Virtual_Com_Port_StringLangID            0x0800ad09   Data           4  usb_desc.o(.constdata)
    Virtual_Com_Port_StringVendor            0x0800ad0d   Data          24  usb_desc.o(.constdata)
    Virtual_Com_Port_StringProduct           0x0800ad25   Data          38  usb_desc.o(.constdata)
    Region$$Table$$Base                      0x0800af24   Number         0  anon$$obj.o(Region$$Table)
    Region$$Table$$Limit                     0x0800af44   Number         0  anon$$obj.o(Region$$Table)
    TimeSlot_Number_S                        0x20000000   Data           2  instance.o(.data)
    TimeSlot_Number_R                        0x20000002   Data           2  instance.o(.data)
    status_idx                               0x20000004   Data           4  deca_device.o(.data)
    buff_version                             0x20000008   Data          19  device_info.o(.data)
    s1switch                                 0x2000001c   Data           1  main.o(.data)
    sendTWRRawReports                        0x2000001d   Data           1  main.o(.data)
    instance_anchaddr                        0x20000020   Data           4  main.o(.data)
    dr_mode                                  0x20000024   Data           4  main.o(.data)
    instance_mode                            0x20000028   Data           4  main.o(.data)
    pauseTWRReports                          0x2000002c   Data           4  main.o(.data)
    chan                                     0x20000030   Data           4  main.o(.data)
    chConfig                                 0x20000034   Data          40  main.o(.data)
    sfConfig                                 0x2000005c   Data          40  main.o(.data)
    time32_incr                              0x20000084   Data           4  stm32f10x_it.o(.data)
    EXTI_InitStructure                       0x20000088   Data           8  hw_config.o(.data)
    Virtual_Com_Port_StringSerial            0x20000090   Data          38  usb_desc.o(.data)
    bIntPackSOF                              0x200000c0   Data           1  usb_istr.o(.data)
    wIstr                                    0x200000c2   Data           2  usb_istr.o(.data)
    esof_counter                             0x200000c4   Data           4  usb_istr.o(.data)
    wCNTR                                    0x200000c8   Data           4  usb_istr.o(.data)
    pEpInt_IN                                0x200000cc   Data          28  usb_istr.o(.data)
    pEpInt_OUT                               0x200000e8   Data          28  usb_istr.o(.data)
    Request                                  0x20000104   Data           1  usb_prop.o(.data)
    linecoding                               0x20000108   Data           8  usb_prop.o(.data)
    Device_Descriptor                        0x20000110   Data           8  usb_prop.o(.data)
    Config_Descriptor                        0x20000118   Data           8  usb_prop.o(.data)
    Device_Property                          0x20000120   Data          48  usb_prop.o(.data)
    String_Descriptor                        0x20000150   Data          32  usb_prop.o(.data)
    Device_Table                             0x20000170   Data           2  usb_prop.o(.data)
    User_Standard_Requests                   0x20000174   Data          36  usb_prop.o(.data)
    bDeviceState                             0x20000198   Data           4  usb_pwr.o(.data)
    fSuspendEnabled                          0x2000019c   Data           1  usb_pwr.o(.data)
    ResumeS                                  0x200001a0   Data           2  usb_pwr.o(.data)
    remotewakeupon                           0x200001a4   Data           4  usb_pwr.o(.data)
    Data_Mul_MaxPacketSize                   0x200001a8   Data           1  usb_core.o(.data)
    StatusInfo                               0x200001aa   Data           2  usb_core.o(.data)
    EPindex                                  0x200001ac   Data           1  usb_init.o(.data)
    pInformation                             0x200001b0   Data           4  usb_init.o(.data)
    pProperty                                0x200001b4   Data           4  usb_init.o(.data)
    pUser_Standard_Requests                  0x200001b8   Data           4  usb_init.o(.data)
    wInterrupt_Mask                          0x200001bc   Data           2  usb_init.o(.data)
    SaveRState                               0x200001be   Data           2  usb_int.o(.data)
    SaveTState                               0x200001c0   Data           2  usb_int.o(.data)
    len                                      0x200001c6   Data           1  usart.o(.data)
    USART_RX_STA                             0x200001c8   Data           2  usart.o(.data)
    DMA1_MEM_LEN                             0x200001ca   Data           2  dma.o(.data)
    SystemCoreClock                          0x200001e0   Data           4  system_stm32f10x.o(.data)
    AHBPrescTable                            0x200001e4   Data          16  system_stm32f10x.o(.data)
    inst_tdist                               0x200001f8   Data          64  instance_common.o(.bss)
    inst_idist                               0x20000238   Data          32  instance_common.o(.bss)
    inst_idistraw                            0x20000258   Data          32  instance_common.o(.bss)
    instance_data                            0x20000278   Data        1800  instance_common.o(.bss)
    dw_event_g                               0x20000980   Data         160  instance_common.o(.bss)
    last_status                              0x20000ab0   Data          40  deca_device.o(.bss)
    buff_sn                                  0x20000ad8   Data          41  device_info.o(.bss)
    sys_para                                 0x20000b02   Data          22  device_info.o(.bss)
    FLAH_BUFF0                               0x20000b18   Data          32  device_info.o(.bss)
    SendBuff                                 0x20000b38   Data         130  main.o(.bss)
    DMA_USART_Buff                           0x20000bba   Data         130  main.o(.bss)
    USB_RxBuff                               0x20000c3c   Data          30  main.o(.bss)
    STMFLASH_BUF                             0x20000c5a   Data        1024  stmflash.o(.bss)
    EP                                       0x20001afc   Data          32  usb_pwr.o(.bss)
    Device_Info                              0x20001b1c   Data          28  usb_init.o(.bss)
    USART_RX_BUF                             0x20001b38   Data         200  usart.o(.bss)
    DMA_InitStructure                        0x20001c00   Data          44  dma.o(.bss)
    __libspace_start                         0x20001c2c   Data          96  libspace.o(.bss)
    __temporary_stack_top$libspace           0x20001c8c   Data           0  libspace.o(.bss)



==============================================================================

Memory Map of the image

  Image Entry point : 0x080000ed

  Load Region LR_IROM1 (Base: 0x08000000, Size: 0x0000b138, Max: 0x00010000, ABSOLUTE, COMPRESSED[0x0000b034])

    Execution Region ER_IROM1 (Base: 0x08000000, Size: 0x0000af44, Max: 0x00010000, ABSOLUTE)

    Base Addr    Size         Type   Attr      Idx    E Section Name        Object

    0x08000000   0x000000ec   Data   RO          957    RESET               startup_stm32f10x_md.o
    0x080000ec   0x00000008   Code   RO         1051  * !!!main             c_w.l(__main.o)
    0x080000f4   0x00000034   Code   RO         1302    !!!scatter          c_w.l(__scatter.o)
    0x08000128   0x0000005a   Code   RO         1300    !!dczerorl2         c_w.l(__dczerorl2.o)
    0x08000182   0x00000002   PAD
    0x08000184   0x0000001c   Code   RO         1304    !!handler_zi        c_w.l(__scatter_zi.o)
    0x080001a0   0x00000000   Code   RO         1040    .ARM.Collect$$_printf_percent$$00000000  c_w.l(_printf_percent.o)
    0x080001a0   0x00000006   Code   RO         1039    .ARM.Collect$$_printf_percent$$00000009  c_w.l(_printf_d.o)
    0x080001a6   0x00000006   Code   RO         1038    .ARM.Collect$$_printf_percent$$0000000C  c_w.l(_printf_x.o)
    0x080001ac   0x00000006   Code   RO         1037    .ARM.Collect$$_printf_percent$$00000013  c_w.l(_printf_c.o)
    0x080001b2   0x00000004   Code   RO         1128    .ARM.Collect$$_printf_percent$$00000017  c_w.l(_printf_percent_end.o)
    0x080001b6   0x00000002   Code   RO         1172    .ARM.Collect$$libinit$$00000000  c_w.l(libinit.o)
    0x080001b8   0x00000000   Code   RO         1181    .ARM.Collect$$libinit$$00000002  c_w.l(libinit2.o)
    0x080001b8   0x00000000   Code   RO         1183    .ARM.Collect$$libinit$$00000004  c_w.l(libinit2.o)
    0x080001b8   0x00000000   Code   RO         1186    .ARM.Collect$$libinit$$0000000A  c_w.l(libinit2.o)
    0x080001b8   0x00000000   Code   RO         1188    .ARM.Collect$$libinit$$0000000C  c_w.l(libinit2.o)
    0x080001b8   0x00000000   Code   RO         1190    .ARM.Collect$$libinit$$0000000E  c_w.l(libinit2.o)
    0x080001b8   0x00000000   Code   RO         1193    .ARM.Collect$$libinit$$00000011  c_w.l(libinit2.o)
    0x080001b8   0x00000000   Code   RO         1195    .ARM.Collect$$libinit$$00000013  c_w.l(libinit2.o)
    0x080001b8   0x00000000   Code   RO         1197    .ARM.Collect$$libinit$$00000015  c_w.l(libinit2.o)
    0x080001b8   0x00000000   Code   RO         1199    .ARM.Collect$$libinit$$00000017  c_w.l(libinit2.o)
    0x080001b8   0x00000000   Code   RO         1201    .ARM.Collect$$libinit$$00000019  c_w.l(libinit2.o)
    0x080001b8   0x00000000   Code   RO         1203    .ARM.Collect$$libinit$$0000001B  c_w.l(libinit2.o)
    0x080001b8   0x00000000   Code   RO         1205    .ARM.Collect$$libinit$$0000001D  c_w.l(libinit2.o)
    0x080001b8   0x00000000   Code   RO         1207    .ARM.Collect$$libinit$$0000001F  c_w.l(libinit2.o)
    0x080001b8   0x00000000   Code   RO         1209    .ARM.Collect$$libinit$$00000021  c_w.l(libinit2.o)
    0x080001b8   0x00000000   Code   RO         1211    .ARM.Collect$$libinit$$00000023  c_w.l(libinit2.o)
    0x080001b8   0x00000000   Code   RO         1213    .ARM.Collect$$libinit$$00000025  c_w.l(libinit2.o)
    0x080001b8   0x00000000   Code   RO         1217    .ARM.Collect$$libinit$$0000002C  c_w.l(libinit2.o)
    0x080001b8   0x00000000   Code   RO         1219    .ARM.Collect$$libinit$$0000002E  c_w.l(libinit2.o)
    0x080001b8   0x00000000   Code   RO         1221    .ARM.Collect$$libinit$$00000030  c_w.l(libinit2.o)
    0x080001b8   0x00000000   Code   RO         1223    .ARM.Collect$$libinit$$00000032  c_w.l(libinit2.o)
    0x080001b8   0x00000002   Code   RO         1224    .ARM.Collect$$libinit$$00000033  c_w.l(libinit2.o)
    0x080001ba   0x00000002   Code   RO         1242    .ARM.Collect$$libshutdown$$00000000  c_w.l(libshutdown.o)
    0x080001bc   0x00000000   Code   RO         1252    .ARM.Collect$$libshutdown$$00000002  c_w.l(libshutdown2.o)
    0x080001bc   0x00000000   Code   RO         1254    .ARM.Collect$$libshutdown$$00000004  c_w.l(libshutdown2.o)
    0x080001bc   0x00000000   Code   RO         1257    .ARM.Collect$$libshutdown$$00000007  c_w.l(libshutdown2.o)
    0x080001bc   0x00000000   Code   RO         1260    .ARM.Collect$$libshutdown$$0000000A  c_w.l(libshutdown2.o)
    0x080001bc   0x00000000   Code   RO         1262    .ARM.Collect$$libshutdown$$0000000C  c_w.l(libshutdown2.o)
    0x080001bc   0x00000000   Code   RO         1265    .ARM.Collect$$libshutdown$$0000000F  c_w.l(libshutdown2.o)
    0x080001bc   0x00000002   Code   RO         1266    .ARM.Collect$$libshutdown$$00000010  c_w.l(libshutdown2.o)
    0x080001be   0x00000000   Code   RO         1119    .ARM.Collect$$rtentry$$00000000  c_w.l(__rtentry.o)
    0x080001be   0x00000000   Code   RO         1145    .ARM.Collect$$rtentry$$00000002  c_w.l(__rtentry2.o)
    0x080001be   0x00000006   Code   RO         1157    .ARM.Collect$$rtentry$$00000004  c_w.l(__rtentry4.o)
    0x080001c4   0x00000000   Code   RO         1147    .ARM.Collect$$rtentry$$00000009  c_w.l(__rtentry2.o)
    0x080001c4   0x00000004   Code   RO         1148    .ARM.Collect$$rtentry$$0000000A  c_w.l(__rtentry2.o)
    0x080001c8   0x00000000   Code   RO         1150    .ARM.Collect$$rtentry$$0000000C  c_w.l(__rtentry2.o)
    0x080001c8   0x00000008   Code   RO         1151    .ARM.Collect$$rtentry$$0000000D  c_w.l(__rtentry2.o)
    0x080001d0   0x00000002   Code   RO         1178    .ARM.Collect$$rtexit$$00000000  c_w.l(rtexit.o)
    0x080001d2   0x00000000   Code   RO         1226    .ARM.Collect$$rtexit$$00000002  c_w.l(rtexit2.o)
    0x080001d2   0x00000004   Code   RO         1227    .ARM.Collect$$rtexit$$00000003  c_w.l(rtexit2.o)
    0x080001d6   0x00000006   Code   RO         1228    .ARM.Collect$$rtexit$$00000004  c_w.l(rtexit2.o)
    0x080001dc   0x00000f48   Code   RO            1    .text               instance.o
    0x08001124   0x00000040   Code   RO          178    .text               instance_calib.o
    0x08001164   0x00001240   Code   RO          200    .text               instance_common.o
    0x080023a4   0x000018a8   Code   RO          223    .text               deca_device.o
    0x08003c4c   0x000000d8   Code   RO          277    .text               deca_range_tables.o
    0x08003d24   0x0000002c   Code   RO          296    .text               deca_mutex.o
    0x08003d50   0x000000e0   Code   RO          308    .text               deca_spi.o
    0x08003e30   0x00000134   Code   RO          320    .text               device_info.o
    0x08003f64   0x00000860   Code   RO          343    .text               main.o
    0x080047c4   0x00000060   Code   RO          386    .text               stm32f10x_it.o
    0x08004824   0x000000e0   Code   RO          430    .text               led.o
    0x08004904   0x0000040c   Code   RO          442    .text               port.o
    0x08004d10   0x00000118   Code   RO          459    .text               stmflash.o
    0x08004e28   0x00000c2a   Code   RO          474    .text               stm32f10x_tim.o
    0x08005a52   0x00000002   PAD
    0x08005a54   0x000001a0   Code   RO          486    .text               hw_config.o
    0x08005bf4   0x000000b0   Code   RO          566    .text               usb_endp.o
    0x08005ca4   0x00000164   Code   RO          584    .text               usb_istr.o
    0x08005e08   0x0000000c   Code   RO          604    .text               usb_it.o
    0x08005e14   0x00000200   Code   RO          616    .text               usb_prop.o
    0x08006014   0x000001c0   Code   RO          641    .text               usb_pwr.o
    0x080061d4   0x00000858   Code   RO          662    .text               usb_core.o
    0x08006a2c   0x00000028   Code   RO          677    .text               usb_init.o
    0x08006a54   0x00000224   Code   RO          703    .text               usb_int.o
    0x08006c78   0x00000048   Code   RO          727    .text               usb_mem.o
    0x08006cc0   0x000006f8   Code   RO          739    .text               usb_regs.o
    0x080073b8   0x0000006c   Code   RO          751    .text               usb_sil.o
    0x08007424   0x000000ac   Code   RO          763    .text               delay.o
    0x080074d0   0x000001d8   Code   RO          794    .text               usart.o
    0x080076a8   0x00000078   Code   RO          823    .text               dma.o
    0x08007720   0x00000422   Code   RO          839    .text               queue.o
    0x08007b42   0x00000002   PAD
    0x08007b44   0x000000b8   Code   RO          857    .text               misc.o
    0x08007bfc   0x000001e8   Code   RO          869    .text               stm32f10x_dma.o
    0x08007de4   0x000000ec   Code   RO          881    .text               stm32f10x_exti.o
    0x08007ed0   0x000004a4   Code   RO          893    .text               stm32f10x_flash.o
    0x08008374   0x00000298   Code   RO          905    .text               stm32f10x_gpio.o
    0x0800860c   0x000002f4   Code   RO          917    .text               stm32f10x_rcc.o
    0x08008900   0x000002b4   Code   RO          931    .text               stm32f10x_spi.o
    0x08008bb4   0x0000039c   Code   RO          943    .text               stm32f10x_usart.o
    0x08008f50   0x00000040   Code   RO          958    .text               startup_stm32f10x_md.o
    0x08008f90   0x00000174   Code   RO          962    .text               system_stm32f10x.o
    0x08009104   0x00000002   Code   RO          982    .text               c_w.l(use_no_semi_2.o)
    0x08009106   0x00000002   PAD
    0x08009108   0x0000002c   Code   RO          984    .text               c_w.l(__2sprintf.o)
    0x08009134   0x0000004e   Code   RO          990    .text               c_w.l(_printf_pad.o)
    0x08009182   0x00000052   Code   RO          992    .text               c_w.l(_printf_str.o)
    0x080091d4   0x00000078   Code   RO          994    .text               c_w.l(_printf_dec.o)
    0x0800924c   0x00000058   Code   RO          999    .text               c_w.l(_printf_hex_int.o)
    0x080092a4   0x00000138   Code   RO         1029    .text               c_w.l(__printf_flags_wp.o)
    0x080093dc   0x0000008a   Code   RO         1041    .text               c_w.l(rt_memcpy_v6.o)
    0x08009466   0x00000064   Code   RO         1043    .text               c_w.l(rt_memcpy_w.o)
    0x080094ca   0x00000044   Code   RO         1045    .text               c_w.l(rt_memclr.o)
    0x0800950e   0x0000004e   Code   RO         1047    .text               c_w.l(rt_memclr_w.o)
    0x0800955c   0x00000006   Code   RO         1049    .text               c_w.l(heapauxi.o)
    0x08009562   0x00000002   Code   RO         1117    .text               c_w.l(use_no_semi.o)
    0x08009564   0x000000b2   Code   RO         1120    .text               c_w.l(_printf_intcommon.o)
    0x08009616   0x00000002   PAD
    0x08009618   0x00000030   Code   RO         1122    .text               c_w.l(_printf_char_common.o)
    0x08009648   0x0000000a   Code   RO         1124    .text               c_w.l(_sputc.o)
    0x08009652   0x0000002c   Code   RO         1126    .text               c_w.l(_printf_char.o)
    0x0800967e   0x0000004a   Code   RO         1163    .text               c_w.l(sys_stackheap_outer.o)
    0x080096c8   0x00000012   Code   RO         1165    .text               c_w.l(exit.o)
    0x080096da   0x00000002   PAD
    0x080096dc   0x00000008   Code   RO         1175    .text               c_w.l(libspace.o)
    0x080096e4   0x0000000e   Code   RO         1027    i._is_digit         c_w.l(__printf_wp.o)
    0x080096f2   0x00000002   PAD
    0x080096f4   0x000000dc   Code   RO         1114    i.ceil              m_ws.l(ceil.o)
    0x080097d0   0x00000062   Code   RO         1053    x$fpl$d2f           fz_ws.l(d2f.o)
    0x08009832   0x00000002   PAD
    0x08009834   0x00000150   Code   RO         1055    x$fpl$dadd          fz_ws.l(daddsub_clz.o)
    0x08009984   0x00000010   Code   RO         1129    x$fpl$dcheck1       fz_ws.l(dcheck1.o)
    0x08009994   0x00000018   Code   RO         1131    x$fpl$dcmpinf       fz_ws.l(dcmpi.o)
    0x080099ac   0x000002b0   Code   RO         1062    x$fpl$ddiv          fz_ws.l(ddiv.o)
    0x08009c5c   0x0000005e   Code   RO         1065    x$fpl$dfix          fz_ws.l(dfix.o)
    0x08009cba   0x0000002e   Code   RO         1074    x$fpl$dflt          fz_ws.l(dflt_clz.o)
    0x08009ce8   0x000000a2   Code   RO         1079    x$fpl$dfltll        fz_ws.l(dfltll_clz.o)
    0x08009d8a   0x00000026   Code   RO         1073    x$fpl$dfltu         fz_ws.l(dflt_clz.o)
    0x08009db0   0x00000078   Code   RO         1083    x$fpl$dleqf         fz_ws.l(dleqf.o)
    0x08009e28   0x00000154   Code   RO         1085    x$fpl$dmul          fz_ws.l(dmul.o)
    0x08009f7c   0x0000009c   Code   RO         1133    x$fpl$dnaninf       fz_ws.l(dnaninf.o)
    0x0800a018   0x0000000c   Code   RO         1135    x$fpl$dretinf       fz_ws.l(dretinf.o)
    0x0800a024   0x0000006c   Code   RO         1087    x$fpl$drleqf        fz_ws.l(drleqf.o)
    0x0800a090   0x00000016   Code   RO         1056    x$fpl$drsb          fz_ws.l(daddsub_clz.o)
    0x0800a0a6   0x00000002   PAD
    0x0800a0a8   0x000001d4   Code   RO         1057    x$fpl$dsub          fz_ws.l(daddsub_clz.o)
    0x0800a27c   0x00000056   Code   RO         1089    x$fpl$f2d           fz_ws.l(f2d.o)
    0x0800a2d2   0x00000002   PAD
    0x0800a2d4   0x000000c4   Code   RO         1091    x$fpl$fadd          fz_ws.l(faddsub_clz.o)
    0x0800a398   0x0000000c   Code   RO         1137    x$fpl$fcheck1       fz_ws.l(fcheck1.o)
    0x0800a3a4   0x00000184   Code   RO         1098    x$fpl$fdiv          fz_ws.l(fdiv.o)
    0x0800a528   0x00000030   Code   RO         1102    x$fpl$fflt          fz_ws.l(fflt_clz.o)
    0x0800a558   0x00000102   Code   RO         1107    x$fpl$fmul          fz_ws.l(fmul.o)
    0x0800a65a   0x0000008c   Code   RO         1139    x$fpl$fnaninf       fz_ws.l(fnaninf.o)
    0x0800a6e6   0x0000000a   Code   RO         1141    x$fpl$fretinf       fz_ws.l(fretinf.o)
    0x0800a6f0   0x000000ea   Code   RO         1093    x$fpl$fsub          fz_ws.l(faddsub_clz.o)
    0x0800a7da   0x00000002   PAD
    0x0800a7dc   0x00000078   Code   RO         1069    x$fpl$llufromd      fz_ws.l(dfixull.o)
    0x0800a854   0x00000064   Code   RO         1161    x$fpl$retnan        fz_ws.l(retnan.o)
    0x0800a8b8   0x0000005c   Code   RO         1109    x$fpl$scalbn        fz_ws.l(scalbn.o)
    0x0800a914   0x0000004c   Code   RO         1111    x$fpl$scalbnf       fz_ws.l(scalbnf.o)
    0x0800a960   0x00000030   Code   RO         1173    x$fpl$trapveneer    fz_ws.l(trapv.o)
    0x0800a990   0x00000000   Code   RO         1143    x$fpl$usenofp       fz_ws.l(usenofp.o)
    0x0800a990   0x00000060   Data   RO          179    .constdata          instance_calib.o
    0x0800a9f0   0x00000004   Data   RO          180    .constdata          instance_calib.o
    0x0800a9f4   0x00000004   Data   RO          181    .constdata          instance_calib.o
    0x0800a9f8   0x00000008   Data   RO          249    .constdata          deca_params_init.o
    0x0800aa00   0x00000018   Data   RO          250    .constdata          deca_params_init.o
    0x0800aa18   0x0000001e   Data   RO          251    .constdata          deca_params_init.o
    0x0800aa36   0x00000001   Data   RO          252    .constdata          deca_params_init.o
    0x0800aa37   0x00000002   Data   RO          253    .constdata          deca_params_init.o
    0x0800aa39   0x00000003   PAD
    0x0800aa3c   0x00000008   Data   RO          254    .constdata          deca_params_init.o
    0x0800aa44   0x00000003   Data   RO          255    .constdata          deca_params_init.o
    0x0800aa47   0x00000001   PAD
    0x0800aa48   0x0000000c   Data   RO          256    .constdata          deca_params_init.o
    0x0800aa54   0x00000004   Data   RO          257    .constdata          deca_params_init.o
    0x0800aa58   0x00000020   Data   RO          258    .constdata          deca_params_init.o
    0x0800aa78   0x00000032   Data   RO          259    .constdata          deca_params_init.o
    0x0800aaaa   0x0000020a   Data   RO          278    .constdata          deca_range_tables.o
    0x0800acb4   0x00000012   Data   RO          549    .constdata          usb_desc.o
    0x0800acc6   0x00000043   Data   RO          550    .constdata          usb_desc.o
    0x0800ad09   0x00000004   Data   RO          551    .constdata          usb_desc.o
    0x0800ad0d   0x00000018   Data   RO          552    .constdata          usb_desc.o
    0x0800ad25   0x00000026   Data   RO          553    .constdata          usb_desc.o
    0x0800ad4b   0x00000028   Data   RO         1000    .constdata          c_w.l(_printf_hex_int.o)
    0x0800ad73   0x00000011   Data   RO         1030    .constdata          c_w.l(__printf_flags_wp.o)
    0x0800ad84   0x0000007f   Data   RO          182    .conststring        instance_calib.o
    0x0800ae03   0x00000001   PAD
    0x0800ae04   0x0000011d   Data   RO          346    .conststring        main.o
    0x0800af21   0x00000003   PAD
    0x0800af24   0x00000020   Data   RO         1298    Region$$Table       anon$$obj.o


    Execution Region RW_IRAM1 (Base: 0x20000000, Size: 0x00002290, Max: 0x00005000, ABSOLUTE, COMPRESSED[0x000000f0])

    Base Addr    Size         Type   Attr      Idx    E Section Name        Object

    0x20000000   0x00000002   Data   RW            2    .data               instance.o
    0x20000002   0x00000002   Data   RW            3    .data               instance.o
    0x20000004   0x00000004   Data   RW          225    .data               deca_device.o
    0x20000008   0x00000013   Data   RW          322    .data               device_info.o
    0x2000001b   0x00000001   PAD
    0x2000001c   0x00000068   Data   RW          347    .data               main.o
    0x20000084   0x00000004   Data   RW          387    .data               stm32f10x_it.o
    0x20000088   0x00000008   Data   RW          490    .data               hw_config.o
    0x20000090   0x00000026   Data   RW          554    .data               usb_desc.o
    0x200000b6   0x00000002   PAD
    0x200000b8   0x00000008   Data   RW          568    .data               usb_endp.o
    0x200000c0   0x0000000c   Data   RW          585    .data               usb_istr.o
    0x200000cc   0x0000001c   Data   RW          586    .data               usb_istr.o
    0x200000e8   0x0000001c   Data   RW          587    .data               usb_istr.o
    0x20000104   0x0000006c   Data   RW          617    .data               usb_prop.o
    0x20000170   0x00000002   Data   RW          618    .data               usb_prop.o
    0x20000172   0x00000002   PAD
    0x20000174   0x00000024   Data   RW          619    .data               usb_prop.o
    0x20000198   0x00000004   Data   RW          643    .data               usb_pwr.o
    0x2000019c   0x00000001   Data   RW          644    .data               usb_pwr.o
    0x2000019d   0x00000003   PAD
    0x200001a0   0x00000008   Data   RW          645    .data               usb_pwr.o
    0x200001a8   0x00000004   Data   RW          663    .data               usb_core.o
    0x200001ac   0x00000001   Data   RW          679    .data               usb_init.o
    0x200001ad   0x00000003   PAD
    0x200001b0   0x0000000c   Data   RW          680    .data               usb_init.o
    0x200001bc   0x00000002   Data   RW          682    .data               usb_init.o
    0x200001be   0x00000004   Data   RW          704    .data               usb_int.o
    0x200001c2   0x00000004   Data   RW          764    .data               delay.o
    0x200001c6   0x00000004   Data   RW          797    .data               usart.o
    0x200001ca   0x00000002   Data   RW          825    .data               dma.o
    0x200001cc   0x00000014   Data   RW          918    .data               stm32f10x_rcc.o
    0x200001e0   0x00000014   Data   RW          963    .data               system_stm32f10x.o
    0x200001f4   0x00000004   PAD
    0x200001f8   0x00000828   Zero   RW          201    .bss                instance_common.o
    0x20000a20   0x000000b8   Zero   RW          224    .bss                deca_device.o
    0x20000ad8   0x00000060   Zero   RW          321    .bss                device_info.o
    0x20000b38   0x00000122   Zero   RW          344    .bss                main.o
    0x20000c5a   0x00000400   Zero   RW          460    .bss                stmflash.o
    0x2000105a   0x00000002   PAD
    0x2000105c   0x00000a20   Zero   RW          487    .bss                hw_config.o
    0x20001a7c   0x00000080   Zero   RW          567    .bss                usb_endp.o
    0x20001afc   0x00000020   Zero   RW          642    .bss                usb_pwr.o
    0x20001b1c   0x0000001c   Zero   RW          678    .bss                usb_init.o
    0x20001b38   0x000000c8   Zero   RW          795    .bss                usart.o
    0x20001c00   0x0000002c   Zero   RW          824    .bss                dma.o
    0x20001c2c   0x00000060   Zero   RW         1176    .bss                c_w.l(libspace.o)
    0x20001c8c   0x00000004   PAD
    0x20001c90   0x00000200   Zero   RW          956    HEAP                startup_stm32f10x_md.o
    0x20001e90   0x00000400   Zero   RW          955    STACK               startup_stm32f10x_md.o


==============================================================================

Image component sizes


      Code (inc. data)   RO Data    RW Data    ZI Data      Debug   Object Name

      6312        124          0          4        184      29358   deca_device.o
        44          6          0          0          0        815   deca_mutex.o
         0          0        174          0          0       1880   deca_params_init.o
       216         16        522          0          0       2363   deca_range_tables.o
       224          8          0          0          0       2204   deca_spi.o
       172         12          0          4          0       1237   delay.o
       308         44          0         19         96       3154   device_info.o
       120         12          0          2         44       1453   dma.o
       416         32          0          8       2592      17081   hw_config.o
      3912        152          0          4          0     296090   instance.o
        64          6        231          0          0       8325   instance_calib.o
      4672        114          0          0       2088      38498   instance_common.o
       224         26          0          0          0        884   led.o
      2144        406        285        104        290      28648   main.o
       184         12          0          0          0       2029   misc.o
      1036         42          0          0          0      19651   port.o
      1058          0          0          0          0       9791   queue.o
        64         26        236          0       1536        876   startup_stm32f10x_md.o
       488         10          0          0          0       4890   stm32f10x_dma.o
       236         10          0          0          0       2515   stm32f10x_exti.o
      1188         22          0          0          0       9162   stm32f10x_flash.o
       664         36          0          0          0       6309   stm32f10x_gpio.o
        96          4          0          4          0       2102   stm32f10x_it.o
       756         32          0         20          0       9424   stm32f10x_rcc.o
       692         12          0          0          0       7242   stm32f10x_spi.o
      3114         84          0          0          0      25116   stm32f10x_tim.o
       924         20          0          0          0       9268   stm32f10x_usart.o
       280          6          0          0       1024       2730   stmflash.o
         0          0          0          0          0         32   sys.o
       372         34          0         20          0       1903   system_stm32f10x.o
       472         30          0          4        200      19194   usart.o
      2136         90          0          4          0       8703   usb_core.o
         0          0        151         38          0       1031   usb_desc.o
       176         12          0          8        128       1608   usb_endp.o
        40         18          0         15         28       3926   usb_init.o
       548         30          0          4          0       1919   usb_int.o
       356         26          0         68          0       1651   usb_istr.o
        12          0          0          0          0        546   usb_it.o
        72          4          0          0          0       1434   usb_mem.o
       512         20          0        146          0       7183   usb_prop.o
       448         36          0         13         32       3019   usb_pwr.o
      1784         26          0          0          0      11677   usb_regs.o
       108         10          0          0          0       1350   usb_sil.o

    ----------------------------------------------------------------------
     36648       1610       1639        500       8248     608271   Object Totals
         0          0         32          0          0          0   (incl. Generated)
         4          0          8         11          6          0   (incl. Padding)

    ----------------------------------------------------------------------

      Code (inc. data)   RO Data    RW Data    ZI Data      Debug   Library Member Name

        44          6          0          0          0         84   __2sprintf.o
        90          0          0          0          0          0   __dczerorl2.o
         8          0          0          0          0         68   __main.o
       312          4         17          0          0         92   __printf_flags_wp.o
        14          0          0          0          0         68   __printf_wp.o
         0          0          0          0          0          0   __rtentry.o
        12          0          0          0          0          0   __rtentry2.o
         6          0          0          0          0          0   __rtentry4.o
        52          8          0          0          0          0   __scatter.o
        28          0          0          0          0          0   __scatter_zi.o
         6          0          0          0          0          0   _printf_c.o
        44          0          0          0          0        108   _printf_char.o
        48          6          0          0          0         96   _printf_char_common.o
         6          0          0          0          0          0   _printf_d.o
       120         16          0          0          0         92   _printf_dec.o
        88          4         40          0          0         88   _printf_hex_int.o
       178          0          0          0          0         88   _printf_intcommon.o
        78          0          0          0          0        108   _printf_pad.o
         0          0          0          0          0          0   _printf_percent.o
         4          0          0          0          0          0   _printf_percent_end.o
        82          0          0          0          0         80   _printf_str.o
         6          0          0          0          0          0   _printf_x.o
        10          0          0          0          0         68   _sputc.o
        18          0          0          0          0         80   exit.o
         6          0          0          0          0        152   heapauxi.o
         2          0          0          0          0          0   libinit.o
         2          0          0          0          0          0   libinit2.o
         2          0          0          0          0          0   libshutdown.o
         2          0          0          0          0          0   libshutdown2.o
         8          4          0          0         96         68   libspace.o
        68          0          0          0          0         68   rt_memclr.o
        78          0          0          0          0         80   rt_memclr_w.o
       138          0          0          0          0         68   rt_memcpy_v6.o
       100          0          0          0          0         80   rt_memcpy_w.o
         2          0          0          0          0          0   rtexit.o
        10          0          0          0          0          0   rtexit2.o
        74          0          0          0          0         80   sys_stackheap_outer.o
         2          0          0          0          0         68   use_no_semi.o
         2          0          0          0          0         68   use_no_semi_2.o
        98          4          0          0          0         92   d2f.o
       826         16          0          0          0        348   daddsub_clz.o
        16          4          0          0          0         68   dcheck1.o
        24          0          0          0          0         68   dcmpi.o
       688        140          0          0          0        208   ddiv.o
        94          4          0          0          0         92   dfix.o
       120          4          0          0          0        104   dfixull.o
        84          0          0          0          0        136   dflt_clz.o
       162          0          0          0          0         84   dfltll_clz.o
       120          4          0          0          0         92   dleqf.o
       340         12          0          0          0        104   dmul.o
       156          4          0          0          0         92   dnaninf.o
        12          0          0          0          0         68   dretinf.o
       108          0          0          0          0         80   drleqf.o
        86          4          0          0          0         84   f2d.o
       430          8          0          0          0        168   faddsub_clz.o
        12          4          0          0          0         68   fcheck1.o
       388         76          0          0          0         96   fdiv.o
        48          0          0          0          0         68   fflt_clz.o
       258          4          0          0          0         84   fmul.o
       140          4          0          0          0         84   fnaninf.o
        10          0          0          0          0         68   fretinf.o
       100          0          0          0          0         68   retnan.o
        92          0          0          0          0         68   scalbn.o
        76          0          0          0          0         68   scalbnf.o
        48          0          0          0          0         68   trapv.o
         0          0          0          0          0          0   usenofp.o
       220         16          0          0          0         84   ceil.o

    ----------------------------------------------------------------------
      6524        356         57          0        100       4564   Library Totals
        18          0          0          0          4          0   (incl. Padding)

    ----------------------------------------------------------------------

      Code (inc. data)   RO Data    RW Data    ZI Data      Debug   Library Name

      1750         48         57          0         96       1852   c_w.l
      4536        292          0          0          0       2628   fz_ws.l
       220         16          0          0          0         84   m_ws.l

    ----------------------------------------------------------------------
      6524        356         57          0        100       4564   Library Totals

    ----------------------------------------------------------------------

==============================================================================


      Code (inc. data)   RO Data    RW Data    ZI Data      Debug   

     43172       1966       1696        500       8348     605655   Grand Totals
     43172       1966       1696        240       8348     605655   ELF Image Totals (compressed)
     43172       1966       1696        240          0          0   ROM Totals

==============================================================================

    Total RO  Size (Code + RO Data)                44868 (  43.82kB)
    Total RW  Size (RW Data + ZI Data)              8848 (   8.64kB)
    Total ROM Size (Code + RO Data + RW Data)      45108 (  44.05kB)

==============================================================================

